Archive member included to satisfy reference by file (symbol)

/root/repo/DSCord/nflib/lib/libnflib.a(nf_2d.o)
                              main.o (NF_Set2D)
/root/repo/DSCord/nflib/lib/libnflib.a(nf_basic.o)
                              /root/repo/DSCord/nflib/lib/libnflib.a(nf_2d.o) (NF_Error)
/root/repo/DSCord/nflib/lib/libnflib.a(nf_sprite256.o)
                              main.o (NF_InitSpriteBuffers)
/root/repo/DSCord/nflib/lib/libnflib.a(nf_text.o)
                              main.o (NF_InitTextSys)
/root/repo/DSCord/nflib/lib/libnflib.a(nf_tiledbg.o)
                              main.o (NF_InitTiledBgBuffers)
/opt/devkitpro/libnds/lib/libfilesystem.a(nitrofs.o)
                              /root/repo/DSCord/nflib/lib/libnflib.a(nf_basic.o) (nitroFSInit)
/opt/devkitpro/libnds/lib/libfat.a(libfat.o)
                              /root/repo/DSCord/nflib/lib/libnflib.a(nf_basic.o) (fatInitDefault)
/opt/devkitpro/libnds/lib/libfat.a(disc.o)
                              /opt/devkitpro/libnds/lib/libfat.a(libfat.o) (_FAT_disc_interfaces)
/opt/devkitpro/libnds/lib/libfat.a(fatfile.o)
                              /opt/devkitpro/libnds/lib/libfat.a(libfat.o) (_FAT_open_r)
/opt/devkitpro/libnds/lib/libfat.a(cache.o)
                              /opt/devkitpro/libnds/lib/libfat.a(fatfile.o) (_FAT_cache_readSectors)
/opt/devkitpro/libnds/lib/libfat.a(fatdir.o)
                              /opt/devkitpro/libnds/lib/libfat.a(libfat.o) (_FAT_stat_r)
/opt/devkitpro/libnds/lib/libfat.a(directory.o)
                              /opt/devkitpro/libnds/lib/libfat.a(fatfile.o) (_FAT_directory_entryGetCluster)
/opt/devkitpro/libnds/lib/libfat.a(partition.o)
                              /opt/devkitpro/libnds/lib/libfat.a(libfat.o) (_FAT_partition_destructor)
/opt/devkitpro/libnds/lib/libfat.a(lock.o)
                              /opt/devkitpro/libnds/lib/libfat.a(partition.o) (_FAT_lock_init)
/opt/devkitpro/libnds/lib/libfat.a(filetime.o)
                              /opt/devkitpro/libnds/lib/libfat.a(fatfile.o) (_FAT_filetime_getTimeFromRTC)
/opt/devkitpro/libnds/lib/libfat.a(file_allocation_table.o)
                              /opt/devkitpro/libnds/lib/libfat.a(fatfile.o) (_FAT_fat_nextCluster)
/opt/devkitpro/libnds/lib/libnds9.a(video.o)
                              main.o (vramSetPrimaryBanks)
/opt/devkitpro/libnds/lib/libnds9.a(console.o)
                              /root/repo/DSCord/nflib/lib/libnflib.a(nf_basic.o) (consoleDemoInit)
/opt/devkitpro/libnds/lib/libnds9.a(keyboard.o)
                              main.o (keyboardUpdate)
/opt/devkitpro/libnds/lib/libnds9.a(sprite.o)
                              /root/repo/DSCord/nflib/lib/libnflib.a(nf_sprite256.o) (oamInit)
/opt/devkitpro/libnds/lib/libnds9.a(keys.o)
                              main.o (scanKeys)
/opt/devkitpro/libnds/lib/libnds9.a(dldi.o)
                              /opt/devkitpro/libnds/lib/libfat.a(disc.o) (dldiGetInternal)
/opt/devkitpro/libnds/lib/libnds9.a(initSystem.o)
                              /opt/devkitpro/devkitARM/bin/../lib/gcc/arm-none-eabi/11.2.0/../../../../arm-none-eabi/lib/thumb/ds_arm9_crt0.o (initSystem)
/opt/devkitpro/libnds/lib/libnds9.a(securearea.o)
                              /opt/devkitpro/devkitARM/bin/../lib/gcc/arm-none-eabi/11.2.0/../../../../arm-none-eabi/lib/thumb/ds_arm9_crt0.o (__secure_area__)
/opt/devkitpro/libnds/lib/libnds9.a(interrupts.o)
                              /opt/devkitpro/libnds/lib/libnds9.a(initSystem.o) (irqInit)
/opt/devkitpro/libnds/lib/libnds9.a(libnds_exit.arm.o)
                              /opt/devkitpro/devkitARM/bin/../lib/gcc/arm-none-eabi/11.2.0/../../../../arm-none-eabi/lib/thumb/ds_arm9_crt0.o (__libnds_exit)
/opt/devkitpro/libnds/lib/libnds9.a(card.o)
                              /opt/devkitpro/libnds/lib/libfilesystem.a(nitrofs.o) (cardParamCommand)
/opt/devkitpro/libnds/lib/libnds9.a(fifosystem.o)
                              /opt/devkitpro/libnds/lib/libnds9.a(initSystem.o) (fifoSetValue32Handler)
/opt/devkitpro/libnds/lib/libnds9.a(dcache.o)
                              /root/repo/DSCord/nflib/lib/libnflib.a(nf_basic.o) (DC_FlushRange)
/opt/devkitpro/libnds/lib/libnds9.a(dldi_stub.o)
                              /opt/devkitpro/libnds/lib/libnds9.a(dldi.o) (_io_dldi_stub)
/opt/devkitpro/libnds/lib/libnds9.a(mpu_setup.o)
                              /opt/devkitpro/devkitARM/bin/../lib/gcc/arm-none-eabi/11.2.0/../../../../arm-none-eabi/lib/thumb/ds_arm9_crt0.o (__libnds_mpu_setup)
/opt/devkitpro/libnds/lib/libnds9.a(IntrWait.o)
                              main.o (swiWaitForVBlank)
/opt/devkitpro/libnds/lib/libnds9.a(cpu_clock.o)
                              /opt/devkitpro/libnds/lib/libnds9.a(initSystem.o) (setCpuClock)
/opt/devkitpro/libnds/lib/libnds9.a(interruptDispatcher.o)
                              /opt/devkitpro/libnds/lib/libnds9.a(interrupts.o) (IntrMain)
/opt/devkitpro/libnds/lib/libnds9.a(biosCalls.o)
[...]
Memory Configuration

Name             Origin             Length             Attributes
ewram            0x0000000002000000 0x0000000000380000
dtcm             0x0000000002ff0000 0x0000000000004000
vectors          0x0000000001000000 0x0000000000000100
itcm             0x0000000001000100 0x0000000000007f00
*default*        0x0000000000000000 0xffffffffffffffff

Linker script and memory map

                0x0000000002380000                __ewram_end = (ORIGIN (ewram) + LENGTH (ewram))
                0x0000000002380000                __eheap_end = (ORIGIN (ewram) + LENGTH (ewram))
                0x0000000002ff4000                __dtcm_top = (ORIGIN (dtcm) + LENGTH (dtcm))
                0x0000000002ff3ff8                __irq_flags = (__dtcm_top - 0x8)
                0x0000000002ff3ffc                __irq_vector = (__dtcm_top - 0x4)
                0x0000000002ff3f00                __sp_svc = (__dtcm_top - 0x100)
                0x0000000002ff3e00                __sp_irq = (__sp_svc - 0x100)
                0x0000000002ff3d00                __sp_usr = (__sp_irq - 0x100)

.secure         0x0000000002000000      0x800
 *(.secure)
 .secure        0x0000000002000000      0x800 /opt/devkitpro/libnds/lib/libnds9.a(securearea.o)
                0x0000000002000000                __secure_area__

.crt0           0x0000000002000800      0x300
                0x0000000002000800                __text_start = .
 *(.crt0)
 .crt0          0x0000000002000800      0x300 /opt/devkitpro/devkitARM/bin/../lib/gcc/arm-none-eabi/11.2.0/../../../../arm-none-eabi/lib/thumb/ds_arm9_crt0.o
                0x0000000002000800                _start
                0x0000000002000b00                . = ALIGN (0x4)

.plt
 *(.plt)

.init           0x0000000002000b00        0xc
 *(SORT_NONE(.init))
 .init          0x0000000002000b00        0x4 /opt/devkitpro/devkitARM/bin/../lib/gcc/arm-none-eabi/11.2.0/thumb/crti.o
                0x0000000002000b00                _init
 .init          0x0000000002000b04        0x8 /opt/devkitpro/devkitARM/bin/../lib/gcc/arm-none-eabi/11.2.0/thumb/crtn.o

.text           0x0000000002000b40    0x21068
 *(EXCLUDE_FILE(*.twl* *.vectors* *.itcm*) .text)
 .text          0x0000000002000b40      0x874 /root/repo/DSCord/nflib/lib/libnflib.a(nf_2d.o)
                0x0000000002000b40                NF_Set2D
                0x0000000002000ba8                NF_ShowBg
                0x0000000002000c24                NF_HideBg
                0x0000000002000cc8                NF_ScrollBg
                0x0000000002001018                NF_MoveSprite
                0x0000000002001038                NF_SpriteLayer
                0x0000000002001054                NF_ShowSprite
                0x0000000002001074                NF_HflipSprite
                0x0000000002001090                NF_GetSpriteHflip
                0x00000000020010ac                NF_VflipSprite
                0x00000000020010c8                NF_GetSpriteVflip
                0x00000000020010e4                NF_SpriteFrame
                0x00000000020011b4                NF_EnableSpriteRotScale
                0x0000000002001248                NF_DisableSpriteRotScale
                0x00000000020012bc                NF_SpriteRotScale
 .text          0x00000000020013b4      0x4a0 /root/repo/DSCord/nflib/lib/libnflib.a(nf_basic.o)
                0x00000000020013b4                NF_Error
                0x0000000002001660                NF_SetRootFolder
                0x00000000020017b8                NF_DmaMemCopy
                0x0000000002001844                NF_GetLanguage
 .text          0x0000000002001854     0x13b4 /root/repo/DSCord/nflib/lib/libnflib.a(nf_sprite256.o)
                0x0000000002001854                NF_InitSpriteBuffers
                0x00000000020018a0                NF_ResetSpriteBuffers
                0x00000000020018d4                NF_InitSpriteSys
                0x0000000002001ae4                NF_LoadSpriteGfx
                0x0000000002001bf4                NF_UnloadSpriteGfx
                0x0000000002001c64                NF_LoadSpritePal
                0x0000000002001d60                NF_UnloadSpritePal
                0x0000000002001db0                NF_VramSpriteGfx
                0x0000000002002108                NF_VramSpriteGfxDefrag
                0x000000000200230c                NF_FreeSpriteGfx
                0x000000000200240c                NF_VramSpritePal
                0x00000000020024e0                NF_CreateSprite
                0x0000000002002880                NF_DeleteSprite
                0x0000000002002920                NF_SpriteOamSet
                0x00000000020029f8                NF_SpriteSetPalColor
                0x0000000002002a90                NF_SpriteEditPalColor
                0x0000000002002b0c                NF_SpriteUpdatePalette
                0x0000000002002b9c                NF_SpriteGetPalColor
 .text          0x0000000002002c08      0x844 /root/repo/DSCord/nflib/lib/libnflib.a(nf_text.o)
                0x0000000002002c08                NF_InitTextSys
                0x0000000002002c3c                NF_LoadTextFont
                0x0000000002002e90                NF_UnloadTextFont
                0x0000000002002e98                NF_CreateTextLayer
                0x0000000002002f2c                NF_DeleteTextLayer
                0x0000000002002f84                NF_WriteText
                0x00000000020032dc                NF_UpdateTextLayers
                0x0000000002003324                NF_ClearTextLayer
                0x000000000200338c                NF_DefineTextColor
                0x0000000002003430                NF_SetTextColor
 .text          0x000000000200344c     0x19fc /root/repo/DSCord/nflib/lib/libnflib.a(nf_tiledbg.o)
                0x000000000200344c                NF_InitTiledBgBuffers
                0x00000000020034e8                NF_ResetTiledBgBuffers
                0x000000000200354c                NF_InitTiledBgSys
                0x000000000200367c                NF_LoadTiledBg
                0x00000000020038fc                NF_LoadTilesForBg
                0x0000000002003b78                NF_UnloadTiledBg
                0x0000000002003c30                NF_DeleteTiledBg
                0x0000000002003dd8                NF_CreateTiledBg
                0x0000000002004400                NF_GetTileMapAddress
                0x00000000020044bc                NF_GetTileOfMap
                0x00000000020044f4                NF_SetTileOfMap
                0x0000000002004538                NF_UpdateVramMap
                0x0000000002004658                NF_BgSetPalColor
                0x0000000002004708                NF_BgEditPalColor
                0x00000000020047ac                NF_BgUpdatePalette
                0x000000000200486c                NF_BgGetPalColor
                0x0000000002004904                NF_GetTilePal
                0x0000000002004938                NF_SetTilePal
                0x0000000002004980                NF_LoadExBgPal
                0x0000000002004a6c                NF_UnloadExBgPal
                0x0000000002004abc                NF_VramExBgPal
                0x0000000002004b70                NF_SetExBgPal
                0x0000000002004c30                NF_SetTileHflip
                0x0000000002004c6c                NF_SetTileVflip
                0x0000000002004ca8                NF_RotateTileGfx
 *fill*         0x0000000002004e48       0x38 ff
 .text          0x0000000002004e80     0x4000 /opt/devkitpro/libnds/lib/libnds9.a(dldi_stub.o)
                0x0000000002004e80                _io_dldi_stub
 .text          0x0000000002008e80      0x11c /opt/devkitpro/devkitARM/bin/../lib/gcc/arm-none-eabi/11.2.0/thumb/libgcc.a(_udivsi3.o)
                0x0000000002008e80                __udivsi3
                0x0000000002008e80                __aeabi_uidiv
                0x0000000002008f7c                __aeabi_uidivmod
 .text          0x0000000002008f9c      0x150 /opt/devkitpro/devkitARM/bin/../lib/gcc/arm-none-eabi/11.2.0/thumb/libgcc.a(_divsi3.o)
                0x0000000002008f9c                __aeabi_idiv
                0x0000000002008f9c                __divsi3
                0x00000000020090cc                __aeabi_idivmod
 .text          0x00000000020090ec        0x4 /opt/devkitpro/devkitARM/bin/../lib/gcc/arm-none-eabi/11.2.0/thumb/libgcc.a(_dvmd_tls.o)
                0x00000000020090ec                __aeabi_ldiv0
                0x00000000020090ec                __aeabi_idiv0
 .text          0x00000000020090f0       0xd4 /opt/devkitpro/devkitARM/bin/../lib/gcc/arm-none-eabi/11.2.0/thumb/libgcc.a(_aeabi_ldivmod.o)
                0x00000000020090f0                __aeabi_ldivmod
 .text          0x00000000020091c4      0x1d8 /opt/devkitpro/devkitARM/bin/../lib/gcc/arm-none-eabi/11.2.0/thumb/libgcc.a(libunwind.o)
                0x00000000020091c4                __restore_core_regs
                0x00000000020091c4                restore_core_regs
                0x00000000020091e0                __gnu_Unwind_Restore_VFP
                0x00000000020091e8                __gnu_Unwind_Save_VFP
                0x00000000020091f0                __gnu_Unwind_Restore_VFP_D
                0x00000000020091f8                __gnu_Unwind_Save_VFP_D
                0x0000000002009200                __gnu_Unwind_Restore_VFP_D_16_to_31
                0x0000000002009208                __gnu_Unwind_Save_VFP_D_16_to_31
                0x0000000002009210                __gnu_Unwind_Restore_WMMXD
                0x0000000002009254                __gnu_Unwind_Save_WMMXD
                0x0000000002009298                __gnu_Unwind_Restore_WMMXC
                0x00000000020092ac                __gnu_Unwind_Save_WMMXC
                0x00000000020092c0                ___Unwind_RaiseException
                0x00000000020092c0                _Unwind_RaiseException
                0x00000000020092ec                ___Unwind_Resume
                0x00000000020092ec                _Unwind_Resume
                0x0000000002009318                _Unwind_Resume_or_Rethrow
                0x0000000002009318                ___Unwind_Resume_or_Rethrow
                0x0000000002009344                ___Unwind_ForcedUnwind
                0x0000000002009344                _Unwind_ForcedUnwind
                0x0000000002009370                _Unwind_Backtrace
                0x0000000002009370                ___Unwind_Backtrace
 .text          0x000000000200939c       0x28 /opt/devkitpro/devkitARM/bin/../lib/gcc/arm-none-eabi/11.2.0/thumb/libgcc.a(_clzdi2.o)
                0x000000000200939c                __clzdi2
 .text          0x00000000020093c4       0x48 /opt/devkitpro/devkitARM/bin/../lib/gcc/arm-none-eabi/11.2.0/thumb/libgcc.a(_clzsi2.o)
                0x00000000020093c4                __clzsi2
 .text          0x000000000200940c      0x224 /opt/devkitpro/devkitARM/bin/../lib/gcc/arm-none-eabi/11.2.0/../../../../arm-none-eabi/lib/thumb/libg.a(lib_a-strcmp.o)
                0x000000000200940c                strcmp
 .text          0x0000000002009630       0x14 /opt/devkitpro/devkitARM/bin/../lib/gcc/arm-none-eabi/11.2.0/thumb/libgcc.a(_thumb1_case_uqi.o)
                0x0000000002009630                __gnu_thumb1_case_uqi
 .text          0x0000000002009644       0x14 /opt/devkitpro/devkitARM/bin/../lib/gcc/arm-none-eabi/11.2.0/thumb/libgcc.a(_thumb1_case_uhi.o)
                0x0000000002009644                __gnu_thumb1_case_uhi
 .text          0x0000000002009658      0x424 /opt/devkitpro/devkitARM/bin/../lib/gcc/arm-none-eabi/11.2.0/thumb/libgcc.a(_arm_addsubdf3.o)
                0x0000000002009658                __aeabi_drsub
                0x0000000002009660                __aeabi_dsub
                0x0000000002009660                __subdf3
                0x0000000002009664                __adddf3
                0x0000000002009664                __aeabi_dadd
                0x0000000002009974                __aeabi_ui2d
                0x0000000002009974                __floatunsidf
                0x0000000002009998                __floatsidf
                0x0000000002009998                __aeabi_i2d
                0x00000000020099c0                __extendsfdf2
                0x00000000020099c0                __aeabi_f2d
                0x0000000002009a08                __aeabi_ul2d
                0x0000000002009a08                __floatundidf
                0x0000000002009a1c                __floatdidf
                0x0000000002009a1c                __aeabi_l2d
 .text          0x0000000002009a7c      0x49c /opt/devkitpro/devkitARM/bin/../lib/gcc/arm-none-eabi/11.2.0/thumb/libgcc.a(_arm_muldivdf3.o)
                0x0000000002009a7c                __aeabi_dmul
                0x0000000002009a7c                __muldf3
                0x0000000002009d0c                __aeabi_ddiv
                0x0000000002009d0c                __divdf3
 .text          0x0000000002009f18      0x144 /opt/devkitpro/devkitARM/bin/../lib/gcc/arm-none-eabi/11.2.0/thumb/libgcc.a(_arm_cmpdf2.o)
                0x0000000002009f18                __gtdf2
                0x0000000002009f18                __gedf2
                0x0000000002009f20                __ltdf2
                0x0000000002009f20                __ledf2
                0x0000000002009f28                __cmpdf2
                0x0000000002009f28                __eqdf2
                0x0000000002009f28                __nedf2
                0x0000000002009fb0                __aeabi_cdrcmple
                0x0000000002009fcc                __aeabi_cdcmple
                0x0000000002009fcc                __aeabi_cdcmpeq
                0x0000000002009fe4                __aeabi_dcmpeq
                0x0000000002009ffc                __aeabi_dcmplt
                0x000000000200a014                __aeabi_dcmple
                0x000000000200a02c                __aeabi_dcmpge
                0x000000000200a044                __aeabi_dcmpgt
 .text          0x000000000200a05c       0x38 /opt/devkitpro/devkitARM/bin/../lib/gcc/arm-none-eabi/11.2.0/thumb/libgcc.a(_arm_unorddf2.o)
                0x000000000200a05c                __aeabi_dcmpun
                0x000000000200a05c                __unorddf2
 .text          0x000000000200a094       0x5c /opt/devkitpro/devkitARM/bin/../lib/gcc/arm-none-eabi/11.2.0/thumb/libgcc.a(_arm_fixdfsi.o)
                0x000000000200a094                __fixdfsi
                0x000000000200a094                __aeabi_d2iz
 .text          0x000000000200a0f0       0x3c /opt/devkitpro/devkitARM/bin/../lib/gcc/arm-none-eabi/11.2.0/thumb/libgcc.a(_aeabi_uldivmod.o)
                0x000000000200a0f0                __aeabi_uldivmod
 *(EXCLUDE_FILE(*.twl* *.vectors* *.itcm*) .stub)
 *(EXCLUDE_FILE(*.twl* *.vectors* *.itcm*) .text.*)
 .text.__do_global_dtors_aux
                0x000000000200a12c       0x2c /opt/devkitpro/devkitARM/bin/../lib/gcc/arm-none-eabi/11.2.0/thumb/crtbegin.o
 .text.frame_dummy
                0x000000000200a158       0x24 /opt/devkitpro/devkitARM/bin/../lib/gcc/arm-none-eabi/11.2.0/thumb/crtbegin.o
 .text.startup  0x000000000200a17c      0x3c4 main.o
                0x000000000200a17c                main
 .text._ZNSt7__cxx1112basic_stringIcSt11char_traitsIcESaIcEEC2IS3_EEPKcRKS3_
                0x000000000200a540       0x68 main.o
                0x000000000200a540                std::__cxx11::basic_string<char, std::char_traits<char>, std::allocator<char> >::basic_string<std::allocator<char> >(char const*, std::allocator<char> const&)
                0x000000000200a540                std::__cxx11::basic_string<char, std::char_traits<char>, std::allocator<char> >::basic_string<std::allocator<char> >(char const*, std::allocator<char> const&)
 .text.exit     0x000000000200a5a8       0x18 main.o
 .text.nitroFSDirClose
                0x000000000200a5c0        0x4 /opt/devkitpro/libnds/lib/libfilesystem.a(nitrofs.o)
 .text.nitroFSSeek
                0x000000000200a5c4       0x78 /opt/devkitpro/libnds/lib/libfilesystem.a(nitrofs.o)
 .text.nitroFSFstat
                0x000000000200a63c       0x10 /opt/devkitpro/libnds/lib/libfilesystem.a(nitrofs.o)
 .text.nitroSubReadBlock
                0x000000000200a64c       0x54 /opt/devkitpro/libnds/lib/libfilesystem.a(nitrofs.o)
 .text.nitroSubReadCard
                0x000000000200a6a0       0xb0 /opt/devkitpro/libnds/lib/libfilesystem.a(nitrofs.o)
 .text.nitroFSClose
                0x000000000200a750        0x4 /opt/devkitpro/libnds/lib/libfilesystem.a(nitrofs.o)
 .text.nitroDirReset
                0x000000000200a754       0x9c /opt/devkitpro/libnds/lib/libfilesystem.a(nitrofs.o)
 .text.nitroFSRead
                0x000000000200a7f0       0xbc /opt/devkitpro/libnds/lib/libfilesystem.a(nitrofs.o)
 .text.nitroFSDirNext
                0x000000000200a8ac      0x30c /opt/devkitpro/libnds/lib/libfilesystem.a(nitrofs.o)
 .text.nitroFSDirOpen
                0x000000000200abb8       0xe0 /opt/devkitpro/libnds/lib/libfilesystem.a(nitrofs.o)
 .text.nitroFSChdir
                0x000000000200ac98       0x30 /opt/devkitpro/libnds/lib/libfilesystem.a(nitrofs.o)
 .text.nitroFSOpen
                0x000000000200acc8       0xc4 /opt/devkitpro/libnds/lib/libfilesystem.a(nitrofs.o)
 .text.nitroFSstat
                0x000000000200ad8c       0x68 /opt/devkitpro/libnds/lib/libfilesystem.a(nitrofs.o)
 .text.nitroFSInit
                0x000000000200adf4      0x12c /opt/devkitpro/libnds/lib/libfilesystem.a(nitrofs.o)
                0x000000000200adf4                nitroFSInit
 .text.fatMount.part.0
                0x000000000200af20       0xa0 /opt/devkitpro/libnds/lib/libfat.a(libfat.o)
 .text.fatMount
                0x000000000200afc0       0x3c /opt/devkitpro/libnds/lib/libfat.a(libfat.o)
                0x000000000200afc0                fatMount
 .text.fatInit  0x000000000200affc      0x130 /opt/devkitpro/libnds/lib/libfat.a(libfat.o)
                0x000000000200affc                fatInit
 .text.fatInitDefault
                0x000000000200b12c        0xc /opt/devkitpro/libnds/lib/libfat.a(libfat.o)
                0x000000000200b12c                fatInitDefault
 .text._FAT_check_position_for_next_cluster.part.0
                0x000000000200b138       0x68 /opt/devkitpro/libnds/lib/libfat.a(fatfile.o)
 .text._FAT_syncToDisc.part.0
                0x000000000200b1a0       0xd4 /opt/devkitpro/libnds/lib/libfat.a(fatfile.o)
 .text._FAT_file_extend_r
                0x000000000200b274      0x208 /opt/devkitpro/libnds/lib/libfat.a(fatfile.o)
 .text._FAT_open_r
                0x000000000200b47c      0x2d4 /opt/devkitpro/libnds/lib/libfat.a(fatfile.o)
                0x000000000200b47c                _FAT_open_r
 .text._FAT_close_r
                0x000000000200b750       0x74 /opt/devkitpro/libnds/lib/libfat.a(fatfile.o)
                0x000000000200b750                _FAT_close_r
 .text._FAT_read_r
                0x000000000200b7c4      0x398 /opt/devkitpro/libnds/lib/libfat.a(fatfile.o)
                0x000000000200b7c4                _FAT_read_r
 .text._FAT_write_r
                0x000000000200bb5c      0x53c /opt/devkitpro/libnds/lib/libfat.a(fatfile.o)
                0x000000000200bb5c                _FAT_write_r
 .text._FAT_seek_r
                0x000000000200c098      0x194 /opt/devkitpro/libnds/lib/libfat.a(fatfile.o)
                0x000000000200c098                _FAT_seek_r
 .text._FAT_fstat_r
                0x000000000200c22c       0x8c /opt/devkitpro/libnds/lib/libfat.a(fatfile.o)
                0x000000000200c22c                _FAT_fstat_r
 .text._FAT_ftruncate_r
                0x000000000200c2b8      0x16c /opt/devkitpro/libnds/lib/libfat.a(fatfile.o)
                0x000000000200c2b8                _FAT_ftruncate_r
 .text._FAT_fsync_r
                0x000000000200c424       0x44 /opt/devkitpro/libnds/lib/libfat.a(fatfile.o)
                0x000000000200c424                _FAT_fsync_r
 .text._FAT_cache_getPage
                0x000000000200c468       0xf0 /opt/devkitpro/libnds/lib/libfat.a(cache.o)
 .text._FAT_cache_constructor
                0x000000000200c558       0x90 /opt/devkitpro/libnds/lib/libfat.a(cache.o)
                0x000000000200c558                _FAT_cache_constructor
 .text._FAT_cache_readSectors
                0x000000000200c5e8       0x60 /opt/devkitpro/libnds/lib/libfat.a(cache.o)
                0x000000000200c5e8                _FAT_cache_readSectors
 .text._FAT_cache_readPartialSector
                0x000000000200c648       0x3c /opt/devkitpro/libnds/lib/libfat.a(cache.o)
                0x000000000200c648                _FAT_cache_readPartialSector
 .text._FAT_cache_readLittleEndianValue
                0x000000000200c684       0x70 /opt/devkitpro/libnds/lib/libfat.a(cache.o)
                0x000000000200c684                _FAT_cache_readLittleEndianValue
 .text._FAT_cache_writePartialSector
                0x000000000200c6f4       0x4c /opt/devkitpro/libnds/lib/libfat.a(cache.o)
                0x000000000200c6f4                _FAT_cache_writePartialSector
 .text._FAT_cache_writeLittleEndianValue
                0x000000000200c740       0x8c /opt/devkitpro/libnds/lib/libfat.a(cache.o)
                0x000000000200c740                _FAT_cache_writeLittleEndianValue
 .text._FAT_cache_eraseWritePartialSector
                0x000000000200c7cc       0x60 /opt/devkitpro/libnds/lib/libfat.a(cache.o)
                0x000000000200c7cc                _FAT_cache_eraseWritePartialSector
 .text._FAT_cache_writeSectors
                0x000000000200c82c       0x80 /opt/devkitpro/libnds/lib/libfat.a(cache.o)
                0x000000000200c82c                _FAT_cache_writeSectors
 .text._FAT_cache_flush
                0x000000000200c8ac       0x40 /opt/devkitpro/libnds/lib/libfat.a(cache.o)
                0x000000000200c8ac                _FAT_cache_flush
 .text._FAT_stat_r
                0x000000000200c8ec       0x90 /opt/devkitpro/libnds/lib/libfat.a(fatdir.o)
                0x000000000200c8ec                _FAT_stat_r
 .text._FAT_link_r
                0x000000000200c97c        0xc /opt/devkitpro/libnds/lib/libfat.a(fatdir.o)
                0x000000000200c97c                _FAT_link_r
 .text._FAT_unlink_r
                0x000000000200c988      0x184 /opt/devkitpro/libnds/lib/libfat.a(fatdir.o)
                0x000000000200c988                _FAT_unlink_r
 .text._FAT_chdir_r
                0x000000000200cb0c       0x70 /opt/devkitpro/libnds/lib/libfat.a(fatdir.o)
                0x000000000200cb0c                _FAT_chdir_r
 .text._FAT_rename_r
                0x000000000200cb7c      0x1c4 /opt/devkitpro/libnds/lib/libfat.a(fatdir.o)
                0x000000000200cb7c                _FAT_rename_r
 .text._FAT_mkdir_r
                0x000000000200cd40      0x244 /opt/devkitpro/libnds/lib/libfat.a(fatdir.o)
                0x000000000200cd40                _FAT_mkdir_r
 .text._FAT_statvfs_r
                0x000000000200cf84       0x78 /opt/devkitpro/libnds/lib/libfat.a(fatdir.o)
                0x000000000200cf84                _FAT_statvfs_r
 .text._FAT_diropen_r
                0x000000000200cffc       0xb0 /opt/devkitpro/libnds/lib/libfat.a(fatdir.o)
                0x000000000200cffc                _FAT_diropen_r
 .text._FAT_dirreset_r
                0x000000000200d0ac       0x4c /opt/devkitpro/libnds/lib/libfat.a(fatdir.o)
                0x000000000200d0ac                _FAT_dirreset_r
 .text._FAT_dirnext_r
                0x000000000200d0f8       0x7c /opt/devkitpro/libnds/lib/libfat.a(fatdir.o)
                0x000000000200d0f8                _FAT_dirnext_r
 .text._FAT_dirclose_r
                0x000000000200d174       0x20 /opt/devkitpro/libnds/lib/libfat.a(fatdir.o)
                0x000000000200d174                _FAT_dirclose_r
 .text._FAT_directory_entryGetAlias
                0x000000000200d194       0xc8 /opt/devkitpro/libnds/lib/libfat.a(directory.o)
 .text._FAT_directory_incrementDirEntryPosition
                0x000000000200d25c       0x80 /opt/devkitpro/libnds/lib/libfat.a(directory.o)
 .text._FAT_directory_mbsncasecmp
                0x000000000200d2dc       0xa8 /opt/devkitpro/libnds/lib/libfat.a(directory.o)
 .text._FAT_directory_ucs2tombs.constprop.0
                0x000000000200d384       0x90 /opt/devkitpro/libnds/lib/libfat.a(directory.o)
 .text._FAT_directory_entryGetCluster
                0x000000000200d414       0x20 /opt/devkitpro/libnds/lib/libfat.a(directory.o)
                0x000000000200d414                _FAT_directory_entryGetCluster
 .text._FAT_directory_getNextEntry
                0x000000000200d434      0x23c /opt/devkitpro/libnds/lib/libfat.a(directory.o)
                0x000000000200d434                _FAT_directory_getNextEntry
 .text._FAT_directory_entryExists
                0x000000000200d670       0x80 /opt/devkitpro/libnds/lib/libfat.a(directory.o)
 .text._FAT_directory_getFirstEntry
                0x000000000200d6f0       0x20 /opt/devkitpro/libnds/lib/libfat.a(directory.o)
                0x000000000200d6f0                _FAT_directory_getFirstEntry
 .text._FAT_directory_getRootEntry
                0x000000000200d710       0x60 /opt/devkitpro/libnds/lib/libfat.a(directory.o)
                0x000000000200d710                _FAT_directory_getRootEntry
 .text._FAT_directory_entryFromPosition
                0x000000000200d770      0x150 /opt/devkitpro/libnds/lib/libfat.a(directory.o)
                0x000000000200d770                _FAT_directory_entryFromPosition
 .text._FAT_directory_entryFromPath
                0x000000000200d8c0      0x248 /opt/devkitpro/libnds/lib/libfat.a(directory.o)
                0x000000000200d8c0                _FAT_directory_entryFromPath
 .text._FAT_directory_removeEntry
                0x000000000200db08       0xd8 /opt/devkitpro/libnds/lib/libfat.a(directory.o)
                0x000000000200db08                _FAT_directory_removeEntry
 .text._FAT_directory_addEntry
                0x000000000200dbe0      0x808 /opt/devkitpro/libnds/lib/libfat.a(directory.o)
                0x000000000200dbe0                _FAT_directory_addEntry
 .text._FAT_directory_chdir
                0x000000000200e3e8       0x3c /opt/devkitpro/libnds/lib/libfat.a(directory.o)
                0x000000000200e3e8                _FAT_directory_chdir
 .text._FAT_directory_entryStat
                0x000000000200e424       0xe4 /opt/devkitpro/libnds/lib/libfat.a(directory.o)
                0x000000000200e424                _FAT_directory_entryStat
 .text.isValidMBR
                0x000000000200e508       0x5c /opt/devkitpro/libnds/lib/libfat.a(partition.o)
 .text._FAT_updateFS_INFO
                0x000000000200e564       0x54 /opt/devkitpro/libnds/lib/libfat.a(partition.o)
 .text.FindFirstValidPartition_buf.part.0
                0x000000000200e5b8      0x11c /opt/devkitpro/libnds/lib/libfat.a(partition.o)
 .text._FAT_partition_getPartitionFromPath
                0x000000000200e6d4       0x10 /opt/devkitpro/libnds/lib/libfat.a(partition.o)
                0x000000000200e6d4                _FAT_partition_getPartitionFromPath
 .text._FAT_partition_createFSinfo
                0x000000000200e6e4       0x50 /opt/devkitpro/libnds/lib/libfat.a(partition.o)
                0x000000000200e6e4                _FAT_partition_createFSinfo
 .text._FAT_partition_readFSinfo.part.0
                0x000000000200e734       0x74 /opt/devkitpro/libnds/lib/libfat.a(partition.o)
 .text._FAT_partition_constructor_buf
                0x000000000200e7a8      0x2e8 /opt/devkitpro/libnds/lib/libfat.a(partition.o)
                0x000000000200e7a8                _FAT_partition_constructor_buf
 .text._FAT_partition_constructor
                0x000000000200ea90       0x40 /opt/devkitpro/libnds/lib/libfat.a(partition.o)
                0x000000000200ea90                _FAT_partition_constructor
 .text._FAT_partition_readFSinfo
                0x000000000200ead0       0x10 /opt/devkitpro/libnds/lib/libfat.a(partition.o)
                0x000000000200ead0                _FAT_partition_readFSinfo
 .text._FAT_lock_init
                0x000000000200eae0        0x4 /opt/devkitpro/libnds/lib/libfat.a(lock.o)
                0x000000000200eae0                _FAT_lock_init
 .text._FAT_lock
                0x000000000200eae4        0x4 /opt/devkitpro/libnds/lib/libfat.a(lock.o)
                0x000000000200eae4                _FAT_lock
 .text._FAT_unlock
                0x000000000200eae8        0x4 /opt/devkitpro/libnds/lib/libfat.a(lock.o)
                0x000000000200eae8                _FAT_unlock
 .text._FAT_filetime_getTimeFromRTC
                0x000000000200eaec       0x44 /opt/devkitpro/libnds/lib/libfat.a(filetime.o)
                0x000000000200eaec                _FAT_filetime_getTimeFromRTC
 .text._FAT_filetime_getDateFromRTC
                0x000000000200eb30       0x44 /opt/devkitpro/libnds/lib/libfat.a(filetime.o)
                0x000000000200eb30                _FAT_filetime_getDateFromRTC
 .text._FAT_filetime_to_time_t
                0x000000000200eb74       0x38 /opt/devkitpro/libnds/lib/libfat.a(filetime.o)
                0x000000000200eb74                _FAT_filetime_to_time_t
 .text._FAT_fat_writeFatEntry.part.0.isra.0
                0x000000000200ebac      0x12c /opt/devkitpro/libnds/lib/libfat.a(file_allocation_table.o)
 .text._FAT_fat_nextCluster
                0x000000000200ecd8      0x108 /opt/devkitpro/libnds/lib/libfat.a(file_allocation_table.o)
                0x000000000200ecd8                _FAT_fat_nextCluster
 .text._FAT_fat_linkFreeCluster
                0x000000000200ede0       0xac /opt/devkitpro/libnds/lib/libfat.a(file_allocation_table.o)
                0x000000000200ede0                _FAT_fat_linkFreeCluster
 .text._FAT_fat_linkFreeClusterCleared
                0x000000000200ee8c       0x68 /opt/devkitpro/libnds/lib/libfat.a(file_allocation_table.o)
                0x000000000200ee8c                _FAT_fat_linkFreeClusterCleared
 .text._FAT_fat_clearLinks
                0x000000000200eef4       0x7c /opt/devkitpro/libnds/lib/libfat.a(file_allocation_table.o)
                0x000000000200eef4                _FAT_fat_clearLinks
 .text._FAT_fat_trimChain
                0x000000000200ef70       0x80 /opt/devkitpro/libnds/lib/libfat.a(file_allocation_table.o)
                0x000000000200ef70                _FAT_fat_trimChain
 .text._FAT_fat_lastCluster
                0x000000000200eff0       0x34 /opt/devkitpro/libnds/lib/libfat.a(file_allocation_table.o)
                0x000000000200eff0                _FAT_fat_lastCluster
 .text._FAT_fat_freeClusterCount
                0x000000000200f024       0x2c /opt/devkitpro/libnds/lib/libfat.a(file_allocation_table.o)
                0x000000000200f024                _FAT_fat_freeClusterCount
 .text.vramSetPrimaryBanks
                0x000000000200f050       0x44 /opt/devkitpro/libnds/lib/libnds9.a(video.o)
                0x000000000200f050                vramSetPrimaryBanks
 .text.setBrightness
                0x000000000200f094       0x40 /opt/devkitpro/libnds/lib/libnds9.a(video.o)
                0x000000000200f094                setBrightness
 .text.vramDefault
                0x000000000200f0d4       0xd0 /opt/devkitpro/libnds/lib/libnds9.a(video.o)
                0x000000000200f0d4                vramDefault
 .text.newRow   0x000000000200f1a4       0xa8 /opt/devkitpro/libnds/lib/libnds9.a(console.o)
 .text.consolePrintChar
                0x000000000200f24c       0xe0 /opt/devkitpro/libnds/lib/libnds9.a(console.o)
                0x000000000200f24c                consolePrintChar
 .text.con_write
                0x000000000200f32c      0x36c /opt/devkitpro/libnds/lib/libnds9.a(console.o)
                0x000000000200f32c                con_write
 .text.consoleLoadFont
                0x000000000200f698      0x2a0 /opt/devkitpro/libnds/lib/libnds9.a(console.o)
                0x000000000200f698                consoleLoadFont
 .text.consoleInit
                0x000000000200f938      0x18c /opt/devkitpro/libnds/lib/libnds9.a(console.o)
                0x000000000200f938                consoleInit
 .text.consoleDemoInit
                0x000000000200fac4       0x40 /opt/devkitpro/libnds/lib/libnds9.a(console.o)
                0x000000000200fac4                consoleDemoInit
 .text.consoleClear
                0x000000000200fb04       0x10 /opt/devkitpro/libnds/lib/libnds9.a(console.o)
                0x000000000200fb04                consoleClear
 .text.swapKeyGfx.part.0
                0x000000000200fb14      0x13c /opt/devkitpro/libnds/lib/libnds9.a(keyboard.o)
 .text.keyboardGetKey
                0x000000000200fc50       0x4c /opt/devkitpro/libnds/lib/libnds9.a(keyboard.o)
                0x000000000200fc50                keyboardGetKey
 .text.keyboardShiftState
                0x000000000200fc9c       0x90 /opt/devkitpro/libnds/lib/libnds9.a(keyboard.o)
                0x000000000200fc9c                keyboardShiftState
 .text.keyboardUpdate
                0x000000000200fd2c      0x134 /opt/devkitpro/libnds/lib/libnds9.a(keyboard.o)
                0x000000000200fd2c                keyboardUpdate
 .text.keyboardInit
                0x000000000200fe60      0x204 /opt/devkitpro/libnds/lib/libnds9.a(keyboard.o)
                0x000000000200fe60                keyboardInit
 .text.keyboardShow
                0x0000000002010064       0xd4 /opt/devkitpro/libnds/lib/libnds9.a(keyboard.o)
                0x0000000002010064                keyboardShow
 .text.keyboardHide
                0x0000000002010138       0x90 /opt/devkitpro/libnds/lib/libnds9.a(keyboard.o)
                0x0000000002010138                keyboardHide
 .text.keyboardRead
                0x00000000020101c8       0xbc /opt/devkitpro/libnds/lib/libnds9.a(keyboard.o)
                0x00000000020101c8                keyboardRead
 .text.oamInit  0x0000000002010284      0x114 /opt/devkitpro/libnds/lib/libnds9.a(sprite.o)
                0x0000000002010284                oamInit
 .text.oamGfxPtrToOffset
                0x0000000002010398       0x34 /opt/devkitpro/libnds/lib/libnds9.a(sprite.o)
                0x0000000002010398                oamGfxPtrToOffset
 .text.oamSet   0x00000000020103cc      0x104 /opt/devkitpro/libnds/lib/libnds9.a(sprite.o)
                0x00000000020103cc                oamSet
 .text.oamRotateScale
                0x00000000020104d0       0x4c /opt/devkitpro/libnds/lib/libnds9.a(sprite.o)
                0x00000000020104d0                oamRotateScale
 .text.scanKeys
                0x000000000201051c       0x8c /opt/devkitpro/libnds/lib/libnds9.a(keys.o)
                0x000000000201051c                scanKeys
 .text.keysDown
                0x00000000020105a8       0x14 /opt/devkitpro/libnds/lib/libnds9.a(keys.o)
                0x00000000020105a8                keysDown
 .text.keysCurrent
                0x00000000020105bc       0x38 /opt/devkitpro/libnds/lib/libnds9.a(keys.o)
                0x00000000020105bc                keysCurrent
 .text.dldiGetInternal
                0x00000000020105f4       0x34 /opt/devkitpro/libnds/lib/libnds9.a(dldi.o)
                0x00000000020105f4                dldiGetInternal
 .text.get_io_dsisd
                0x0000000002010628       0x24 /opt/devkitpro/libnds/lib/libnds9.a(dldi.o)
                0x0000000002010628                get_io_dsisd
 .text.__syscall_gettod_r
                0x000000000201064c       0x28 /opt/devkitpro/libnds/lib/libnds9.a(initSystem.o)
                0x000000000201064c                __syscall_gettod_r
 .text.__syscall_exit
                0x0000000002010674        0x8 /opt/devkitpro/libnds/lib/libnds9.a(initSystem.o)
                0x0000000002010674                __syscall_exit
 .text.initSystem
                0x000000000201067c      0x180 /opt/devkitpro/libnds/lib/libnds9.a(initSystem.o)
                0x000000000201067c                initSystem
 .text.irqDummy
                0x00000000020107fc        0x4 /opt/devkitpro/libnds/lib/libnds9.a(interrupts.o)
                0x00000000020107fc                irqDummy
 .text.irqSet   0x0000000002010800       0x6c /opt/devkitpro/libnds/lib/libnds9.a(interrupts.o)
                0x0000000002010800                irqSet
 .text.irqInit  0x000000000201086c       0x50 /opt/devkitpro/libnds/lib/libnds9.a(interrupts.o)
                0x000000000201086c                irqInit
 .text.irqEnable
                0x00000000020108bc       0x64 /opt/devkitpro/libnds/lib/libnds9.a(interrupts.o)
                0x00000000020108bc                irqEnable
 .text.systemErrorExit
                0x0000000002010920        0x4 /opt/devkitpro/libnds/lib/libnds9.a(libnds_exit.arm.o)
                0x0000000002010920                systemErrorExit
 .text.__libnds_exit
                0x0000000002010924       0x5c /opt/devkitpro/libnds/lib/libnds9.a(libnds_exit.arm.o)
                0x0000000002010924                __libnds_exit
 .text.cardPolledTransfer
                0x0000000002010980       0x54 /opt/devkitpro/libnds/lib/libnds9.a(card.o)
                0x0000000002010980                cardPolledTransfer
 .text.cardParamCommand
                0x00000000020109d4       0x34 /opt/devkitpro/libnds/lib/libnds9.a(card.o)
                0x00000000020109d4                cardParamCommand
 .text.fifo_queueBlock
                0x0000000002010a08       0x44 /opt/devkitpro/libnds/lib/libnds9.a(fifosystem.o)
 .text.fifo_waitBlock
                0x0000000002010a4c       0x80 /opt/devkitpro/libnds/lib/libnds9.a(fifosystem.o)
 .text.fifoInternalSend.part.0
                0x0000000002010acc       0xd4 /opt/devkitpro/libnds/lib/libnds9.a(fifosystem.o)
 .text.fifoInternalSendInterrupt
                0x0000000002010ba0       0xb0 /opt/devkitpro/libnds/lib/libnds9.a(fifosystem.o)
 .text.fifoSetValue32Handler
                0x0000000002010c50       0xd4 /opt/devkitpro/libnds/lib/libnds9.a(fifosystem.o)
                0x0000000002010c50                fifoSetValue32Handler
 .text.fifoSendValue32
                0x0000000002010d24       0x4c /opt/devkitpro/libnds/lib/libnds9.a(fifosystem.o)
                0x0000000002010d24                fifoSendValue32
 .text.fifoSendDatamsg
                0x0000000002010d70       0x90 /opt/devkitpro/libnds/lib/libnds9.a(fifosystem.o)
                0x0000000002010d70                fifoSendDatamsg
 .text.fifoGetValue32
                0x0000000002010e00       0x70 /opt/devkitpro/libnds/lib/libnds9.a(fifosystem.o)
                0x0000000002010e00                fifoGetValue32
 .text.fifoGetDatamsg
                0x0000000002010e70       0xf4 /opt/devkitpro/libnds/lib/libnds9.a(fifosystem.o)
                0x0000000002010e70                fifoGetDatamsg
 .text.fifoInternalRecvInterrupt
                0x0000000002010f64      0x37c /opt/devkitpro/libnds/lib/libnds9.a(fifosystem.o)
 .text.fifoSetDatamsgHandler
                0x00000000020112e0       0x9c /opt/devkitpro/libnds/lib/libnds9.a(fifosystem.o)
                0x00000000020112e0                fifoSetDatamsgHandler
 .text.fifoCheckValue32
                0x000000000201137c       0x24 /opt/devkitpro/libnds/lib/libnds9.a(fifosystem.o)
                0x000000000201137c                fifoCheckValue32
 .text.fifoInit
                0x00000000020113a0      0x108 /opt/devkitpro/libnds/lib/libnds9.a(fifosystem.o)
                0x00000000020113a0                fifoInit
 .text.DC_FlushRange
                0x00000000020114a8       0x24 /opt/devkitpro/libnds/lib/libnds9.a(dcache.o)
                0x00000000020114a8                DC_FlushRange
 .text.DC_InvalidateRange
                0x00000000020114cc       0x2c /opt/devkitpro/libnds/lib/libnds9.a(dcache.o)
                0x00000000020114cc                DC_InvalidateRange
 .text.__libnds_mpu_setup
                0x00000000020114f8      0x174 /opt/devkitpro/libnds/lib/libnds9.a(mpu_setup.o)
                0x00000000020114f8                __libnds_mpu_setup
 .text.memUncached
                0x000000000201166c       0x20 /opt/devkitpro/libnds/lib/libnds9.a(mpu_setup.o)
                0x000000000201166c                memUncached
 .text.swiWaitForVBlank
                0x000000000201168c        0x8 /opt/devkitpro/libnds/lib/libnds9.a(IntrWait.o)
                0x000000000201168c                swiWaitForVBlank
 .text.swiIntrWait
                0x0000000002011694       0x70 /opt/devkitpro/libnds/lib/libnds9.a(IntrWait.o)
                0x0000000002011694                swiIntrWait
 .text.setCpuClock
                0x0000000002011704       0x50 /opt/devkitpro/libnds/lib/libnds9.a(cpu_clock.o)
                0x0000000002011704                setCpuClock
 .text.swiDelay
                0x0000000002011754        0x4 /opt/devkitpro/libnds/lib/libnds9.a(biosCalls.o)
                0x0000000002011754                swiDelay
 .text.swiDecompressLZSSWram
                0x0000000002011758        0x4 /opt/devkitpro/libnds/lib/libnds9.a(biosCalls.o)
                0x0000000002011758                swiDecompressLZSSWram
 .text.swiDecompressLZSSVramNTR
                0x000000000201175c        0x4 /opt/devkitpro/libnds/lib/libnds9.a(biosCalls.o)
                0x000000000201175c                swiDecompressLZSSVramNTR
 .text.swiDecompressLZSSVramTWL
                0x0000000002011760        0x4 /opt/devkitpro/libnds/lib/libnds9.a(biosCalls.o)
                0x0000000002011760                swiDecompressLZSSVramTWL
 .text.swiDecompressHuffman
                0x0000000002011764        0x4 /opt/devkitpro/libnds/lib/libnds9.a(biosCalls.o)
                0x0000000002011764                swiDecompressHuffman
 .text.swiDecompressRLEWram
                0x0000000002011768        0x4 /opt/devkitpro/libnds/lib/libnds9.a(biosCalls.o)
                0x0000000002011768                swiDecompressRLEWram
 .text.swiDecompressRLEVram
                0x000000000201176c        0x4 /opt/devkitpro/libnds/lib/libnds9.a(biosCalls.o)
                0x000000000201176c                swiDecompressRLEVram
 .text.swiSoftReset
                0x0000000002011770       0x2c /opt/devkitpro/libnds/lib/libnds9.a(swiSoftReset.o)
                0x0000000002011770                swiSoftReset
 .text.checkIfText
                0x000000000201179c       0x5c /opt/devkitpro/libnds/lib/libnds9.a(background.o)
                0x000000000201179c                checkIfText
 .text.bgUpdate
                0x00000000020117f8       0xf4 /opt/devkitpro/libnds/lib/libnds9.a(background.o)
                0x00000000020117f8                bgUpdate
 .text.bgInit_call
                0x00000000020118ec       0xc4 /opt/devkitpro/libnds/lib/libnds9.a(background.o)
                0x00000000020118ec                bgInit_call
 .text.bgInitSub_call
                0x00000000020119b0       0xcc /opt/devkitpro/libnds/lib/libnds9.a(background.o)
                0x00000000020119b0                bgInitSub_call
 .text.sinLutLookup
                0x0000000002011a7c       0x4c /opt/devkitpro/libnds/lib/libnds9.a(trig.o)
                0x0000000002011a7c                sinLutLookup
 .text.sinLerp  0x0000000002011ac8       0x40 /opt/devkitpro/libnds/lib/libnds9.a(trig.o)
                0x0000000002011ac8                sinLerp
 .text.cosLerp  0x0000000002011b08       0x4c /opt/devkitpro/libnds/lib/libnds9.a(trig.o)
                0x0000000002011b08                cosLerp
 .text.touchRead
                0x0000000002011b54       0x24 /opt/devkitpro/libnds/lib/libnds9.a(touch.o)
                0x0000000002011b54                touchRead
 .text.oamAllocReset
                0x0000000002011b78       0x1c /opt/devkitpro/libnds/lib/libnds9.a(sprite_alloc.o)
                0x0000000002011b78                oamAllocReset
 .text.systemValueHandler
                0x0000000002011b94       0x48 /opt/devkitpro/libnds/lib/libnds9.a(system.o)
                0x0000000002011b94                systemValueHandler
 .text.systemMsgHandler
                0x0000000002011bdc       0x60 /opt/devkitpro/libnds/lib/libnds9.a(system.o)
                0x0000000002011bdc                systemMsgHandler
 .text.powerOn  0x0000000002011c3c       0x2c /opt/devkitpro/libnds/lib/libnds9.a(system.o)
                0x0000000002011c3c                powerOn
 .text.getHeader
                0x0000000002011c68        0x4 /opt/devkitpro/libnds/lib/libnds9.a(decompress.o)
 .text.readByte
                0x0000000002011c6c        0x4 /opt/devkitpro/libnds/lib/libnds9.a(decompress.o)
 .text.decompress
                0x0000000002011c70       0x40 /opt/devkitpro/libnds/lib/libnds9.a(decompress.o)
                0x0000000002011c70                decompress
 .text.swiDecompressLZSSVram
                0x0000000002011cb0       0x1c /opt/devkitpro/libnds/lib/libnds9.a(syscalls.o)
                0x0000000002011cb0                swiDecompressLZSSVram
 .text._ZdlPvj  0x0000000002011ccc        0xc /opt/devkitpro/devkitARM/bin/../lib/gcc/arm-none-eabi/11.2.0/../../../../arm-none-eabi/lib/thumb/libstdc++.a(del_ops.o)
                0x0000000002011ccc                operator delete(void*, unsigned int)
 .text.unlikely._ZSt17__throw_bad_allocv
                0x0000000002011cd8       0x20 /opt/devkitpro/devkitARM/bin/../lib/gcc/arm-none-eabi/11.2.0/../../../../arm-none-eabi/lib/thumb/libstdc++.a(functexcept.o)
                0x0000000002011cd8                std::__throw_bad_alloc()
 .text.unlikely._ZSt19__throw_logic_errorPKc
                0x0000000002011cf8       0x30 /opt/devkitpro/devkitARM/bin/../lib/gcc/arm-none-eabi/11.2.0/../../../../arm-none-eabi/lib/thumb/libstdc++.a(functexcept.o)
                0x0000000002011cf8                std::__throw_logic_error(char const*)
 .text.unlikely._ZSt20__throw_length_errorPKc
                0x0000000002011d28       0x30 /opt/devkitpro/devkitARM/bin/../lib/gcc/arm-none-eabi/11.2.0/../../../../arm-none-eabi/lib/thumb/libstdc++.a(functexcept.o)
                0x0000000002011d28                std::__throw_length_error(char const*)
 .text._ZNSt7__cxx1112basic_stringIcSt11char_traitsIcESaIcEE9_M_createERjj
                0x0000000002011d58       0x40 /opt/devkitpro/devkitARM/bin/../lib/gcc/arm-none-eabi/11.2.0/../../../../arm-none-eabi/lib/thumb/libstdc++.a(string-inst.o)
                0x0000000002011d58                std::__cxx11::basic_string<char, std::char_traits<char>, std::allocator<char> >::_M_create(unsigned int&, unsigned int)
 .text._ZNSt7__cxx1112basic_stringIcSt11char_traitsIcESaIcEE10_M_disposeEv
                0x0000000002011d98       0x18 /opt/devkitpro/devkitARM/bin/../lib/gcc/arm-none-eabi/11.2.0/../../../../arm-none-eabi/lib/thumb/libstdc++.a(string-inst.o)
                0x0000000002011d98                std::__cxx11::basic_string<char, std::char_traits<char>, std::allocator<char> >::_M_dispose()
 .text._ZNSt7__cxx1112basic_stringIcSt11char_traitsIcESaIcEE12_M_constructEjc
                0x0000000002011db0       0x4c /opt/devkitpro/devkitARM/bin/../lib/gcc/arm-none-eabi/11.2.0/../../../../arm-none-eabi/lib/thumb/libstdc++.a(string-inst.o)
                0x0000000002011db0                std::__cxx11::basic_string<char, std::char_traits<char>, std::allocator<char> >::_M_construct(unsigned int, char)
 .text._ZNSt7__cxx1112basic_stringIcSt11char_traitsIcESaIcEE9_M_mutateEjjPKcj
                0x0000000002011dfc       0xb8 /opt/devkitpro/devkitARM/bin/../lib/gcc/arm-none-eabi/11.2.0/../../../../arm-none-eabi/lib/thumb/libstdc++.a(string-inst.o)
                0x0000000002011dfc                std::__cxx11::basic_string<char, std::char_traits<char>, std::allocator<char> >::_M_mutate(unsigned int, unsigned int, char const*, unsigned int)
 .text._ZNSt7__cxx1112basic_stringIcSt11char_traitsIcESaIcEE8_M_eraseEjj
                0x0000000002011eb4       0x3c /opt/devkitpro/devkitARM/bin/../lib/gcc/arm-none-eabi/11.2.0/../../../../arm-none-eabi/lib/thumb/libstdc++.a(string-inst.o)
                0x0000000002011eb4                std::__cxx11::basic_string<char, std::char_traits<char>, std::allocator<char> >::_M_erase(unsigned int, unsigned int)
 .text._ZNSt7__cxx1112basic_stringIcSt11char_traitsIcESaIcEE9push_backEc
                0x0000000002011ef0       0x48 /opt/devkitpro/devkitARM/bin/../lib/gcc/arm-none-eabi/11.2.0/../../../../arm-none-eabi/lib/thumb/libstdc++.a(string-inst.o)
                0x0000000002011ef0                std::__cxx11::basic_string<char, std::char_traits<char>, std::allocator<char> >::push_back(char)
 .text._ZNSt7__cxx1112basic_stringIcSt11char_traitsIcESaIcEE8pop_backEv
                0x0000000002011f38       0x14 /opt/devkitpro/devkitARM/bin/../lib/gcc/arm-none-eabi/11.2.0/../../../../arm-none-eabi/lib/thumb/libstdc++.a(string-inst.o)
                0x0000000002011f38                std::__cxx11::basic_string<char, std::char_traits<char>, std::allocator<char> >::pop_back()
 .text._ZNSt7__cxx1112basic_stringIcSt11char_traitsIcESaIcEE10_M_replaceEjjPKcj
                0x0000000002011f4c      0x1a8 /opt/devkitpro/devkitARM/bin/../lib/gcc/arm-none-eabi/11.2.0/../../../../arm-none-eabi/lib/thumb/libstdc++.a(string-inst.o)
                0x0000000002011f4c                std::__cxx11::basic_string<char, std::char_traits<char>, std::allocator<char> >::_M_replace(unsigned int, unsigned int, char const*, unsigned int)
 .text._ZNSt7__cxx1112basic_stringIcSt11char_traitsIcESaIcEE9_M_appendEPKcj
                0x00000000020120f4       0x58 /opt/devkitpro/devkitARM/bin/../lib/gcc/arm-none-eabi/11.2.0/../../../../arm-none-eabi/lib/thumb/libstdc++.a(string-inst.o)
                0x00000000020120f4                std::__cxx11::basic_string<char, std::char_traits<char>, std::allocator<char> >::_M_append(char const*, unsigned int)
 .text._ZNKSt9bad_alloc4whatEv
                0x000000000201214c        0x8 /opt/devkitpro/devkitARM/bin/../lib/gcc/arm-none-eabi/11.2.0/../../../../arm-none-eabi/lib/thumb/libstdc++.a(bad_alloc.o)
                0x000000000201214c                std::bad_alloc::what() const
 .text._ZNSt9bad_allocD2Ev
                0x0000000002012154       0x1c /opt/devkitpro/devkitARM/bin/../lib/gcc/arm-none-eabi/11.2.0/../../../../arm-none-eabi/lib/thumb/libstdc++.a(bad_alloc.o)
                0x0000000002012154                std::bad_alloc::~bad_alloc()
                0x0000000002012154                std::bad_alloc::~bad_alloc()
 .text._ZNSt9bad_allocD0Ev
                0x0000000002012170       0x24 /opt/devkitpro/devkitARM/bin/../lib/gcc/arm-none-eabi/11.2.0/../../../../arm-none-eabi/lib/thumb/libstdc++.a(bad_alloc.o)
                0x0000000002012170                std::bad_alloc::~bad_alloc()
 .text._ZdlPv   0x0000000002012194        0xc /opt/devkitpro/devkitARM/bin/../lib/gcc/arm-none-eabi/11.2.0/../../../../arm-none-eabi/lib/thumb/libstdc++.a(del_op.o)
                0x0000000002012194                operator delete(void*)
 .text._ZN12_GLOBAL__N_14pool4freeEPv.constprop.0
                0x00000000020121a0       0x7c /opt/devkitpro/devkitARM/bin/../lib/gcc/arm-none-eabi/11.2.0/../../../../arm-none-eabi/lib/thumb/libstdc++.a(eh_alloc.o)
 .text._ZN12_GLOBAL__N_14pool8allocateEj.constprop.0
                0x000000000201221c       0x54 /opt/devkitpro/devkitARM/bin/../lib/gcc/arm-none-eabi/11.2.0/../../../../arm-none-eabi/lib/thumb/libstdc++.a(eh_alloc.o)
 .text.__cxa_allocate_exception
                0x0000000002012270       0x30 /opt/devkitpro/devkitARM/bin/../lib/gcc/arm-none-eabi/11.2.0/../../../../arm-none-eabi/lib/thumb/libstdc++.a(eh_alloc.o)
                0x0000000002012270                __cxa_allocate_exception
 .text.__cxa_free_exception
                0x00000000020122a0       0x28 /opt/devkitpro/devkitARM/bin/../lib/gcc/arm-none-eabi/11.2.0/../../../../arm-none-eabi/lib/thumb/libstdc++.a(eh_alloc.o)
                0x00000000020122a0                __cxa_free_exception
 .text.startup._GLOBAL__sub_I__ZN9__gnu_cxx9__freeresEv
                0x00000000020122c8       0x30 /opt/devkitpro/devkitARM/bin/../lib/gcc/arm-none-eabi/11.2.0/../../../../arm-none-eabi/lib/thumb/libstdc++.a(eh_alloc.o)
 .text.__cxa_end_cleanup
                0x00000000020122f8        0xc /opt/devkitpro/devkitARM/bin/../lib/gcc/arm-none-eabi/11.2.0/../../../../arm-none-eabi/lib/thumb/libstdc++.a(eh_arm.o)
                0x00000000020122f8                __cxa_end_cleanup
 .text.__cxa_type_match
                0x0000000002012304       0xc8 /opt/devkitpro/devkitARM/bin/../lib/gcc/arm-none-eabi/11.2.0/../../../../arm-none-eabi/lib/thumb/libstdc++.a(eh_arm.o)
                0x0000000002012304                __cxa_type_match
 .text.__cxa_begin_cleanup
                0x00000000020123cc       0x64 /opt/devkitpro/devkitARM/bin/../lib/gcc/arm-none-eabi/11.2.0/../../../../arm-none-eabi/lib/thumb/libstdc++.a(eh_arm.o)
                0x00000000020123cc                __cxa_begin_cleanup
 .text.__gnu_end_cleanup
                0x0000000002012430       0x74 /opt/devkitpro/devkitARM/bin/../lib/gcc/arm-none-eabi/11.2.0/../../../../arm-none-eabi/lib/thumb/libstdc++.a(eh_arm.o)
                0x0000000002012430                __gnu_end_cleanup
 .text.__cxa_begin_catch
                0x00000000020124a4       0x78 /opt/devkitpro/devkitARM/bin/../lib/gcc/arm-none-eabi/11.2.0/../../../../arm-none-eabi/lib/thumb/libstdc++.a(eh_catch.o)
                0x00000000020124a4                __cxa_begin_catch
 .text.__cxa_end_catch
                0x000000000201251c       0x94 /opt/devkitpro/devkitARM/bin/../lib/gcc/arm-none-eabi/11.2.0/../../../../arm-none-eabi/lib/thumb/libstdc++.a(eh_catch.o)
                0x000000000201251c                __cxa_end_catch
 .text._ZNSt9exceptionD2Ev
                0x00000000020125b0        0x4 /opt/devkitpro/devkitARM/bin/../lib/gcc/arm-none-eabi/11.2.0/../../../../arm-none-eabi/lib/thumb/libstdc++.a(eh_exception.o)
                0x00000000020125b0                std::exception::~exception()
                0x00000000020125b0                std::exception::~exception()
 .text._ZNSt13bad_exceptionD2Ev
                0x00000000020125b4        0x4 /opt/devkitpro/devkitARM/bin/../lib/gcc/arm-none-eabi/11.2.0/../../../../arm-none-eabi/lib/thumb/libstdc++.a(eh_exception.o)
                0x00000000020125b4                std::bad_exception::~bad_exception()
                0x00000000020125b4                std::bad_exception::~bad_exception()
 .text._ZNKSt13bad_exception4whatEv
                0x00000000020125b8        0x8 /opt/devkitpro/devkitARM/bin/../lib/gcc/arm-none-eabi/11.2.0/../../../../arm-none-eabi/lib/thumb/libstdc++.a(eh_exception.o)
                0x00000000020125b8                transaction clone for std::bad_exception::what() const
                0x00000000020125b8                std::bad_exception::what() const
 .text._ZNSt13bad_exceptionD0Ev
                0x00000000020125c0       0x14 /opt/devkitpro/devkitARM/bin/../lib/gcc/arm-none-eabi/11.2.0/../../../../arm-none-eabi/lib/thumb/libstdc++.a(eh_exception.o)
                0x00000000020125c0                std::bad_exception::~bad_exception()
 .text.__cxa_get_globals_fast
                0x00000000020125d4        0x8 /opt/devkitpro/devkitARM/bin/../lib/gcc/arm-none-eabi/11.2.0/../../../../arm-none-eabi/lib/thumb/libstdc++.a(eh_globals.o)
                0x00000000020125d4                __cxa_get_globals_fast
 .text.__cxa_get_globals
                0x00000000020125dc        0x8 /opt/devkitpro/devkitARM/bin/../lib/gcc/arm-none-eabi/11.2.0/../../../../arm-none-eabi/lib/thumb/libstdc++.a(eh_globals.o)
                0x00000000020125dc                __cxa_get_globals
 .text._ZL28read_encoded_value_with_basehjPKhPj
                0x00000000020125e4      0x110 /opt/devkitpro/devkitARM/bin/../lib/gcc/arm-none-eabi/11.2.0/../../../../arm-none-eabi/lib/thumb/libstdc++.a(eh_personality.o)
 .text._ZL21base_of_encoded_valuehP15_Unwind_Context
                0x00000000020126f4       0x4c /opt/devkitpro/devkitARM/bin/../lib/gcc/arm-none-eabi/11.2.0/../../../../arm-none-eabi/lib/thumb/libstdc++.a(eh_personality.o)
 .text._ZL17parse_lsda_headerP15_Unwind_ContextPKhP16lsda_header_info
                0x0000000002012740       0x94 /opt/devkitpro/devkitARM/bin/../lib/gcc/arm-none-eabi/11.2.0/../../../../arm-none-eabi/lib/thumb/libstdc++.a(eh_personality.o)
 .text.__gxx_personality_v0
                0x00000000020127d4      0x4bc /opt/devkitpro/devkitARM/bin/../lib/gcc/arm-none-eabi/11.2.0/../../../../arm-none-eabi/lib/thumb/libstdc++.a(eh_personality.o)
                0x00000000020127d4                __gxx_personality_v0
 .text._ZN10__cxxabiv111__terminateEPFvvE
                0x0000000002012c90       0x14 /opt/devkitpro/devkitARM/bin/../lib/gcc/arm-none-eabi/11.2.0/../../../../arm-none-eabi/lib/thumb/libstdc++.a(eh_terminate.o)
                0x0000000002012c90                __cxxabiv1::__terminate(void (*)())
 .text._ZSt9terminatev
                0x0000000002012ca4       0x10 /opt/devkitpro/devkitARM/bin/../lib/gcc/arm-none-eabi/11.2.0/../../../../arm-none-eabi/lib/thumb/libstdc++.a(eh_terminate.o)
                0x0000000002012ca4                std::terminate()
 .text._ZN10__cxxabiv112__unexpectedEPFvvE
                0x0000000002012cb4        0xc /opt/devkitpro/devkitARM/bin/../lib/gcc/arm-none-eabi/11.2.0/../../../../arm-none-eabi/lib/thumb/libstdc++.a(eh_terminate.o)
                0x0000000002012cb4                __cxxabiv1::__unexpected(void (*)())
 .text._ZSt10unexpectedv
                0x0000000002012cc0       0x10 /opt/devkitpro/devkitARM/bin/../lib/gcc/arm-none-eabi/11.2.0/../../../../arm-none-eabi/lib/thumb/libstdc++.a(eh_terminate.o)
                0x0000000002012cc0                std::unexpected()
 .text._ZSt13get_terminatev
                0x0000000002012cd0        0xc /opt/devkitpro/devkitARM/bin/../lib/gcc/arm-none-eabi/11.2.0/../../../../arm-none-eabi/lib/thumb/libstdc++.a(eh_terminate.o)
                0x0000000002012cd0                std::get_terminate()
 .text._ZSt14get_unexpectedv
                0x0000000002012cdc        0xc /opt/devkitpro/devkitARM/bin/../lib/gcc/arm-none-eabi/11.2.0/../../../../arm-none-eabi/lib/thumb/libstdc++.a(eh_terminate.o)
                0x0000000002012cdc                std::get_unexpected()
 .text._ZL23__gxx_exception_cleanup19_Unwind_Reason_CodeP21_Unwind_Control_Block
                0x0000000002012ce8       0x3c /opt/devkitpro/devkitARM/bin/../lib/gcc/arm-none-eabi/11.2.0/../../../../arm-none-eabi/lib/thumb/libstdc++.a(eh_throw.o)
 .text.__cxa_init_primary_exception
                0x0000000002012d24       0x50 /opt/devkitpro/devkitARM/bin/../lib/gcc/arm-none-eabi/11.2.0/../../../../arm-none-eabi/lib/thumb/libstdc++.a(eh_throw.o)
                0x0000000002012d24                __cxa_init_primary_exception
 .text.__cxa_throw
                0x0000000002012d74       0x34 /opt/devkitpro/devkitARM/bin/../lib/gcc/arm-none-eabi/11.2.0/../../../../arm-none-eabi/lib/thumb/libstdc++.a(eh_throw.o)
                0x0000000002012d74                __cxa_throw
 .text.__cxa_rethrow
                0x0000000002012da8       0x70 /opt/devkitpro/devkitARM/bin/../lib/gcc/arm-none-eabi/11.2.0/../../../../arm-none-eabi/lib/thumb/libstdc++.a(eh_throw.o)
                0x0000000002012da8                __cxa_rethrow
 .text._Znwj    0x0000000002012e18       0x48 /opt/devkitpro/devkitARM/bin/../lib/gcc/arm-none-eabi/11.2.0/../../../../arm-none-eabi/lib/thumb/libstdc++.a(new_op.o)
                0x0000000002012e18                operator new(unsigned int)
 .text._ZN10__cxxabiv120__si_class_type_infoD2Ev
                0x0000000002012e60       0x1c /opt/devkitpro/devkitARM/bin/../lib/gcc/arm-none-eabi/11.2.0/../../../../arm-none-eabi/lib/thumb/libstdc++.a(si_class_type_info.o)
                0x0000000002012e60                __cxxabiv1::__si_class_type_info::~__si_class_type_info()
                0x0000000002012e60                __cxxabiv1::__si_class_type_info::~__si_class_type_info()
 .text._ZN10__cxxabiv120__si_class_type_infoD0Ev
                0x0000000002012e7c       0x24 /opt/devkitpro/devkitARM/bin/../lib/gcc/arm-none-eabi/11.2.0/../../../../arm-none-eabi/lib/thumb/libstdc++.a(si_class_type_info.o)
                0x0000000002012e7c                __cxxabiv1::__si_class_type_info::~__si_class_type_info()
 .text._ZNK10__cxxabiv120__si_class_type_info20__do_find_public_srcEiPKvPKNS_17__class_type_infoES2_
                0x0000000002012ea0       0x40 /opt/devkitpro/devkitARM/bin/../lib/gcc/arm-none-eabi/11.2.0/../../../../arm-none-eabi/lib/thumb/libstdc++.a(si_class_type_info.o)
                0x0000000002012ea0                __cxxabiv1::__si_class_type_info::__do_find_public_src(int, void const*, __cxxabiv1::__class_type_info const*, void const*) const
 .text._ZNK10__cxxabiv120__si_class_type_info12__do_dyncastEiNS_17__class_type_info10__sub_kindEPKS1_PKvS4_S6_RNS1_16__dyncast_resultE
                0x0000000002012ee0       0xa4 /opt/devkitpro/devkitARM/bin/../lib/gcc/arm-none-eabi/11.2.0/../../../../arm-none-eabi/lib/thumb/libstdc++.a(si_class_type_info.o)
                0x0000000002012ee0                __cxxabiv1::__si_class_type_info::__do_dyncast(int, __cxxabiv1::__class_type_info::__sub_kind, __cxxabiv1::__class_type_info const*, void const*, __cxxabiv1::__class_type_info const*, void const*, __cxxabiv1::__class_type_info::__dyncast_result&) const
 .text._ZNK10__cxxabiv120__si_class_type_info11__do_upcastEPKNS_17__class_type_infoEPKvRNS1_15__upcast_resultE
                0x0000000002012f84       0x2c /opt/devkitpro/devkitARM/bin/../lib/gcc/arm-none-eabi/11.2.0/../../../../arm-none-eabi/lib/thumb/libstdc++.a(si_class_type_info.o)
                0x0000000002012f84                __cxxabiv1::__si_class_type_info::__do_upcast(__cxxabiv1::__class_type_info const*, void const*, __cxxabiv1::__class_type_info::__upcast_result&) const
 .text._ZNSt9type_infoD2Ev
                0x0000000002012fb0        0x4 /opt/devkitpro/devkitARM/bin/../lib/gcc/arm-none-eabi/11.2.0/../../../../arm-none-eabi/lib/thumb/libstdc++.a(tinfo.o)
                0x0000000002012fb0                std::type_info::~type_info()
                0x0000000002012fb0                std::type_info::~type_info()
 .text._ZNKSt9type_info14__is_pointer_pEv
                0x0000000002012fb4        0x4 /opt/devkitpro/devkitARM/bin/../lib/gcc/arm-none-eabi/11.2.0/../../../../arm-none-eabi/lib/thumb/libstdc++.a(tinfo.o)
                0x0000000002012fb4                std::type_info::__is_function_p() const
                0x0000000002012fb4                std::type_info::__is_pointer_p() const
 .text._ZNKSt9type_infoeqERKS_
                0x0000000002012fb8       0x30 /opt/devkitpro/devkitARM/bin/../lib/gcc/arm-none-eabi/11.2.0/../../../../arm-none-eabi/lib/thumb/libstdc++.a(tinfo.o)
                0x0000000002012fb8                std::type_info::operator==(std::type_info const&) const
 .text._ZNKSt11logic_error4whatEv
                0x0000000002012fe8        0x4 /opt/devkitpro/devkitARM/bin/../lib/gcc/arm-none-eabi/11.2.0/../../../../arm-none-eabi/lib/thumb/libstdc++.a(stdexcept.o)
                0x0000000002012fe8                std::runtime_error::what() const
                0x0000000002012fe8                std::logic_error::what() const
 .text._ZNSt11logic_errorD2Ev
                0x0000000002012fec       0x44 /opt/devkitpro/devkitARM/bin/../lib/gcc/arm-none-eabi/11.2.0/../../../../arm-none-eabi/lib/thumb/libstdc++.a(stdexcept.o)
                0x0000000002012fec                std::logic_error::~logic_error()
                0x0000000002012fec                std::logic_error::~logic_error()
 .text._ZNSt12length_errorD2Ev
                0x0000000002013030       0x44 /opt/devkitpro/devkitARM/bin/../lib/gcc/arm-none-eabi/11.2.0/../../../../arm-none-eabi/lib/thumb/libstdc++.a(stdexcept.o)
                0x0000000002013030                std::length_error::~length_error()
                0x0000000002013030                std::length_error::~length_error()
 .text._ZNSt11logic_errorD0Ev
                0x0000000002013074       0x4c /opt/devkitpro/devkitARM/bin/../lib/gcc/arm-none-eabi/11.2.0/../../../../arm-none-eabi/lib/thumb/libstdc++.a(stdexcept.o)
                0x0000000002013074                std::logic_error::~logic_error()
 .text._ZNSt12length_errorD0Ev
                0x00000000020130c0       0x4c /opt/devkitpro/devkitARM/bin/../lib/gcc/arm-none-eabi/11.2.0/../../../../arm-none-eabi/lib/thumb/libstdc++.a(stdexcept.o)
                0x00000000020130c0                std::length_error::~length_error()
 .text._ZNSt11logic_errorC2EPKc
                0x000000000201310c       0x8c /opt/devkitpro/devkitARM/bin/../lib/gcc/arm-none-eabi/11.2.0/../../../../arm-none-eabi/lib/thumb/libstdc++.a(cow-stdexcept.o)
                0x000000000201310c                std::logic_error::logic_error(char const*)
                0x000000000201310c                std::logic_error::logic_error(char const*)
 .text._ZNSt12length_errorC2EPKc
                0x0000000002013198       0x18 /opt/devkitpro/devkitARM/bin/../lib/gcc/arm-none-eabi/11.2.0/../../../../arm-none-eabi/lib/thumb/libstdc++.a(cow-stdexcept.o)
                0x0000000002013198                std::length_error::length_error(char const*)
                0x0000000002013198                std::length_error::length_error(char const*)
 .text._ZNSs4_Rep9_S_createEjjRKSaIcE
                0x00000000020131b0       0x64 /opt/devkitpro/devkitARM/bin/../lib/gcc/arm-none-eabi/11.2.0/../../../../arm-none-eabi/lib/thumb/libstdc++.a(cow-string-inst.o)
                0x00000000020131b0                std::string::_Rep::_S_create(unsigned int, unsigned int, std::allocator<char> const&)
 .text._ZNSs4_Rep10_M_destroyERKSaIcE
                0x0000000002013214        0xc /opt/devkitpro/devkitARM/bin/../lib/gcc/arm-none-eabi/11.2.0/../../../../arm-none-eabi/lib/thumb/libstdc++.a(cow-string-inst.o)
                0x0000000002013214                std::string::_Rep::_M_destroy(std::allocator<char> const&)
 .text._ZNK10__cxxabiv117__class_type_info11__do_upcastEPKS0_PPv
                0x0000000002013220       0x3c /opt/devkitpro/devkitARM/bin/../lib/gcc/arm-none-eabi/11.2.0/../../../../arm-none-eabi/lib/thumb/libstdc++.a(class_type_info.o)
                0x0000000002013220                __cxxabiv1::__class_type_info::__do_upcast(__cxxabiv1::__class_type_info const*, void**) const
 .text._ZNK10__cxxabiv117__class_type_info20__do_find_public_srcEiPKvPKS0_S2_
                0x000000000201325c       0x14 /opt/devkitpro/devkitARM/bin/../lib/gcc/arm-none-eabi/11.2.0/../../../../arm-none-eabi/lib/thumb/libstdc++.a(class_type_info.o)
                0x000000000201325c                __cxxabiv1::__class_type_info::__do_find_public_src(int, void const*, __cxxabiv1::__class_type_info const*, void const*) const
 .text._ZN10__cxxabiv117__class_type_infoD2Ev
                0x0000000002013270       0x1c /opt/devkitpro/devkitARM/bin/../lib/gcc/arm-none-eabi/11.2.0/../../../../arm-none-eabi/lib/thumb/libstdc++.a(class_type_info.o)
                0x0000000002013270                __cxxabiv1::__class_type_info::~__class_type_info()
                0x0000000002013270                __cxxabiv1::__class_type_info::~__class_type_info()
 .text._ZN10__cxxabiv117__class_type_infoD0Ev
                0x000000000201328c       0x24 /opt/devkitpro/devkitARM/bin/../lib/gcc/arm-none-eabi/11.2.0/../../../../arm-none-eabi/lib/thumb/libstdc++.a(class_type_info.o)
                0x000000000201328c                __cxxabiv1::__class_type_info::~__class_type_info()
 .text._ZNK10__cxxabiv117__class_type_info12__do_dyncastEiNS0_10__sub_kindEPKS0_PKvS3_S5_RNS0_16__dyncast_resultE
                0x00000000020132b0       0x44 /opt/devkitpro/devkitARM/bin/../lib/gcc/arm-none-eabi/11.2.0/../../../../arm-none-eabi/lib/thumb/libstdc++.a(class_type_info.o)
                0x00000000020132b0                __cxxabiv1::__class_type_info::__do_dyncast(int, __cxxabiv1::__class_type_info::__sub_kind, __cxxabiv1::__class_type_info const*, void const*, __cxxabiv1::__class_type_info const*, void const*, __cxxabiv1::__class_type_info::__dyncast_result&) const
 .text._ZNK10__cxxabiv117__class_type_info11__do_upcastEPKS0_PKvRNS0_15__upcast_resultE
                0x00000000020132f4       0x20 /opt/devkitpro/devkitARM/bin/../lib/gcc/arm-none-eabi/11.2.0/../../../../arm-none-eabi/lib/thumb/libstdc++.a(class_type_info.o)
                0x00000000020132f4                __cxxabiv1::__class_type_info::__do_upcast(__cxxabiv1::__class_type_info const*, void const*, __cxxabiv1::__class_type_info::__upcast_result&) const
 .text._ZNK10__cxxabiv117__class_type_info10__do_catchEPKSt9type_infoPPvj
                0x0000000002013314       0x2c /opt/devkitpro/devkitARM/bin/../lib/gcc/arm-none-eabi/11.2.0/../../../../arm-none-eabi/lib/thumb/libstdc++.a(class_type_info.o)
                0x0000000002013314                __cxxabiv1::__class_type_info::__do_catch(std::type_info const*, void**, unsigned int) const
 .text._ZN10__cxxabiv1L24__is_gxx_exception_classEPc
                0x0000000002013340       0x3c /opt/devkitpro/devkitARM/bin/../lib/gcc/arm-none-eabi/11.2.0/../../../../arm-none-eabi/lib/thumb/libstdc++.a(eh_call.o)
 .text.__cxa_call_terminate
                0x000000000201337c       0x20 /opt/devkitpro/devkitARM/bin/../lib/gcc/arm-none-eabi/11.2.0/../../../../arm-none-eabi/lib/thumb/libstdc++.a(eh_call.o)
                0x000000000201337c                __cxa_call_terminate
 .text.unlikely.__cxa_call_unexpected
                0x000000000201339c      0x104 /opt/devkitpro/devkitARM/bin/../lib/gcc/arm-none-eabi/11.2.0/../../../../arm-none-eabi/lib/thumb/libstdc++.a(eh_call.o)
                0x000000000201339c                __cxa_call_unexpected
 .text._ZSt15get_new_handlerv
                0x00000000020134a0        0xc /opt/devkitpro/devkitARM/bin/../lib/gcc/arm-none-eabi/11.2.0/../../../../arm-none-eabi/lib/thumb/libstdc++.a(new_handler.o)
                0x00000000020134a0                std::get_new_handler()
 .text.__muldi3
                0x00000000020134ac       0x54 /opt/devkitpro/devkitARM/bin/../lib/gcc/arm-none-eabi/11.2.0/thumb/libgcc.a(_muldi3.o)
                0x00000000020134ac                __aeabi_lmul
                0x00000000020134ac                __muldi3
 .text.__udivmoddi4
                0x0000000002013500      0x19c /opt/devkitpro/devkitARM/bin/../lib/gcc/arm-none-eabi/11.2.0/thumb/libgcc.a(_udivmoddi4.o)
                0x0000000002013500                __udivmoddi4
 .text.selfrel_offset31
                0x000000000201369c       0x18 /opt/devkitpro/devkitARM/bin/../lib/gcc/arm-none-eabi/11.2.0/thumb/libgcc.a(unwind-arm.o)
 .text.search_EIT_table
                0x00000000020136b4       0x74 /opt/devkitpro/devkitARM/bin/../lib/gcc/arm-none-eabi/11.2.0/thumb/libgcc.a(unwind-arm.o)
 .text.__gnu_unwind_get_pr_addr
                0x0000000002013728       0x2c /opt/devkitpro/devkitARM/bin/../lib/gcc/arm-none-eabi/11.2.0/thumb/libgcc.a(unwind-arm.o)
 .text.get_eit_entry
                0x0000000002013754       0x98 /opt/devkitpro/devkitARM/bin/../lib/gcc/arm-none-eabi/11.2.0/thumb/libgcc.a(unwind-arm.o)
 .text.restore_non_core_regs
                0x00000000020137ec       0x5c /opt/devkitpro/devkitARM/bin/../lib/gcc/arm-none-eabi/11.2.0/thumb/libgcc.a(unwind-arm.o)
 .text._Unwind_decode_typeinfo_ptr.constprop.0
                0x0000000002013848        0xc /opt/devkitpro/devkitARM/bin/../lib/gcc/arm-none-eabi/11.2.0/thumb/libgcc.a(unwind-arm.o)
 .text._Unwind_DebugHook
                0x0000000002013854        0x4 /opt/devkitpro/devkitARM/bin/../lib/gcc/arm-none-eabi/11.2.0/thumb/libgcc.a(unwind-arm.o)
 .text.unwind_phase2
                0x0000000002013858       0x40 /opt/devkitpro/devkitARM/bin/../lib/gcc/arm-none-eabi/11.2.0/thumb/libgcc.a(unwind-arm.o)
 .text.unwind_phase2_forced
                0x0000000002013898       0xd8 /opt/devkitpro/devkitARM/bin/../lib/gcc/arm-none-eabi/11.2.0/thumb/libgcc.a(unwind-arm.o)
 .text.__gnu_Unwind_RaiseException
                0x0000000002013970       0x58 /opt/devkitpro/devkitARM/bin/../lib/gcc/arm-none-eabi/11.2.0/thumb/libgcc.a(unwind-arm.o)
                0x0000000002013970                __gnu_Unwind_RaiseException
 .text.__gnu_Unwind_ForcedUnwind
                0x00000000020139c8       0x18 /opt/devkitpro/devkitARM/bin/../lib/gcc/arm-none-eabi/11.2.0/thumb/libgcc.a(unwind-arm.o)
                0x00000000020139c8                __gnu_Unwind_ForcedUnwind
 .text.__gnu_Unwind_Resume
                0x00000000020139e0       0x4c /opt/devkitpro/devkitARM/bin/../lib/gcc/arm-none-eabi/11.2.0/thumb/libgcc.a(unwind-arm.o)
                0x00000000020139e0                __gnu_Unwind_Resume
 .text.__gnu_Unwind_Resume_or_Rethrow
                0x0000000002013a2c       0x20 /opt/devkitpro/devkitARM/bin/../lib/gcc/arm-none-eabi/11.2.0/thumb/libgcc.a(unwind-arm.o)
                0x0000000002013a2c                __gnu_Unwind_Resume_or_Rethrow
 .text._Unwind_Complete
                0x0000000002013a4c        0x4 /opt/devkitpro/devkitARM/bin/../lib/gcc/arm-none-eabi/11.2.0/thumb/libgcc.a(unwind-arm.o)
                0x0000000002013a4c                _Unwind_Complete
 .text._Unwind_DeleteException
                0x0000000002013a50       0x18 /opt/devkitpro/devkitARM/bin/../lib/gcc/arm-none-eabi/11.2.0/thumb/libgcc.a(unwind-arm.o)
                0x0000000002013a50                _Unwind_DeleteException
 .text._Unwind_VRS_Get
                0x0000000002013a68       0x38 /opt/devkitpro/devkitARM/bin/../lib/gcc/arm-none-eabi/11.2.0/thumb/libgcc.a(unwind-arm.o)
                0x0000000002013a68                _Unwind_VRS_Get
 .text._Unwind_GetGR
                0x0000000002013aa0       0x1c /opt/devkitpro/devkitARM/bin/../lib/gcc/arm-none-eabi/11.2.0/thumb/libgcc.a(unwind-arm.o)
 .text._Unwind_VRS_Set
                0x0000000002013abc       0x38 /opt/devkitpro/devkitARM/bin/../lib/gcc/arm-none-eabi/11.2.0/thumb/libgcc.a(unwind-arm.o)
                0x0000000002013abc                _Unwind_VRS_Set
 .text._Unwind_SetGR
                0x0000000002013af4       0x1c /opt/devkitpro/devkitARM/bin/../lib/gcc/arm-none-eabi/11.2.0/thumb/libgcc.a(unwind-arm.o)
 .text.__gnu_Unwind_Backtrace
                0x0000000002013b10       0x78 /opt/devkitpro/devkitARM/bin/../lib/gcc/arm-none-eabi/11.2.0/thumb/libgcc.a(unwind-arm.o)
                0x0000000002013b10                __gnu_Unwind_Backtrace
 .text.__gnu_unwind_pr_common
                0x0000000002013b88      0x2d0 /opt/devkitpro/devkitARM/bin/../lib/gcc/arm-none-eabi/11.2.0/thumb/libgcc.a(unwind-arm.o)
 .text.__aeabi_unwind_cpp_pr0
                0x0000000002013e58       0x10 /opt/devkitpro/devkitARM/bin/../lib/gcc/arm-none-eabi/11.2.0/thumb/libgcc.a(unwind-arm.o)
                0x0000000002013e58                __aeabi_unwind_cpp_pr0
 .text.__aeabi_unwind_cpp_pr1
                0x0000000002013e68       0x10 /opt/devkitpro/devkitARM/bin/../lib/gcc/arm-none-eabi/11.2.0/thumb/libgcc.a(unwind-arm.o)
                0x0000000002013e68                __aeabi_unwind_cpp_pr1
 .text.__aeabi_unwind_cpp_pr2
                0x0000000002013e78       0x10 /opt/devkitpro/devkitARM/bin/../lib/gcc/arm-none-eabi/11.2.0/thumb/libgcc.a(unwind-arm.o)
                0x0000000002013e78                __aeabi_unwind_cpp_pr2
 .text._Unwind_VRS_Pop
                0x0000000002013e88      0x2c8 /opt/devkitpro/devkitARM/bin/../lib/gcc/arm-none-eabi/11.2.0/thumb/libgcc.a(unwind-arm.o)
                0x0000000002013e88                _Unwind_VRS_Pop
 .text.next_unwind_byte
                0x0000000002014150       0x34 /opt/devkitpro/devkitARM/bin/../lib/gcc/arm-none-eabi/11.2.0/thumb/libgcc.a(pr-support.o)
 .text._Unwind_GetGR.constprop.0
                0x0000000002014184       0x1c /opt/devkitpro/devkitARM/bin/../lib/gcc/arm-none-eabi/11.2.0/thumb/libgcc.a(pr-support.o)
 .text.unwind_UCB_from_context
                0x00000000020141a0        0xc /opt/devkitpro/devkitARM/bin/../lib/gcc/arm-none-eabi/11.2.0/thumb/libgcc.a(pr-support.o)
 .text.__gnu_unwind_execute
                0x00000000020141ac      0x2fc /opt/devkitpro/devkitARM/bin/../lib/gcc/arm-none-eabi/11.2.0/thumb/libgcc.a(pr-support.o)
                0x00000000020141ac                __gnu_unwind_execute
 .text.__gnu_unwind_frame
                0x00000000020144a8       0x2c /opt/devkitpro/devkitARM/bin/../lib/gcc/arm-none-eabi/11.2.0/thumb/libgcc.a(pr-support.o)
                0x00000000020144a8                __gnu_unwind_frame
 .text._Unwind_GetRegionStart
                0x00000000020144d4       0x10 /opt/devkitpro/devkitARM/bin/../lib/gcc/arm-none-eabi/11.2.0/thumb/libgcc.a(pr-support.o)
                0x00000000020144d4                _Unwind_GetRegionStart
 .text._Unwind_GetLanguageSpecificData
                0x00000000020144e4       0x18 /opt/devkitpro/devkitARM/bin/../lib/gcc/arm-none-eabi/11.2.0/thumb/libgcc.a(pr-support.o)
                0x00000000020144e4                _Unwind_GetLanguageSpecificData
 .text.unlikely._Unwind_GetDataRelBase
                0x00000000020144fc        0x6 /opt/devkitpro/devkitARM/bin/../lib/gcc/arm-none-eabi/11.2.0/thumb/libgcc.a(pr-support.o)
                0x00000000020144fc                _Unwind_GetDataRelBase
 .text.unlikely._Unwind_GetTextRelBase
                0x0000000002014502        0x6 /opt/devkitpro/devkitARM/bin/../lib/gcc/arm-none-eabi/11.2.0/thumb/libgcc.a(pr-support.o)
                0x0000000002014502                _Unwind_GetTextRelBase
 .text.abort    0x0000000002014508       0x10 /opt/devkitpro/devkitARM/bin/../lib/gcc/arm-none-eabi/11.2.0/../../../../arm-none-eabi/lib/thumb/libg.a(lib_a-abort.o)
                0x0000000002014508                abort
 .text.calloc   0x0000000002014518       0x18 /opt/devkitpro/devkitARM/bin/../lib/gcc/arm-none-eabi/11.2.0/../../../../arm-none-eabi/lib/thumb/libg.a(lib_a-calloc.o)
                0x0000000002014518                calloc
 .text._calloc_r
                0x0000000002014530       0xb0 /opt/devkitpro/devkitARM/bin/../lib/gcc/arm-none-eabi/11.2.0/../../../../arm-none-eabi/lib/thumb/libg.a(lib_a-callocr.o)
                0x0000000002014530                _calloc_r
 .text.__errno  0x00000000020145e0        0xc /opt/devkitpro/devkitARM/bin/../lib/gcc/arm-none-eabi/11.2.0/../../../../arm-none-eabi/lib/thumb/libg.a(lib_a-errno.o)
                0x00000000020145e0                __errno
 .text._fclose_r
                0x00000000020145ec       0xe8 /opt/devkitpro/devkitARM/bin/../lib/gcc/arm-none-eabi/11.2.0/../../../../arm-none-eabi/lib/thumb/libg.a(lib_a-fclose.o)
                0x00000000020145ec                _fclose_r
 .text.fclose   0x00000000020146d4       0x14 /opt/devkitpro/devkitARM/bin/../lib/gcc/arm-none-eabi/11.2.0/../../../../arm-none-eabi/lib/thumb/libg.a(lib_a-fclose.o)
                0x00000000020146d4                fclose
 .text.__sflush_r
                0x00000000020146e8      0x1c0 /opt/devkitpro/devkitARM/bin/../lib/gcc/arm-none-eabi/11.2.0/../../../../arm-none-eabi/lib/thumb/libg.a(lib_a-fflush.o)
                0x00000000020146e8                __sflush_r
 .text._fflush_r
                0x00000000020148a8       0x70 /opt/devkitpro/devkitARM/bin/../lib/gcc/arm-none-eabi/11.2.0/../../../../arm-none-eabi/lib/thumb/libg.a(lib_a-fflush.o)
                0x00000000020148a8                _fflush_r
 .text.fflush   0x0000000002014918       0x2c /opt/devkitpro/devkitARM/bin/../lib/gcc/arm-none-eabi/11.2.0/../../../../arm-none-eabi/lib/thumb/libg.a(lib_a-fflush.o)
                0x0000000002014918                fflush
 .text._cleanup_r
                0x0000000002014944       0x14 /opt/devkitpro/devkitARM/bin/../lib/gcc/arm-none-eabi/11.2.0/../../../../arm-none-eabi/lib/thumb/libg.a(lib_a-findfp.o)
                0x0000000002014944                _cleanup_r
 .text.__sinit  0x0000000002014958      0x124 /opt/devkitpro/devkitARM/bin/../lib/gcc/arm-none-eabi/11.2.0/../../../../arm-none-eabi/lib/thumb/libg.a(lib_a-findfp.o)
                0x0000000002014958                __sinit
 .text.__sfp    0x0000000002014a7c       0xdc /opt/devkitpro/devkitARM/bin/../lib/gcc/arm-none-eabi/11.2.0/../../../../arm-none-eabi/lib/thumb/libg.a(lib_a-findfp.o)
                0x0000000002014a7c                __sfp
 .text.__sfp_lock_acquire
                0x0000000002014b58       0x14 /opt/devkitpro/devkitARM/bin/../lib/gcc/arm-none-eabi/11.2.0/../../../../arm-none-eabi/lib/thumb/libg.a(lib_a-findfp.o)
                0x0000000002014b58                __sfp_lock_acquire
 .text.__sfp_lock_release
                0x0000000002014b6c       0x14 /opt/devkitpro/devkitARM/bin/../lib/gcc/arm-none-eabi/11.2.0/../../../../arm-none-eabi/lib/thumb/libg.a(lib_a-findfp.o)
                0x0000000002014b6c                __sfp_lock_release
 .text._fopen_r
                0x0000000002014b80       0xb8 /opt/devkitpro/devkitARM/bin/../lib/gcc/arm-none-eabi/11.2.0/../../../../arm-none-eabi/lib/thumb/libg.a(lib_a-fopen.o)
                0x0000000002014b80                _fopen_r
 .text.fopen    0x0000000002014c38       0x18 /opt/devkitpro/devkitARM/bin/../lib/gcc/arm-none-eabi/11.2.0/../../../../arm-none-eabi/lib/thumb/libg.a(lib_a-fopen.o)
                0x0000000002014c38                fopen
 .text._fread_r
                0x0000000002014c50      0x1f4 /opt/devkitpro/devkitARM/bin/../lib/gcc/arm-none-eabi/11.2.0/../../../../arm-none-eabi/lib/thumb/libg.a(lib_a-fread.o)
                0x0000000002014c50                _fread_r
 .text.fread    0x0000000002014e44       0x24 /opt/devkitpro/devkitARM/bin/../lib/gcc/arm-none-eabi/11.2.0/../../../../arm-none-eabi/lib/thumb/libg.a(lib_a-fread.o)
                0x0000000002014e44                fread
 .text._malloc_trim_r
                0x0000000002014e68       0xa0 /opt/devkitpro/devkitARM/bin/../lib/gcc/arm-none-eabi/11.2.0/../../../../arm-none-eabi/lib/thumb/libg.a(lib_a-freer.o)
                0x0000000002014e68                _malloc_trim_r
 .text._free_r  0x0000000002014f08      0x1d8 /opt/devkitpro/devkitARM/bin/../lib/gcc/arm-none-eabi/11.2.0/../../../../arm-none-eabi/lib/thumb/libg.a(lib_a-freer.o)
                0x0000000002014f08                _free_r
 .text._fseek_r
                0x00000000020150e0       0x18 /opt/devkitpro/devkitARM/bin/../lib/gcc/arm-none-eabi/11.2.0/../../../../arm-none-eabi/lib/thumb/libg.a(lib_a-fseek.o)
                0x00000000020150e0                _fseek_r
 .text.fseek    0x00000000020150f8       0x24 /opt/devkitpro/devkitARM/bin/../lib/gcc/arm-none-eabi/11.2.0/../../../../arm-none-eabi/lib/thumb/libg.a(lib_a-fseek.o)
                0x00000000020150f8                fseek
 .text._fseeko_r
                0x000000000201511c      0x41c /opt/devkitpro/devkitARM/bin/../lib/gcc/arm-none-eabi/11.2.0/../../../../arm-none-eabi/lib/thumb/libg.a(lib_a-fseeko.o)
                0x000000000201511c                _fseeko_r
 .text.ftell    0x0000000002015538       0x24 /opt/devkitpro/devkitARM/bin/../lib/gcc/arm-none-eabi/11.2.0/../../../../arm-none-eabi/lib/thumb/libg.a(lib_a-ftell.o)
                0x0000000002015538                ftell
 .text._ftello_r
                0x000000000201555c      0x11c /opt/devkitpro/devkitARM/bin/../lib/gcc/arm-none-eabi/11.2.0/../../../../arm-none-eabi/lib/thumb/libg.a(lib_a-ftello.o)
                0x000000000201555c                _ftello_r
 .text._fwalk   0x0000000002015678       0x48 /opt/devkitpro/devkitARM/bin/../lib/gcc/arm-none-eabi/11.2.0/../../../../arm-none-eabi/lib/thumb/libg.a(lib_a-fwalk.o)
                0x0000000002015678                _fwalk
 .text._fwalk_reent
                0x00000000020156c0       0x50 /opt/devkitpro/devkitARM/bin/../lib/gcc/arm-none-eabi/11.2.0/../../../../arm-none-eabi/lib/thumb/libg.a(lib_a-fwalk.o)
                0x00000000020156c0                _fwalk_reent
 .text.__libc_init_array
                0x0000000002015710       0x50 /opt/devkitpro/devkitARM/bin/../lib/gcc/arm-none-eabi/11.2.0/../../../../arm-none-eabi/lib/thumb/libg.a(lib_a-init.o)
                0x0000000002015710                __libc_init_array
 .text.iprintf  0x0000000002015760       0x24 /opt/devkitpro/devkitARM/bin/../lib/gcc/arm-none-eabi/11.2.0/../../../../arm-none-eabi/lib/thumb/libg.a(lib_a-iprintf.o)
                0x0000000002015760                iprintf
 .text.localtime_r
                0x0000000002015784      0x244 /opt/devkitpro/devkitARM/bin/../lib/gcc/arm-none-eabi/11.2.0/../../../../arm-none-eabi/lib/thumb/libg.a(lib_a-lcltime_r.o)
                0x0000000002015784                localtime_r
 .text.__locale_mb_cur_max
                0x00000000020159c8       0x10 /opt/devkitpro/devkitARM/bin/../lib/gcc/arm-none-eabi/11.2.0/../../../../arm-none-eabi/lib/thumb/libg.a(lib_a-locale.o)
                0x00000000020159c8                __locale_mb_cur_max
 .text.__smakebuf_r
                0x00000000020159d8       0xec /opt/devkitpro/devkitARM/bin/../lib/gcc/arm-none-eabi/11.2.0/../../../../arm-none-eabi/lib/thumb/libg.a(lib_a-makebuf.o)
                0x00000000020159d8                __smakebuf_r
 .text.__swhatbuf_r
                0x0000000002015ac4       0x5c /opt/devkitpro/devkitARM/bin/../lib/gcc/arm-none-eabi/11.2.0/../../../../arm-none-eabi/lib/thumb/libg.a(lib_a-makebuf.o)
                0x0000000002015ac4                __swhatbuf_r
 .text.malloc   0x0000000002015b20       0x14 /opt/devkitpro/devkitARM/bin/../lib/gcc/arm-none-eabi/11.2.0/../../../../arm-none-eabi/lib/thumb/libg.a(lib_a-malloc.o)
                0x0000000002015b20                malloc
 .text.free     0x0000000002015b34       0x14 /opt/devkitpro/devkitARM/bin/../lib/gcc/arm-none-eabi/11.2.0/../../../../arm-none-eabi/lib/thumb/libg.a(lib_a-malloc.o)
                0x0000000002015b34                free
 .text._malloc_r
                0x0000000002015b48      0x58c /opt/devkitpro/devkitARM/bin/../lib/gcc/arm-none-eabi/11.2.0/../../../../arm-none-eabi/lib/thumb/libg.a(lib_a-mallocr.o)
                0x0000000002015b48                _malloc_r
 .text._mbrtowc_r
                0x00000000020160d4       0x60 /opt/devkitpro/devkitARM/bin/../lib/gcc/arm-none-eabi/11.2.0/../../../../arm-none-eabi/lib/thumb/libg.a(lib_a-mbrtowc.o)
                0x00000000020160d4                _mbrtowc_r
 .text.mbrtowc  0x0000000002016134       0x7c /opt/devkitpro/devkitARM/bin/../lib/gcc/arm-none-eabi/11.2.0/../../../../arm-none-eabi/lib/thumb/libg.a(lib_a-mbrtowc.o)
                0x0000000002016134                mbrtowc
 .text.mbsrtowcs
                0x00000000020161b0       0x28 /opt/devkitpro/devkitARM/bin/../lib/gcc/arm-none-eabi/11.2.0/../../../../arm-none-eabi/lib/thumb/libg.a(lib_a-mbsrtowcs.o)
                0x00000000020161b0                mbsrtowcs
 .text.__utf8_mbtowc
                0x00000000020161d8      0x294 /opt/devkitpro/devkitARM/bin/../lib/gcc/arm-none-eabi/11.2.0/../../../../arm-none-eabi/lib/thumb/libg.a(lib_a-mbtowc_r.o)
                0x00000000020161d8                __utf8_mbtowc
 .text.memchr   0x000000000201646c       0x78 /opt/devkitpro/devkitARM/bin/../lib/gcc/arm-none-eabi/11.2.0/../../../../arm-none-eabi/lib/thumb/libg.a(lib_a-memchr-stub.o)
                0x000000000201646c                memchr
 .text.memcmp   0x00000000020164e4       0x4c /opt/devkitpro/devkitARM/bin/../lib/gcc/arm-none-eabi/11.2.0/../../../../arm-none-eabi/lib/thumb/libg.a(lib_a-memcmp.o)
                0x00000000020164e4                memcmp
 .text.memcpy   0x0000000002016530       0xa8 /opt/devkitpro/devkitARM/bin/../lib/gcc/arm-none-eabi/11.2.0/../../../../arm-none-eabi/lib/thumb/libg.a(lib_a-memcpy-stub.o)
                0x0000000002016530                memcpy
 .text.memmove  0x00000000020165d8       0xbc /opt/devkitpro/devkitARM/bin/../lib/gcc/arm-none-eabi/11.2.0/../../../../arm-none-eabi/lib/thumb/libg.a(lib_a-memmove.o)
                0x00000000020165d8                memmove
 .text.memset   0x0000000002016694       0xb0 /opt/devkitpro/devkitARM/bin/../lib/gcc/arm-none-eabi/11.2.0/../../../../arm-none-eabi/lib/thumb/libg.a(lib_a-memset.o)
                0x0000000002016694                memset
 .text.validate_structure
                0x0000000002016744      0x1dc /opt/devkitpro/devkitARM/bin/../lib/gcc/arm-none-eabi/11.2.0/../../../../arm-none-eabi/lib/thumb/libg.a(lib_a-mktime.o)
 .text.mktime   0x0000000002016920      0x450 /opt/devkitpro/devkitARM/bin/../lib/gcc/arm-none-eabi/11.2.0/../../../../arm-none-eabi/lib/thumb/libg.a(lib_a-mktime.o)
                0x0000000002016920                mktime
 .text.__malloc_lock
                0x0000000002016d70       0x14 /opt/devkitpro/devkitARM/bin/../lib/gcc/arm-none-eabi/11.2.0/../../../../arm-none-eabi/lib/thumb/libg.a(lib_a-mlock.o)
                0x0000000002016d70                __malloc_lock
 .text.__malloc_unlock
                0x0000000002016d84       0x14 /opt/devkitpro/devkitARM/bin/../lib/gcc/arm-none-eabi/11.2.0/../../../../arm-none-eabi/lib/thumb/libg.a(lib_a-mlock.o)
                0x0000000002016d84                __malloc_unlock
 .text.realloc  0x0000000002016d98       0x18 /opt/devkitpro/devkitARM/bin/../lib/gcc/arm-none-eabi/11.2.0/../../../../arm-none-eabi/lib/thumb/libg.a(lib_a-realloc.o)
                0x0000000002016d98                realloc
 .text._realloc_r
                0x0000000002016db0      0x380 /opt/devkitpro/devkitARM/bin/../lib/gcc/arm-none-eabi/11.2.0/../../../../arm-none-eabi/lib/thumb/libg.a(lib_a-reallocr.o)
                0x0000000002016db0                _realloc_r
 .text.lflush   0x0000000002017130       0x20 /opt/devkitpro/devkitARM/bin/../lib/gcc/arm-none-eabi/11.2.0/../../../../arm-none-eabi/lib/thumb/libg.a(lib_a-refill.o)
 .text.__srefill_r
                0x0000000002017150      0x118 /opt/devkitpro/devkitARM/bin/../lib/gcc/arm-none-eabi/11.2.0/../../../../arm-none-eabi/lib/thumb/libg.a(lib_a-refill.o)
                0x0000000002017150                __srefill_r
 .text.rewind   0x0000000002017268       0x20 /opt/devkitpro/devkitARM/bin/../lib/gcc/arm-none-eabi/11.2.0/../../../../arm-none-eabi/lib/thumb/libg.a(lib_a-rewind.o)
                0x0000000002017268                rewind
 .text.setvbuf  0x0000000002017288      0x1ac /opt/devkitpro/devkitARM/bin/../lib/gcc/arm-none-eabi/11.2.0/../../../../arm-none-eabi/lib/thumb/libg.a(lib_a-setvbuf.o)
                0x0000000002017288                setvbuf
 .text._raise_r
                0x0000000002017434       0x64 /opt/devkitpro/devkitARM/bin/../lib/gcc/arm-none-eabi/11.2.0/../../../../arm-none-eabi/lib/thumb/libg.a(lib_a-signal.o)
                0x0000000002017434                _raise_r
 .text.raise    0x0000000002017498       0x14 /opt/devkitpro/devkitARM/bin/../lib/gcc/arm-none-eabi/11.2.0/../../../../arm-none-eabi/lib/thumb/libg.a(lib_a-signal.o)
                0x0000000002017498                raise
 .text.siscanf  0x00000000020174ac       0x4c /opt/devkitpro/devkitARM/bin/../lib/gcc/arm-none-eabi/11.2.0/../../../../arm-none-eabi/lib/thumb/libg.a(lib_a-siscanf.o)
                0x00000000020174ac                siscanf
 .text.sprintf  0x00000000020174f8       0x40 /opt/devkitpro/devkitARM/bin/../lib/gcc/arm-none-eabi/11.2.0/../../../../arm-none-eabi/lib/thumb/libg.a(lib_a-sprintf.o)
                0x00000000020174f8                sprintf
 .text.__sread  0x0000000002017538       0x34 /opt/devkitpro/devkitARM/bin/../lib/gcc/arm-none-eabi/11.2.0/../../../../arm-none-eabi/lib/thumb/libg.a(lib_a-stdio.o)
                0x0000000002017538                __sread
 .text.__seofread
                0x000000000201756c        0x4 /opt/devkitpro/devkitARM/bin/../lib/gcc/arm-none-eabi/11.2.0/../../../../arm-none-eabi/lib/thumb/libg.a(lib_a-stdio.o)
                0x000000000201756c                __seofread
 .text.__swrite
                0x0000000002017570       0x4c /opt/devkitpro/devkitARM/bin/../lib/gcc/arm-none-eabi/11.2.0/../../../../arm-none-eabi/lib/thumb/libg.a(lib_a-stdio.o)
                0x0000000002017570                __swrite
 .text.__sseek  0x00000000020175bc       0x40 /opt/devkitpro/devkitARM/bin/../lib/gcc/arm-none-eabi/11.2.0/../../../../arm-none-eabi/lib/thumb/libg.a(lib_a-stdio.o)
                0x00000000020175bc                __sseek
 .text.__sclose
                0x00000000020175fc       0x10 /opt/devkitpro/devkitARM/bin/../lib/gcc/arm-none-eabi/11.2.0/../../../../arm-none-eabi/lib/thumb/libg.a(lib_a-stdio.o)
                0x00000000020175fc                __sclose
 .text.stpcpy   0x000000000201760c       0x50 /opt/devkitpro/devkitARM/bin/../lib/gcc/arm-none-eabi/11.2.0/../../../../arm-none-eabi/lib/thumb/libg.a(lib_a-stpcpy.o)
                0x000000000201760c                stpcpy
 .text.strcasecmp
                0x000000000201765c       0x48 /opt/devkitpro/devkitARM/bin/../lib/gcc/arm-none-eabi/11.2.0/../../../../arm-none-eabi/lib/thumb/libg.a(lib_a-strcasecmp.o)
                0x000000000201765c                strcasecmp
 .text.strchr   0x00000000020176a4       0xc8 /opt/devkitpro/devkitARM/bin/../lib/gcc/arm-none-eabi/11.2.0/../../../../arm-none-eabi/lib/thumb/libg.a(lib_a-strchr.o)
                0x00000000020176a4                strchr
 .text.strcpy   0x000000000201776c       0x10 /opt/devkitpro/devkitARM/bin/../lib/gcc/arm-none-eabi/11.2.0/../../../../arm-none-eabi/lib/thumb/libg.a(lib_a-strcpy.o)
                0x000000000201776c                strcpy
 .text.strdup   0x000000000201777c       0x14 /opt/devkitpro/devkitARM/bin/../lib/gcc/arm-none-eabi/11.2.0/../../../../arm-none-eabi/lib/thumb/libg.a(lib_a-strdup.o)
                0x000000000201777c                strdup
 .text._strdup_r
                0x0000000002017790       0x2c /opt/devkitpro/devkitARM/bin/../lib/gcc/arm-none-eabi/11.2.0/../../../../arm-none-eabi/lib/thumb/libg.a(lib_a-strdup_r.o)
                0x0000000002017790                _strdup_r
 .text.strlen   0x00000000020177bc       0x60 /opt/devkitpro/devkitARM/bin/../lib/gcc/arm-none-eabi/11.2.0/../../../../arm-none-eabi/lib/thumb/libg.a(lib_a-strlen-stub.o)
                0x00000000020177bc                strlen
 .text.strncasecmp
                0x000000000201781c       0x54 /opt/devkitpro/devkitARM/bin/../lib/gcc/arm-none-eabi/11.2.0/../../../../arm-none-eabi/lib/thumb/libg.a(lib_a-strncasecmp.o)
                0x000000000201781c                strncasecmp
 .text.strncmp  0x0000000002017870       0x78 /opt/devkitpro/devkitARM/bin/../lib/gcc/arm-none-eabi/11.2.0/../../../../arm-none-eabi/lib/thumb/libg.a(lib_a-strncmp.o)
                0x0000000002017870                strncmp
 .text.strncpy  0x00000000020178e8       0x74 /opt/devkitpro/devkitARM/bin/../lib/gcc/arm-none-eabi/11.2.0/../../../../arm-none-eabi/lib/thumb/libg.a(lib_a-strncpy.o)
                0x00000000020178e8                strncpy