Archive member included to satisfy reference by file (symbol)

/root/repo/DSCord/nflib/lib/libnflib.a(nf_2d.o)
                              main.o (NF_Set2D)
/root/repo/DSCord/nflib/lib/libnflib.a(nf_basic.o)
                              /root/repo/DSCord/nflib/lib/libnflib.a(nf_2d.o) (NF_Error)
/root/repo/DSCord/nflib/lib/libnflib.a(nf_sprite256.o)
                              main.o (NF_InitSpriteBuffers)
/root/repo/DSCord/nflib/lib/libnflib.a(nf_text.o)
                              main.o (NF_InitTextSys)
/root/repo/DSCord/nflib/lib/libnflib.a(nf_tiledbg.o)
                              main.o (NF_InitTiledBgBuffers)
/opt/devkitpro/libnds/lib/libfilesystem.a(nitrofs.o)
                              /root/repo/DSCord/nflib/lib/libnflib.a(nf_basic.o) (nitroFSInit)
/opt/devkitpro/libnds/lib/libfat.a(libfat.o)
                              /root/repo/DSCord/nflib/lib/libnflib.a(nf_basic.o) (fatInitDefault)
/opt/devkitpro/libnds/lib/libfat.a(disc.o)
                              /opt/devkitpro/libnds/lib/libfat.a(libfat.o) (_FAT_disc_interfaces)
/opt/devkitpro/libnds/lib/libfat.a(fatfile.o)
                              /opt/devkitpro/libnds/lib/libfat.a(libfat.o) (_FAT_open_r)
/opt/devkitpro/libnds/lib/libfat.a(cache.o)
                              /opt/devkitpro/libnds/lib/libfat.a(fatfile.o) (_FAT_cache_readSectors)
/opt/devkitpro/libnds/lib/libfat.a(fatdir.o)
                              /opt/devkitpro/libnds/lib/libfat.a(libfat.o) (_FAT_stat_r)
/opt/devkitpro/libnds/lib/libfat.a(directory.o)
                              /opt/devkitpro/libnds/lib/libfat.a(fatfile.o) (_FAT_directory_entryGetCluster)
/opt/devkitpro/libnds/lib/libfat.a(partition.o)
                              /opt/devkitpro/libnds/lib/libfat.a(libfat.o) (_FAT_partition_destructor)
/opt/devkitpro/libnds/lib/libfat.a(lock.o)
                              /opt/devkitpro/libnds/lib/libfat.a(partition.o) (_FAT_lock_init)
/opt/devkitpro/libnds/lib/libfat.a(filetime.o)
                              /opt/devkitpro/libnds/lib/libfat.a(fatfile.o) (_FAT_filetime_getTimeFromRTC)
/opt/devkitpro/libnds/lib/libfat.a(file_allocation_table.o)
                              /opt/devkitpro/libnds/lib/libfat.a(fatfile.o) (_FAT_fat_nextCluster)
/opt/devkitpro/libnds/lib/libnds9.a(video.o)
                              main.o (vramSetPrimaryBanks)
/opt/devkitpro/libnds/lib/libnds9.a(console.o)
                              /root/repo/DSCord/nflib/lib/libnflib.a(nf_basic.o) (consoleDemoInit)
/opt/devkitpro/libnds/lib/libnds9.a(keyboard.o)
                              main.o (keyboardUpdate)
/opt/devkitpro/libnds/lib/libnds9.a(sprite.o)
                              /root/repo/DSCord/nflib/lib/libnflib.a(nf_sprite256.o) (oamInit)
/opt/devkitpro/libnds/lib/libnds9.a(keys.o)
                              main.o (scanKeys)
/opt/devkitpro/libnds/lib/libnds9.a(dldi.o)
                              /opt/devkitpro/libnds/lib/libfat.a(disc.o) (dldiGetInternal)
/opt/devkitpro/libnds/lib/libnds9.a(initSystem.o)
                              /opt/devkitpro/devkitARM/bin/../lib/gcc/arm-none-eabi/11.2.0/../../../../arm-none-eabi/lib/thumb/ds_arm9_crt0.o (initSystem)
/opt/devkitpro/libnds/lib/libnds9.a(securearea.o)
                              /opt/devkitpro/devkitARM/bin/../lib/gcc/arm-none-eabi/11.2.0/../../../../arm-none-eabi/lib/thumb/ds_arm9_crt0.o (__secure_area__)
/opt/devkitpro/libnds/lib/libnds9.a(interrupts.o)
                              /opt/devkitpro/libnds/lib/libnds9.a(initSystem.o) (irqInit)
/opt/devkitpro/libnds/lib/libnds9.a(libnds_exit.arm.o)
                              /opt/devkitpro/devkitARM/bin/../lib/gcc/arm-none-eabi/11.2.0/../../../../arm-none-eabi/lib/thumb/ds_arm9_crt0.o (__libnds_exit)
/opt/devkitpro/libnds/lib/libnds9.a(card.o)
                              /opt/devkitpro/libnds/lib/libfilesystem.a(nitrofs.o) (cardParamCommand)
/opt/devkitpro/libnds/lib/libnds9.a(fifosystem.o)
                              /opt/devkitpro/libnds/lib/libnds9.a(initSystem.o) (fifoSetValue32Handler)
/opt/devkitpro/libnds/lib/libnds9.a(dcache.o)
                              /root/repo/DSCord/nflib/lib/libnflib.a(nf_basic.o) (DC_FlushRange)
/opt/devkitpro/libnds/lib/libnds9.a(dldi_stub.o)
                              /opt/devkitpro/libnds/lib/libnds9.a(dldi.o) (_io_dldi_stub)
/opt/devkitpro/libnds/lib/libnds9.a(mpu_setup.o)
                              /opt/devkitpro/devkitARM/bin/../lib/gcc/arm-none-eabi/11.2.0/../../../../arm-none-eabi/lib/thumb/ds_arm9_crt0.o (__libnds_mpu_setup)
/opt/devkitpro/libnds/lib/libnds9.a(IntrWait.o)
                              main.o (swiWaitForVBlank)
/opt/devkitpro/libnds/lib/libnds9.a(cpu_clock.o)
                              /opt/devkitpro/libnds/lib/libnds9.a(initSystem.o) (setCpuClock)
/opt/devkitpro/libnds/lib/libnds9.a(interruptDispatcher.o)
                              /opt/devkitpro/libnds/lib/libnds9.a(interrupts.o) (IntrMain)
/opt/devkitpro/libnds/lib/libnds9.a(biosCalls.o)
[...]
Memory Configuration

Name             Origin             Length             Attributes
ewram            0x0000000002000000 0x0000000000380000
dtcm             0x0000000002ff0000 0x0000000000004000
vectors          0x0000000001000000 0x0000000000000100
itcm             0x0000000001000100 0x0000000000007f00
*default*        0x0000000000000000 0xffffffffffffffff

Linker script and memory map

                0x0000000002380000                __ewram_end = (ORIGIN (ewram) + LENGTH (ewram))
                0x0000000002380000                __eheap_end = (ORIGIN (ewram) + LENGTH (ewram))
                0x0000000002ff4000                __dtcm_top = (ORIGIN (dtcm) + LENGTH (dtcm))
                0x0000000002ff3ff8                __irq_flags = (__dtcm_top - 0x8)
                0x0000000002ff3ffc                __irq_vector = (__dtcm_top - 0x4)
                0x0000000002ff3f00                __sp_svc = (__dtcm_top - 0x100)
                0x0000000002ff3e00                __sp_irq = (__sp_svc - 0x100)
                0x0000000002ff3d00                __sp_usr = (__sp_irq - 0x100)

.secure         0x0000000002000000      0x800
 *(.secure)
 .secure        0x0000000002000000      0x800 /opt/devkitpro/libnds/lib/libnds9.a(securearea.o)
                0x0000000002000000                __secure_area__

.crt0           0x0000000002000800      0x300
                0x0000000002000800                __text_start = .
 *(.crt0)
 .crt0          0x0000000002000800      0x300 /opt/devkitpro/devkitARM/bin/../lib/gcc/arm-none-eabi/11.2.0/../../../../arm-none-eabi/lib/thumb/ds_arm9_crt0.o
                0x0000000002000800                _start
                0x0000000002000b00                . = ALIGN (0x4)

.plt
 *(.plt)

.init           0x0000000002000b00        0xc
 *(SORT_NONE(.init))
 .init          0x0000000002000b00        0x4 /opt/devkitpro/devkitARM/bin/../lib/gcc/arm-none-eabi/11.2.0/thumb/crti.o
                0x0000000002000b00                _init
 .init          0x0000000002000b04        0x8 /opt/devkitpro/devkitARM/bin/../lib/gcc/arm-none-eabi/11.2.0/thumb/crtn.o

.text           0x0000000002000b40    0x20ff8
 *(EXCLUDE_FILE(*.twl* *.vectors* *.itcm*) .text)
 .text          0x0000000002000b40      0x874 /root/repo/DSCord/nflib/lib/libnflib.a(nf_2d.o)
                0x0000000002000b40                NF_Set2D
                0x0000000002000ba8                NF_ShowBg
                0x0000000002000c24                NF_HideBg
                0x0000000002000cc8                NF_ScrollBg
                0x0000000002001018                NF_MoveSprite
                0x0000000002001038                NF_SpriteLayer
                0x0000000002001054                NF_ShowSprite
                0x0000000002001074                NF_HflipSprite
                0x0000000002001090                NF_GetSpriteHflip
                0x00000000020010ac                NF_VflipSprite
                0x00000000020010c8                NF_GetSpriteVflip
                0x00000000020010e4                NF_SpriteFrame
                0x00000000020011b4                NF_EnableSpriteRotScale
                0x0000000002001248                NF_DisableSpriteRotScale
                0x00000000020012bc                NF_SpriteRotScale
 .text          0x00000000020013b4      0x4a0 /root/repo/DSCord/nflib/lib/libnflib.a(nf_basic.o)
                0x00000000020013b4                NF_Error
                0x0000000002001660                NF_SetRootFolder
                0x00000000020017b8                NF_DmaMemCopy
                0x0000000002001844                NF_GetLanguage
 .text          0x0000000002001854     0x13b4 /root/repo/DSCord/nflib/lib/libnflib.a(nf_sprite256.o)
                0x0000000002001854                NF_InitSpriteBuffers
                0x00000000020018a0                NF_ResetSpriteBuffers
                0x00000000020018d4                NF_InitSpriteSys
                0x0000000002001ae4                NF_LoadSpriteGfx
                0x0000000002001bf4                NF_UnloadSpriteGfx
                0x0000000002001c64                NF_LoadSpritePal
                0x0000000002001d60                NF_UnloadSpritePal
                0x0000000002001db0                NF_VramSpriteGfx
                0x0000000002002108                NF_VramSpriteGfxDefrag
                0x000000000200230c                NF_FreeSpriteGfx
                0x000000000200240c                NF_VramSpritePal
                0x00000000020024e0                NF_CreateSprite
                0x0000000002002880                NF_DeleteSprite
                0x0000000002002920                NF_SpriteOamSet
                0x00000000020029f8                NF_SpriteSetPalColor
                0x0000000002002a90                NF_SpriteEditPalColor
                0x0000000002002b0c                NF_SpriteUpdatePalette
                0x0000000002002b9c                NF_SpriteGetPalColor
 .text          0x0000000002002c08      0x844 /root/repo/DSCord/nflib/lib/libnflib.a(nf_text.o)
                0x0000000002002c08                NF_InitTextSys
                0x0000000002002c3c                NF_LoadTextFont
                0x0000000002002e90                NF_UnloadTextFont
                0x0000000002002e98                NF_CreateTextLayer
                0x0000000002002f2c                NF_DeleteTextLayer
                0x0000000002002f84                NF_WriteText
                0x00000000020032dc                NF_UpdateTextLayers
                0x0000000002003324                NF_ClearTextLayer
                0x000000000200338c                NF_DefineTextColor
                0x0000000002003430                NF_SetTextColor
 .text          0x000000000200344c     0x19fc /root/repo/DSCord/nflib/lib/libnflib.a(nf_tiledbg.o)
                0x000000000200344c                NF_InitTiledBgBuffers
                0x00000000020034e8                NF_ResetTiledBgBuffers
                0x000000000200354c                NF_InitTiledBgSys
                0x000000000200367c                NF_LoadTiledBg
                0x00000000020038fc                NF_LoadTilesForBg
                0x0000000002003b78                NF_UnloadTiledBg
                0x0000000002003c30                NF_DeleteTiledBg
                0x0000000002003dd8                NF_CreateTiledBg
                0x0000000002004400                NF_GetTileMapAddress
                0x00000000020044bc                NF_GetTileOfMap
                0x00000000020044f4                NF_SetTileOfMap
                0x0000000002004538                NF_UpdateVramMap
                0x0000000002004658                NF_BgSetPalColor
                0x0000000002004708                NF_BgEditPalColor
                0x00000000020047ac                NF_BgUpdatePalette
                0x000000000200486c                NF_BgGetPalColor
                0x0000000002004904                NF_GetTilePal
                0x0000000002004938                NF_SetTilePal
                0x0000000002004980                NF_LoadExBgPal
                0x0000000002004a6c                NF_UnloadExBgPal
                0x0000000002004abc                NF_VramExBgPal
                0x0000000002004b70                NF_SetExBgPal
                0x0000000002004c30                NF_SetTileHflip
                0x0000000002004c6c                NF_SetTileVflip
                0x0000000002004ca8                NF_RotateTileGfx
 *fill*         0x0000000002004e48       0x38 ff
 .text          0x0000000002004e80     0x4000 /opt/devkitpro/libnds/lib/libnds9.a(dldi_stub.o)
                0x0000000002004e80                _io_dldi_stub
 .text          0x0000000002008e80      0x11c /opt/devkitpro/devkitARM/bin/../lib/gcc/arm-none-eabi/11.2.0/thumb/libgcc.a(_udivsi3.o)
                0x0000000002008e80                __udivsi3
                0x0000000002008e80                __aeabi_uidiv
                0x0000000002008f7c                __aeabi_uidivmod
 .text          0x0000000002008f9c      0x150 /opt/devkitpro/devkitARM/bin/../lib/gcc/arm-none-eabi/11.2.0/thumb/libgcc.a(_divsi3.o)
                0x0000000002008f9c                __aeabi_idiv
                0x0000000002008f9c                __divsi3
                0x00000000020090cc                __aeabi_idivmod
 .text          0x00000000020090ec        0x4 /opt/devkitpro/devkitARM/bin/../lib/gcc/arm-none-eabi/11.2.0/thumb/libgcc.a(_dvmd_tls.o)
                0x00000000020090ec                __aeabi_ldiv0
                0x00000000020090ec                __aeabi_idiv0
 .text          0x00000000020090f0       0xd4 /opt/devkitpro/devkitARM/bin/../lib/gcc/arm-none-eabi/11.2.0/thumb/libgcc.a(_aeabi_ldivmod.o)
                0x00000000020090f0                __aeabi_ldivmod
 .text          0x00000000020091c4      0x1d8 /opt/devkitpro/devkitARM/bin/../lib/gcc/arm-none-eabi/11.2.0/thumb/libgcc.a(libunwind.o)
                0x00000000020091c4                __restore_core_regs
                0x00000000020091c4                restore_core_regs
                0x00000000020091e0                __gnu_Unwind_Restore_VFP
                0x00000000020091e8                __gnu_Unwind_Save_VFP
                0x00000000020091f0                __gnu_Unwind_Restore_VFP_D
                0x00000000020091f8                __gnu_Unwind_Save_VFP_D
                0x0000000002009200                __gnu_Unwind_Restore_VFP_D_16_to_31
                0x0000000002009208                __gnu_Unwind_Save_VFP_D_16_to_31
                0x0000000002009210                __gnu_Unwind_Restore_WMMXD
                0x0000000002009254                __gnu_Unwind_Save_WMMXD
                0x0000000002009298                __gnu_Unwind_Restore_WMMXC
                0x00000000020092ac                __gnu_Unwind_Save_WMMXC
                0x00000000020092c0                ___Unwind_RaiseException
                0x00000000020092c0                _Unwind_RaiseException
                0x00000000020092ec                ___Unwind_Resume
                0x00000000020092ec                _Unwind_Resume
                0x0000000002009318                _Unwind_Resume_or_Rethrow
                0x0000000002009318                ___Unwind_Resume_or_Rethrow
                0x0000000002009344                ___Unwind_ForcedUnwind
                0x0000000002009344                _Unwind_ForcedUnwind
                0x0000000002009370                _Unwind_Backtrace
                0x0000000002009370                ___Unwind_Backtrace
 .text          0x000000000200939c       0x28 /opt/devkitpro/devkitARM/bin/../lib/gcc/arm-none-eabi/11.2.0/thumb/libgcc.a(_clzdi2.o)
                0x000000000200939c                __clzdi2
 .text          0x00000000020093c4       0x48 /opt/devkitpro/devkitARM/bin/../lib/gcc/arm-none-eabi/11.2.0/thumb/libgcc.a(_clzsi2.o)
                0x00000000020093c4                __clzsi2
 .text          0x000000000200940c      0x224 /opt/devkitpro/devkitARM/bin/../lib/gcc/arm-none-eabi/11.2.0/../../../../arm-none-eabi/lib/thumb/libg.a(lib_a-strcmp.o)
                0x000000000200940c                strcmp
 .text          0x0000000002009630       0x14 /opt/devkitpro/devkitARM/bin/../lib/gcc/arm-none-eabi/11.2.0/thumb/libgcc.a(_thumb1_case_uqi.o)
                0x0000000002009630                __gnu_thumb1_case_uqi
 .text          0x0000000002009644       0x14 /opt/devkitpro/devkitARM/bin/../lib/gcc/arm-none-eabi/11.2.0/thumb/libgcc.a(_thumb1_case_uhi.o)
                0x0000000002009644                __gnu_thumb1_case_uhi
 .text          0x0000000002009658      0x424 /opt/devkitpro/devkitARM/bin/../lib/gcc/arm-none-eabi/11.2.0/thumb/libgcc.a(_arm_addsubdf3.o)
                0x0000000002009658                __aeabi_drsub
                0x0000000002009660                __aeabi_dsub
                0x0000000002009660                __subdf3
                0x0000000002009664                __adddf3
                0x0000000002009664                __aeabi_dadd
                0x0000000002009974                __aeabi_ui2d
                0x0000000002009974                __floatunsidf
                0x0000000002009998                __floatsidf
                0x0000000002009998                __aeabi_i2d
                0x00000000020099c0                __extendsfdf2
                0x00000000020099c0                __aeabi_f2d
                0x0000000002009a08                __aeabi_ul2d
                0x0000000002009a08                __floatundidf
                0x0000000002009a1c                __floatdidf
                0x0000000002009a1c                __aeabi_l2d
 .text          0x0000000002009a7c      0x49c /opt/devkitpro/devkitARM/bin/../lib/gcc/arm-none-eabi/11.2.0/thumb/libgcc.a(_arm_muldivdf3.o)
                0x0000000002009a7c                __aeabi_dmul
                0x0000000002009a7c                __muldf3
                0x0000000002009d0c                __aeabi_ddiv
                0x0000000002009d0c                __divdf3
 .text          0x0000000002009f18      0x144 /opt/devkitpro/devkitARM/bin/../lib/gcc/arm-none-eabi/11.2.0/thumb/libgcc.a(_arm_cmpdf2.o)
                0x0000000002009f18                __gtdf2
                0x0000000002009f18                __gedf2
                0x0000000002009f20                __ltdf2
                0x0000000002009f20                __ledf2
                0x0000000002009f28                __cmpdf2
                0x0000000002009f28                __eqdf2
                0x0000000002009f28                __nedf2
                0x0000000002009fb0                __aeabi_cdrcmple
                0x0000000002009fcc                __aeabi_cdcmple
                0x0000000002009fcc                __aeabi_cdcmpeq
                0x0000000002009fe4                __aeabi_dcmpeq
                0x0000000002009ffc                __aeabi_dcmplt
                0x000000000200a014                __aeabi_dcmple
                0x000000000200a02c                __aeabi_dcmpge
                0x000000000200a044                __aeabi_dcmpgt
 .text          0x000000000200a05c       0x38 /opt/devkitpro/devkitARM/bin/../lib/gcc/arm-none-eabi/11.2.0/thumb/libgcc.a(_arm_unorddf2.o)
                0x000000000200a05c                __aeabi_dcmpun
                0x000000000200a05c                __unorddf2
 .text          0x000000000200a094       0x5c /opt/devkitpro/devkitARM/bin/../lib/gcc/arm-none-eabi/11.2.0/thumb/libgcc.a(_arm_fixdfsi.o)
                0x000000000200a094                __fixdfsi
                0x000000000200a094                __aeabi_d2iz
 .text          0x000000000200a0f0       0x3c /opt/devkitpro/devkitARM/bin/../lib/gcc/arm-none-eabi/11.2.0/thumb/libgcc.a(_aeabi_uldivmod.o)
                0x000000000200a0f0                __aeabi_uldivmod
 *(EXCLUDE_FILE(*.twl* *.vectors* *.itcm*) .stub)
 *(EXCLUDE_FILE(*.twl* *.vectors* *.itcm*) .text.*)
 .text.__do_global_dtors_aux
                0x000000000200a12c       0x2c /opt/devkitpro/devkitARM/bin/../lib/gcc/arm-none-eabi/11.2.0/thumb/crtbegin.o
 .text.frame_dummy
                0x000000000200a158       0x24 /opt/devkitpro/devkitARM/bin/../lib/gcc/arm-none-eabi/11.2.0/thumb/crtbegin.o
 .text.startup  0x000000000200a17c      0x39c main.o
                0x000000000200a17c                main
 .text._ZNSt7__cxx1112basic_stringIcSt11char_traitsIcESaIcEEC2IS3_EEPKcRKS3_
                0x000000000200a518       0x68 main.o
                0x000000000200a518                std::__cxx11::basic_string<char, std::char_traits<char>, std::allocator<char> >::basic_string<std::allocator<char> >(char const*, std::allocator<char> const&)
                0x000000000200a518                std::__cxx11::basic_string<char, std::char_traits<char>, std::allocator<char> >::basic_string<std::allocator<char> >(char const*, std::allocator<char> const&)
 .text.exit     0x000000000200a580       0x18 main.o
 .text.nitroFSDirClose
                0x000000000200a598        0x4 /opt/devkitpro/libnds/lib/libfilesystem.a(nitrofs.o)
 .text.nitroFSSeek
                0x000000000200a59c       0x78 /opt/devkitpro/libnds/lib/libfilesystem.a(nitrofs.o)
 .text.nitroFSFstat
                0x000000000200a614       0x10 /opt/devkitpro/libnds/lib/libfilesystem.a(nitrofs.o)
 .text.nitroSubReadBlock
                0x000000000200a624       0x54 /opt/devkitpro/libnds/lib/libfilesystem.a(nitrofs.o)
 .text.nitroSubReadCard
                0x000000000200a678       0xb0 /opt/devkitpro/libnds/lib/libfilesystem.a(nitrofs.o)
 .text.nitroFSClose
                0x000000000200a728        0x4 /opt/devkitpro/libnds/lib/libfilesystem.a(nitrofs.o)
 .text.nitroDirReset
                0x000000000200a72c       0x9c /opt/devkitpro/libnds/lib/libfilesystem.a(nitrofs.o)
 .text.nitroFSRead
                0x000000000200a7c8       0xbc /opt/devkitpro/libnds/lib/libfilesystem.a(nitrofs.o)
 .text.nitroFSDirNext
                0x000000000200a884      0x30c /opt/devkitpro/libnds/lib/libfilesystem.a(nitrofs.o)
 .text.nitroFSDirOpen
                0x000000000200ab90       0xe0 /opt/devkitpro/libnds/lib/libfilesystem.a(nitrofs.o)
 .text.nitroFSChdir
                0x000000000200ac70       0x30 /opt/devkitpro/libnds/lib/libfilesystem.a(nitrofs.o)
 .text.nitroFSOpen
                0x000000000200aca0       0xc4 /opt/devkitpro/libnds/lib/libfilesystem.a(nitrofs.o)
 .text.nitroFSstat
                0x000000000200ad64       0x68 /opt/devkitpro/libnds/lib/libfilesystem.a(nitrofs.o)
 .text.nitroFSInit
                0x000000000200adcc      0x12c /opt/devkitpro/libnds/lib/libfilesystem.a(nitrofs.o)
                0x000000000200adcc                nitroFSInit
 .text.fatMount.part.0
                0x000000000200aef8       0xa0 /opt/devkitpro/libnds/lib/libfat.a(libfat.o)
 .text.fatMount
                0x000000000200af98       0x3c /opt/devkitpro/libnds/lib/libfat.a(libfat.o)
                0x000000000200af98                fatMount
 .text.fatInit  0x000000000200afd4      0x130 /opt/devkitpro/libnds/lib/libfat.a(libfat.o)
                0x000000000200afd4                fatInit
 .text.fatInitDefault
                0x000000000200b104        0xc /opt/devkitpro/libnds/lib/libfat.a(libfat.o)
                0x000000000200b104                fatInitDefault
 .text._FAT_check_position_for_next_cluster.part.0
                0x000000000200b110       0x68 /opt/devkitpro/libnds/lib/libfat.a(fatfile.o)
 .text._FAT_syncToDisc.part.0
                0x000000000200b178       0xd4 /opt/devkitpro/libnds/lib/libfat.a(fatfile.o)
 .text._FAT_file_extend_r
                0x000000000200b24c      0x208 /opt/devkitpro/libnds/lib/libfat.a(fatfile.o)
 .text._FAT_open_r
                0x000000000200b454      0x2d4 /opt/devkitpro/libnds/lib/libfat.a(fatfile.o)
                0x000000000200b454                _FAT_open_r
 .text._FAT_close_r
                0x000000000200b728       0x74 /opt/devkitpro/libnds/lib/libfat.a(fatfile.o)
                0x000000000200b728                _FAT_close_r
 .text._FAT_read_r
                0x000000000200b79c      0x398 /opt/devkitpro/libnds/lib/libfat.a(fatfile.o)
                0x000000000200b79c                _FAT_read_r
 .text._FAT_write_r
                0x000000000200bb34      0x53c /opt/devkitpro/libnds/lib/libfat.a(fatfile.o)
                0x000000000200bb34                _FAT_write_r
 .text._FAT_seek_r
                0x000000000200c070      0x194 /opt/devkitpro/libnds/lib/libfat.a(fatfile.o)
                0x000000000200c070                _FAT_seek_r
 .text._FAT_fstat_r
                0x000000000200c204       0x8c /opt/devkitpro/libnds/lib/libfat.a(fatfile.o)
                0x000000000200c204                _FAT_fstat_r
 .text._FAT_ftruncate_r
                0x000000000200c290      0x16c /opt/devkitpro/libnds/lib/libfat.a(fatfile.o)
                0x000000000200c290                _FAT_ftruncate_r
 .text._FAT_fsync_r
                0x000000000200c3fc       0x44 /opt/devkitpro/libnds/lib/libfat.a(fatfile.o)
                0x000000000200c3fc                _FAT_fsync_r
 .text._FAT_cache_getPage
                0x000000000200c440       0xf0 /opt/devkitpro/libnds/lib/libfat.a(cache.o)
 .text._FAT_cache_constructor
                0x000000000200c530       0x90 /opt/devkitpro/libnds/lib/libfat.a(cache.o)
                0x000000000200c530                _FAT_cache_constructor
 .text._FAT_cache_readSectors
                0x000000000200c5c0       0x60 /opt/devkitpro/libnds/lib/libfat.a(cache.o)
                0x000000000200c5c0                _FAT_cache_readSectors
 .text._FAT_cache_readPartialSector
                0x000000000200c620       0x3c /opt/devkitpro/libnds/lib/libfat.a(cache.o)
                0x000000000200c620                _FAT_cache_readPartialSector
 .text._FAT_cache_readLittleEndianValue
                0x000000000200c65c       0x70 /opt/devkitpro/libnds/lib/libfat.a(cache.o)
                0x000000000200c65c                _FAT_cache_readLittleEndianValue
 .text._FAT_cache_writePartialSector
                0x000000000200c6cc       0x4c /opt/devkitpro/libnds/lib/libfat.a(cache.o)
                0x000000000200c6cc                _FAT_cache_writePartialSector
 .text._FAT_cache_writeLittleEndianValue
                0x000000000200c718       0x8c /opt/devkitpro/libnds/lib/libfat.a(cache.o)
                0x000000000200c718                _FAT_cache_writeLittleEndianValue
 .text._FAT_cache_eraseWritePartialSector
                0x000000000200c7a4       0x60 /opt/devkitpro/libnds/lib/libfat.a(cache.o)
                0x000000000200c7a4                _FAT_cache_eraseWritePartialSector
 .text._FAT_cache_writeSectors
                0x000000000200c804       0x80 /opt/devkitpro/libnds/lib/libfat.a(cache.o)
                0x000000000200c804                _FAT_cache_writeSectors
 .text._FAT_cache_flush
                0x000000000200c884       0x40 /opt/devkitpro/libnds/lib/libfat.a(cache.o)
                0x000000000200c884                _FAT_cache_flush
 .text._FAT_stat_r
                0x000000000200c8c4       0x90 /opt/devkitpro/libnds/lib/libfat.a(fatdir.o)
                0x000000000200c8c4                _FAT_stat_r
 .text._FAT_link_r
                0x000000000200c954        0xc /opt/devkitpro/libnds/lib/libfat.a(fatdir.o)
                0x000000000200c954                _FAT_link_r
 .text._FAT_unlink_r
                0x000000000200c960      0x184 /opt/devkitpro/libnds/lib/libfat.a(fatdir.o)
                0x000000000200c960                _FAT_unlink_r
 .text._FAT_chdir_r
                0x000000000200cae4       0x70 /opt/devkitpro/libnds/lib/libfat.a(fatdir.o)
                0x000000000200cae4                _FAT_chdir_r
 .text._FAT_rename_r
                0x000000000200cb54      0x1c4 /opt/devkitpro/libnds/lib/libfat.a(fatdir.o)
                0x000000000200cb54                _FAT_rename_r
 .text._FAT_mkdir_r
                0x000000000200cd18      0x244 /opt/devkitpro/libnds/lib/libfat.a(fatdir.o)
                0x000000000200cd18                _FAT_mkdir_r
 .text._FAT_statvfs_r
                0x000000000200cf5c       0x78 /opt/devkitpro/libnds/lib/libfat.a(fatdir.o)
                0x000000000200cf5c                _FAT_statvfs_r
 .text._FAT_diropen_r
                0x000000000200cfd4       0xb0 /opt/devkitpro/libnds/lib/libfat.a(fatdir.o)
                0x000000000200cfd4                _FAT_diropen_r
 .text._FAT_dirreset_r
                0x000000000200d084       0x4c /opt/devkitpro/libnds/lib/libfat.a(fatdir.o)
                0x000000000200d084                _FAT_dirreset_r
 .text._FAT_dirnext_r
                0x000000000200d0d0       0x7c /opt/devkitpro/libnds/lib/libfat.a(fatdir.o)
                0x000000000200d0d0                _FAT_dirnext_r
 .text._FAT_dirclose_r
                0x000000000200d14c       0x20 /opt/devkitpro/libnds/lib/libfat.a(fatdir.o)
                0x000000000200d14c                _FAT_dirclose_r
 .text._FAT_directory_entryGetAlias
                0x000000000200d16c       0xc8 /opt/devkitpro/libnds/lib/libfat.a(directory.o)
 .text._FAT_directory_incrementDirEntryPosition
                0x000000000200d234       0x80 /opt/devkitpro/libnds/lib/libfat.a(directory.o)
 .text._FAT_directory_mbsncasecmp
                0x000000000200d2b4       0xa8 /opt/devkitpro/libnds/lib/libfat.a(directory.o)
 .text._FAT_directory_ucs2tombs.constprop.0
                0x000000000200d35c       0x90 /opt/devkitpro/libnds/lib/libfat.a(directory.o)
 .text._FAT_directory_entryGetCluster
                0x000000000200d3ec       0x20 /opt/devkitpro/libnds/lib/libfat.a(directory.o)
                0x000000000200d3ec                _FAT_directory_entryGetCluster
 .text._FAT_directory_getNextEntry
                0x000000000200d40c      0x23c /opt/devkitpro/libnds/lib/libfat.a(directory.o)
                0x000000000200d40c                _FAT_directory_getNextEntry
 .text._FAT_directory_entryExists
                0x000000000200d648       0x80 /opt/devkitpro/libnds/lib/libfat.a(directory.o)
 .text._FAT_directory_getFirstEntry
                0x000000000200d6c8       0x20 /opt/devkitpro/libnds/lib/libfat.a(directory.o)
                0x000000000200d6c8                _FAT_directory_getFirstEntry
 .text._FAT_directory_getRootEntry
                0x000000000200d6e8       0x60 /opt/devkitpro/libnds/lib/libfat.a(directory.o)
                0x000000000200d6e8                _FAT_directory_getRootEntry
 .text._FAT_directory_entryFromPosition
                0x000000000200d748      0x150 /opt/devkitpro/libnds/lib/libfat.a(directory.o)
                0x000000000200d748                _FAT_directory_entryFromPosition
 .text._FAT_directory_entryFromPath
                0x000000000200d898      0x248 /opt/devkitpro/libnds/lib/libfat.a(directory.o)
                0x000000000200d898                _FAT_directory_entryFromPath
 .text._FAT_directory_removeEntry
                0x000000000200dae0       0xd8 /opt/devkitpro/libnds/lib/libfat.a(directory.o)
                0x000000000200dae0                _FAT_directory_removeEntry
 .text._FAT_directory_addEntry
                0x000000000200dbb8      0x808 /opt/devkitpro/libnds/lib/libfat.a(directory.o)
                0x000000000200dbb8                _FAT_directory_addEntry
 .text._FAT_directory_chdir
                0x000000000200e3c0       0x3c /opt/devkitpro/libnds/lib/libfat.a(directory.o)
                0x000000000200e3c0                _FAT_directory_chdir
 .text._FAT_directory_entryStat
                0x000000000200e3fc       0xe4 /opt/devkitpro/libnds/lib/libfat.a(directory.o)
                0x000000000200e3fc                _FAT_directory_entryStat
 .text.isValidMBR
                0x000000000200e4e0       0x5c /opt/devkitpro/libnds/lib/libfat.a(partition.o)
 .text._FAT_updateFS_INFO
                0x000000000200e53c       0x54 /opt/devkitpro/libnds/lib/libfat.a(partition.o)
 .text.FindFirstValidPartition_buf.part.0
                0x000000000200e590      0x11c /opt/devkitpro/libnds/lib/libfat.a(partition.o)
 .text._FAT_partition_getPartitionFromPath
                0x000000000200e6ac       0x10 /opt/devkitpro/libnds/lib/libfat.a(partition.o)
                0x000000000200e6ac                _FAT_partition_getPartitionFromPath
 .text._FAT_partition_createFSinfo
                0x000000000200e6bc       0x50 /opt/devkitpro/libnds/lib/libfat.a(partition.o)
                0x000000000200e6bc                _FAT_partition_createFSinfo
 .text._FAT_partition_readFSinfo.part.0
                0x000000000200e70c       0x74 /opt/devkitpro/libnds/lib/libfat.a(partition.o)
 .text._FAT_partition_constructor_buf
                0x000000000200e780      0x2e8 /opt/devkitpro/libnds/lib/libfat.a(partition.o)
                0x000000000200e780                _FAT_partition_constructor_buf
 .text._FAT_partition_constructor
                0x000000000200ea68       0x40 /opt/devkitpro/libnds/lib/libfat.a(partition.o)
                0x000000000200ea68                _FAT_partition_constructor
 .text._FAT_partition_readFSinfo
                0x000000000200eaa8       0x10 /opt/devkitpro/libnds/lib/libfat.a(partition.o)
                0x000000000200eaa8                _FAT_partition_readFSinfo
 .text._FAT_lock_init
                0x000000000200eab8        0x4 /opt/devkitpro/libnds/lib/libfat.a(lock.o)
                0x000000000200eab8                _FAT_lock_init
 .text._FAT_lock
                0x000000000200eabc        0x4 /opt/devkitpro/libnds/lib/libfat.a(lock.o)
                0x000000000200eabc                _FAT_lock
 .text._FAT_unlock
                0x000000000200eac0        0x4 /opt/devkitpro/libnds/lib/libfat.a(lock.o)
                0x000000000200eac0                _FAT_unlock
 .text._FAT_filetime_getTimeFromRTC
                0x000000000200eac4       0x44 /opt/devkitpro/libnds/lib/libfat.a(filetime.o)
                0x000000000200eac4                _FAT_filetime_getTimeFromRTC
 .text._FAT_filetime_getDateFromRTC
                0x000000000200eb08       0x44 /opt/devkitpro/libnds/lib/libfat.a(filetime.o)
                0x000000000200eb08                _FAT_filetime_getDateFromRTC
 .text._FAT_filetime_to_time_t
                0x000000000200eb4c       0x38 /opt/devkitpro/libnds/lib/libfat.a(filetime.o)
                0x000000000200eb4c                _FAT_filetime_to_time_t
 .text._FAT_fat_writeFatEntry.part.0.isra.0
                0x000000000200eb84      0x12c /opt/devkitpro/libnds/lib/libfat.a(file_allocation_table.o)
 .text._FAT_fat_nextCluster
                0x000000000200ecb0      0x108 /opt/devkitpro/libnds/lib/libfat.a(file_allocation_table.o)
                0x000000000200ecb0                _FAT_fat_nextCluster
 .text._FAT_fat_linkFreeCluster
                0x000000000200edb8       0xac /opt/devkitpro/libnds/lib/libfat.a(file_allocation_table.o)
                0x000000000200edb8                _FAT_fat_linkFreeCluster
 .text._FAT_fat_linkFreeClusterCleared
                0x000000000200ee64       0x68 /opt/devkitpro/libnds/lib/libfat.a(file_allocation_table.o)
                0x000000000200ee64                _FAT_fat_linkFreeClusterCleared
 .text._FAT_fat_clearLinks
                0x000000000200eecc       0x7c /opt/devkitpro/libnds/lib/libfat.a(file_allocation_table.o)
                0x000000000200eecc                _FAT_fat_clearLinks
 .text._FAT_fat_trimChain
                0x000000000200ef48       0x80 /opt/devkitpro/libnds/lib/libfat.a(file_allocation_table.o)
                0x000000000200ef48                _FAT_fat_trimChain
 .text._FAT_fat_lastCluster
                0x000000000200efc8       0x34 /opt/devkitpro/libnds/lib/libfat.a(file_allocation_table.o)
                0x000000000200efc8                _FAT_fat_lastCluster
 .text._FAT_fat_freeClusterCount
                0x000000000200effc       0x2c /opt/devkitpro/libnds/lib/libfat.a(file_allocation_table.o)
                0x000000000200effc                _FAT_fat_freeClusterCount
 .text.vramSetPrimaryBanks
                0x000000000200f028       0x44 /opt/devkitpro/libnds/lib/libnds9.a(video.o)
                0x000000000200f028                vramSetPrimaryBanks
 .text.setBrightness
                0x000000000200f06c       0x40 /opt/devkitpro/libnds/lib/libnds9.a(video.o)
                0x000000000200f06c                setBrightness
 .text.vramDefault
                0x000000000200f0ac       0xd0 /opt/devkitpro/libnds/lib/libnds9.a(video.o)
                0x000000000200f0ac                vramDefault
 .text.newRow   0x000000000200f17c       0xa8 /opt/devkitpro/libnds/lib/libnds9.a(console.o)
 .text.consolePrintChar
                0x000000000200f224       0xe0 /opt/devkitpro/libnds/lib/libnds9.a(console.o)
                0x000000000200f224                consolePrintChar
 .text.con_write
                0x000000000200f304      0x36c /opt/devkitpro/libnds/lib/libnds9.a(console.o)
                0x000000000200f304                con_write
 .text.consoleLoadFont
                0x000000000200f670      0x2a0 /opt/devkitpro/libnds/lib/libnds9.a(console.o)
                0x000000000200f670                consoleLoadFont
 .text.consoleInit
                0x000000000200f910      0x18c /opt/devkitpro/libnds/lib/libnds9.a(console.o)
                0x000000000200f910                consoleInit
 .text.consoleDemoInit
                0x000000000200fa9c       0x40 /opt/devkitpro/libnds/lib/libnds9.a(console.o)
                0x000000000200fa9c                consoleDemoInit
 .text.consoleClear
                0x000000000200fadc       0x10 /opt/devkitpro/libnds/lib/libnds9.a(console.o)
                0x000000000200fadc                consoleClear
 .text.swapKeyGfx.part.0
                0x000000000200faec      0x13c /opt/devkitpro/libnds/lib/libnds9.a(keyboard.o)
 .text.keyboardGetKey
                0x000000000200fc28       0x4c /opt/devkitpro/libnds/lib/libnds9.a(keyboard.o)
                0x000000000200fc28                keyboardGetKey
 .text.keyboardShiftState
                0x000000000200fc74       0x90 /opt/devkitpro/libnds/lib/libnds9.a(keyboard.o)
                0x000000000200fc74                keyboardShiftState
 .text.keyboardUpdate
                0x000000000200fd04      0x134 /opt/devkitpro/libnds/lib/libnds9.a(keyboard.o)
                0x000000000200fd04                keyboardUpdate
 .text.keyboardInit
                0x000000000200fe38      0x204 /opt/devkitpro/libnds/lib/libnds9.a(keyboard.o)
                0x000000000200fe38                keyboardInit
 .text.keyboardShow
                0x000000000201003c       0xd4 /opt/devkitpro/libnds/lib/libnds9.a(keyboard.o)
                0x000000000201003c                keyboardShow
 .text.keyboardHide
                0x0000000002010110       0x90 /opt/devkitpro/libnds/lib/libnds9.a(keyboard.o)
                0x0000000002010110                keyboardHide
 .text.keyboardRead
                0x00000000020101a0       0xbc /opt/devkitpro/libnds/lib/libnds9.a(keyboard.o)
                0x00000000020101a0                keyboardRead
 .text.oamInit  0x000000000201025c      0x114 /opt/devkitpro/libnds/lib/libnds9.a(sprite.o)
                0x000000000201025c                oamInit
 .text.oamGfxPtrToOffset
                0x0000000002010370       0x34 /opt/devkitpro/libnds/lib/libnds9.a(sprite.o)
                0x0000000002010370                oamGfxPtrToOffset
 .text.oamSet   0x00000000020103a4      0x104 /opt/devkitpro/libnds/lib/libnds9.a(sprite.o)
                0x00000000020103a4                oamSet
 .text.oamRotateScale
                0x00000000020104a8       0x4c /opt/devkitpro/libnds/lib/libnds9.a(sprite.o)
                0x00000000020104a8                oamRotateScale
 .text.scanKeys
                0x00000000020104f4       0x8c /opt/devkitpro/libnds/lib/libnds9.a(keys.o)
                0x00000000020104f4                scanKeys
 .text.keysDown
                0x0000000002010580       0x14 /opt/devkitpro/libnds/lib/libnds9.a(keys.o)
                0x0000000002010580                keysDown
 .text.keysCurrent
                0x0000000002010594       0x38 /opt/devkitpro/libnds/lib/libnds9.a(keys.o)
                0x0000000002010594                keysCurrent
 .text.dldiGetInternal
                0x00000000020105cc       0x34 /opt/devkitpro/libnds/lib/libnds9.a(dldi.o)
                0x00000000020105cc                dldiGetInternal
 .text.get_io_dsisd
                0x0000000002010600       0x24 /opt/devkitpro/libnds/lib/libnds9.a(dldi.o)
                0x0000000002010600                get_io_dsisd
 .text.__syscall_gettod_r
                0x0000000002010624       0x28 /opt/devkitpro/libnds/lib/libnds9.a(initSystem.o)
                0x0000000002010624                __syscall_gettod_r
 .text.__syscall_exit
                0x000000000201064c        0x8 /opt/devkitpro/libnds/lib/libnds9.a(initSystem.o)
                0x000000000201064c                __syscall_exit
 .text.initSystem
                0x0000000002010654      0x180 /opt/devkitpro/libnds/lib/libnds9.a(initSystem.o)
                0x0000000002010654                initSystem
 .text.irqDummy
                0x00000000020107d4        0x4 /opt/devkitpro/libnds/lib/libnds9.a(interrupts.o)
                0x00000000020107d4                irqDummy
 .text.irqSet   0x00000000020107d8       0x6c /opt/devkitpro/libnds/lib/libnds9.a(interrupts.o)
                0x00000000020107d8                irqSet
 .text.irqInit  0x0000000002010844       0x50 /opt/devkitpro/libnds/lib/libnds9.a(interrupts.o)
                0x0000000002010844                irqInit
 .text.irqEnable
                0x0000000002010894       0x64 /opt/devkitpro/libnds/lib/libnds9.a(interrupts.o)
                0x0000000002010894                irqEnable
 .text.systemErrorExit
                0x00000000020108f8        0x4 /opt/devkitpro/libnds/lib/libnds9.a(libnds_exit.arm.o)
                0x00000000020108f8                systemErrorExit
 .text.__libnds_exit
                0x00000000020108fc       0x5c /opt/devkitpro/libnds/lib/libnds9.a(libnds_exit.arm.o)
                0x00000000020108fc                __libnds_exit
 .text.cardPolledTransfer
                0x0000000002010958       0x54 /opt/devkitpro/libnds/lib/libnds9.a(card.o)
                0x0000000002010958                cardPolledTransfer
 .text.cardParamCommand
                0x00000000020109ac       0x34 /opt/devkitpro/libnds/lib/libnds9.a(card.o)
                0x00000000020109ac                cardParamCommand
 .text.fifo_queueBlock
                0x00000000020109e0       0x44 /opt/devkitpro/libnds/lib/libnds9.a(fifosystem.o)
 .text.fifo_waitBlock
                0x0000000002010a24       0x80 /opt/devkitpro/libnds/lib/libnds9.a(fifosystem.o)
 .text.fifoInternalSend.part.0
                0x0000000002010aa4       0xd4 /opt/devkitpro/libnds/lib/libnds9.a(fifosystem.o)
 .text.fifoInternalSendInterrupt
                0x0000000002010b78       0xb0 /opt/devkitpro/libnds/lib/libnds9.a(fifosystem.o)
 .text.fifoSetValue32Handler
                0x0000000002010c28       0xd4 /opt/devkitpro/libnds/lib/libnds9.a(fifosystem.o)
                0x0000000002010c28                fifoSetValue32Handler
 .text.fifoSendValue32
                0x0000000002010cfc       0x4c /opt/devkitpro/libnds/lib/libnds9.a(fifosystem.o)
                0x0000000002010cfc                fifoSendValue32
 .text.fifoSendDatamsg
                0x0000000002010d48       0x90 /opt/devkitpro/libnds/lib/libnds9.a(fifosystem.o)
                0x0000000002010d48                fifoSendDatamsg
 .text.fifoGetValue32
                0x0000000002010dd8       0x70 /opt/devkitpro/libnds/lib/libnds9.a(fifosystem.o)
                0x0000000002010dd8                fifoGetValue32
 .text.fifoGetDatamsg
                0x0000000002010e48       0xf4 /opt/devkitpro/libnds/lib/libnds9.a(fifosystem.o)
                0x0000000002010e48                fifoGetDatamsg
 .text.fifoInternalRecvInterrupt
                0x0000000002010f3c      0x37c /opt/devkitpro/libnds/lib/libnds9.a(fifosystem.o)
 .text.fifoSetDatamsgHandler
                0x00000000020112b8       0x9c /opt/devkitpro/libnds/lib/libnds9.a(fifosystem.o)
                0x00000000020112b8                fifoSetDatamsgHandler
 .text.fifoCheckValue32
                0x0000000002011354       0x24 /opt/devkitpro/libnds/lib/libnds9.a(fifosystem.o)
                0x0000000002011354                fifoCheckValue32
 .text.fifoInit
                0x0000000002011378      0x108 /opt/devkitpro/libnds/lib/libnds9.a(fifosystem.o)
                0x0000000002011378                fifoInit
 .text.DC_FlushRange
                0x0000000002011480       0x24 /opt/devkitpro/libnds/lib/libnds9.a(dcache.o)
                0x0000000002011480                DC_FlushRange
 .text.DC_InvalidateRange
                0x00000000020114a4       0x2c /opt/devkitpro/libnds/lib/libnds9.a(dcache.o)
                0x00000000020114a4                DC_InvalidateRange
 .text.__libnds_mpu_setup
                0x00000000020114d0      0x174 /opt/devkitpro/libnds/lib/libnds9.a(mpu_setup.o)
                0x00000000020114d0                __libnds_mpu_setup
 .text.memUncached
                0x0000000002011644       0x20 /opt/devkitpro/libnds/lib/libnds9.a(mpu_setup.o)
                0x0000000002011644                memUncached
 .text.swiWaitForVBlank
                0x0000000002011664        0x8 /opt/devkitpro/libnds/lib/libnds9.a(IntrWait.o)
                0x0000000002011664                swiWaitForVBlank
 .text.swiIntrWait
                0x000000000201166c       0x70 /opt/devkitpro/libnds/lib/libnds9.a(IntrWait.o)
                0x000000000201166c                swiIntrWait
 .text.setCpuClock
                0x00000000020116dc       0x50 /opt/devkitpro/libnds/lib/libnds9.a(cpu_clock.o)
                0x00000000020116dc                setCpuClock
 .text.swiDelay
                0x000000000201172c        0x4 /opt/devkitpro/libnds/lib/libnds9.a(biosCalls.o)
                0x000000000201172c                swiDelay
 .text.swiDecompressLZSSWram
                0x0000000002011730        0x4 /opt/devkitpro/libnds/lib/libnds9.a(biosCalls.o)
                0x0000000002011730                swiDecompressLZSSWram
 .text.swiDecompressLZSSVramNTR
                0x0000000002011734        0x4 /opt/devkitpro/libnds/lib/libnds9.a(biosCalls.o)
                0x0000000002011734                swiDecompressLZSSVramNTR
 .text.swiDecompressLZSSVramTWL
                0x0000000002011738        0x4 /opt/devkitpro/libnds/lib/libnds9.a(biosCalls.o)
                0x0000000002011738                swiDecompressLZSSVramTWL
 .text.swiDecompressHuffman
                0x000000000201173c        0x4 /opt/devkitpro/libnds/lib/libnds9.a(biosCalls.o)
                0x000000000201173c                swiDecompressHuffman
 .text.swiDecompressRLEWram
                0x0000000002011740        0x4 /opt/devkitpro/libnds/lib/libnds9.a(biosCalls.o)
                0x0000000002011740                swiDecompressRLEWram
 .text.swiDecompressRLEVram
                0x0000000002011744        0x4 /opt/devkitpro/libnds/lib/libnds9.a(biosCalls.o)
                0x0000000002011744                swiDecompressRLEVram
 .text.swiSoftReset
                0x0000000002011748       0x2c /opt/devkitpro/libnds/lib/libnds9.a(swiSoftReset.o)
                0x0000000002011748                swiSoftReset
 .text.checkIfText
                0x0000000002011774       0x5c /opt/devkitpro/libnds/lib/libnds9.a(background.o)
                0x0000000002011774                checkIfText
 .text.bgUpdate
                0x00000000020117d0       0xf4 /opt/devkitpro/libnds/lib/libnds9.a(background.o)
                0x00000000020117d0                bgUpdate
 .text.bgInit_call
                0x00000000020118c4       0xc4 /opt/devkitpro/libnds/lib/libnds9.a(background.o)
                0x00000000020118c4                bgInit_call
 .text.bgInitSub_call
                0x0000000002011988       0xcc /opt/devkitpro/libnds/lib/libnds9.a(background.o)
                0x0000000002011988                bgInitSub_call
 .text.sinLutLookup
                0x0000000002011a54       0x4c /opt/devkitpro/libnds/lib/libnds9.a(trig.o)
                0x0000000002011a54                sinLutLookup
 .text.sinLerp  0x0000000002011aa0       0x40 /opt/devkitpro/libnds/lib/libnds9.a(trig.o)
                0x0000000002011aa0                sinLerp
 .text.cosLerp  0x0000000002011ae0       0x4c /opt/devkitpro/libnds/lib/libnds9.a(trig.o)
                0x0000000002011ae0                cosLerp
 .text.touchRead
                0x0000000002011b2c       0x24 /opt/devkitpro/libnds/lib/libnds9.a(touch.o)
                0x0000000002011b2c                touchRead
 .text.oamAllocReset
                0x0000000002011b50       0x1c /opt/devkitpro/libnds/lib/libnds9.a(sprite_alloc.o)
                0x0000000002011b50                oamAllocReset
 .text.systemValueHandler
                0x0000000002011b6c       0x48 /opt/devkitpro/libnds/lib/libnds9.a(system.o)
                0x0000000002011b6c                systemValueHandler
 .text.systemMsgHandler
                0x0000000002011bb4       0x60 /opt/devkitpro/libnds/lib/libnds9.a(system.o)
                0x0000000002011bb4                systemMsgHandler
 .text.powerOn  0x0000000002011c14       0x2c /opt/devkitpro/libnds/lib/libnds9.a(system.o)
                0x0000000002011c14                powerOn
 .text.getHeader
                0x0000000002011c40        0x4 /opt/devkitpro/libnds/lib/libnds9.a(decompress.o)
 .text.readByte
                0x0000000002011c44        0x4 /opt/devkitpro/libnds/lib/libnds9.a(decompress.o)
 .text.decompress
                0x0000000002011c48       0x40 /opt/devkitpro/libnds/lib/libnds9.a(decompress.o)
                0x0000000002011c48                decompress
 .text.swiDecompressLZSSVram
                0x0000000002011c88       0x1c /opt/devkitpro/libnds/lib/libnds9.a(syscalls.o)
                0x0000000002011c88                swiDecompressLZSSVram
 .text._ZdlPvj  0x0000000002011ca4        0xc /opt/devkitpro/devkitARM/bin/../lib/gcc/arm-none-eabi/11.2.0/../../../../arm-none-eabi/lib/thumb/libstdc++.a(del_ops.o)
                0x0000000002011ca4                operator delete(void*, unsigned int)
 .text.unlikely._ZSt17__throw_bad_allocv
                0x0000000002011cb0       0x20 /opt/devkitpro/devkitARM/bin/../lib/gcc/arm-none-eabi/11.2.0/../../../../arm-none-eabi/lib/thumb/libstdc++.a(functexcept.o)
                0x0000000002011cb0                std::__throw_bad_alloc()
 .text.unlikely._ZSt19__throw_logic_errorPKc
                0x0000000002011cd0       0x30 /opt/devkitpro/devkitARM/bin/../lib/gcc/arm-none-eabi/11.2.0/../../../../arm-none-eabi/lib/thumb/libstdc++.a(functexcept.o)
                0x0000000002011cd0                std::__throw_logic_error(char const*)
 .text.unlikely._ZSt20__throw_length_errorPKc
                0x0000000002011d00       0x30 /opt/devkitpro/devkitARM/bin/../lib/gcc/arm-none-eabi/11.2.0/../../../../arm-none-eabi/lib/thumb/libstdc++.a(functexcept.o)
                0x0000000002011d00                std::__throw_length_error(char const*)
 .text._ZNSt7__cxx1112basic_stringIcSt11char_traitsIcESaIcEE9_M_createERjj
                0x0000000002011d30       0x40 /opt/devkitpro/devkitARM/bin/../lib/gcc/arm-none-eabi/11.2.0/../../../../arm-none-eabi/lib/thumb/libstdc++.a(string-inst.o)
                0x0000000002011d30                std::__cxx11::basic_string<char, std::char_traits<char>, std::allocator<char> >::_M_create(unsigned int&, unsigned int)
 .text._ZNSt7__cxx1112basic_stringIcSt11char_traitsIcESaIcEE10_M_disposeEv
                0x0000000002011d70       0x18 /opt/devkitpro/devkitARM/bin/../lib/gcc/arm-none-eabi/11.2.0/../../../../arm-none-eabi/lib/thumb/libstdc++.a(string-inst.o)
                0x0000000002011d70                std::__cxx11::basic_string<char, std::char_traits<char>, std::allocator<char> >::_M_dispose()
 .text._ZNSt7__cxx1112basic_stringIcSt11char_traitsIcESaIcEE12_M_constructEjc
                0x0000000002011d88       0x4c /opt/devkitpro/devkitARM/bin/../lib/gcc/arm-none-eabi/11.2.0/../../../../arm-none-eabi/lib/thumb/libstdc++.a(string-inst.o)
                0x0000000002011d88                std::__cxx11::basic_string<char, std::char_traits<char>, std::allocator<char> >::_M_construct(unsigned int, char)
 .text._ZNSt7__cxx1112basic_stringIcSt11char_traitsIcESaIcEE9_M_mutateEjjPKcj
                0x0000000002011dd4       0xb8 /opt/devkitpro/devkitARM/bin/../lib/gcc/arm-none-eabi/11.2.0/../../../../arm-none-eabi/lib/thumb/libstdc++.a(string-inst.o)
                0x0000000002011dd4                std::__cxx11::basic_string<char, std::char_traits<char>, std::allocator<char> >::_M_mutate(unsigned int, unsigned int, char const*, unsigned int)
 .text._ZNSt7__cxx1112basic_stringIcSt11char_traitsIcESaIcEE8_M_eraseEjj
                0x0000000002011e8c       0x3c /opt/devkitpro/devkitARM/bin/../lib/gcc/arm-none-eabi/11.2.0/../../../../arm-none-eabi/lib/thumb/libstdc++.a(string-inst.o)
                0x0000000002011e8c                std::__cxx11::basic_string<char, std::char_traits<char>, std::allocator<char> >::_M_erase(unsigned int, unsigned int)
 .text._ZNSt7__cxx1112basic_stringIcSt11char_traitsIcESaIcEE8pop_backEv
                0x0000000002011ec8       0x14 /opt/devkitpro/devkitARM/bin/../lib/gcc/arm-none-eabi/11.2.0/../../../../arm-none-eabi/lib/thumb/libstdc++.a(string-inst.o)
                0x0000000002011ec8                std::__cxx11::basic_string<char, std::char_traits<char>, std::allocator<char> >::pop_back()
 .text._ZNSt7__cxx1112basic_stringIcSt11char_traitsIcESaIcEE10_M_replaceEjjPKcj
                0x0000000002011edc      0x1a8 /opt/devkitpro/devkitARM/bin/../lib/gcc/arm-none-eabi/11.2.0/../../../../arm-none-eabi/lib/thumb/libstdc++.a(string-inst.o)
                0x0000000002011edc                std::__cxx11::basic_string<char, std::char_traits<char>, std::allocator<char> >::_M_replace(unsigned int, unsigned int, char const*, unsigned int)
 .text._ZNSt7__cxx1112basic_stringIcSt11char_traitsIcESaIcEE9_M_appendEPKcj
                0x0000000002012084       0x58 /opt/devkitpro/devkitARM/bin/../lib/gcc/arm-none-eabi/11.2.0/../../../../arm-none-eabi/lib/thumb/libstdc++.a(string-inst.o)
                0x0000000002012084                std::__cxx11::basic_string<char, std::char_traits<char>, std::allocator<char> >::_M_append(char const*, unsigned int)
 .text._ZNKSt9bad_alloc4whatEv
                0x00000000020120dc        0x8 /opt/devkitpro/devkitARM/bin/../lib/gcc/arm-none-eabi/11.2.0/../../../../arm-none-eabi/lib/thumb/libstdc++.a(bad_alloc.o)
                0x00000000020120dc                std::bad_alloc::what() const
 .text._ZNSt9bad_allocD2Ev
                0x00000000020120e4       0x1c /opt/devkitpro/devkitARM/bin/../lib/gcc/arm-none-eabi/11.2.0/../../../../arm-none-eabi/lib/thumb/libstdc++.a(bad_alloc.o)
                0x00000000020120e4                std::bad_alloc::~bad_alloc()
                0x00000000020120e4                std::bad_alloc::~bad_alloc()
 .text._ZNSt9bad_allocD0Ev
                0x0000000002012100       0x24 /opt/devkitpro/devkitARM/bin/../lib/gcc/arm-none-eabi/11.2.0/../../../../arm-none-eabi/lib/thumb/libstdc++.a(bad_alloc.o)
                0x0000000002012100                std::bad_alloc::~bad_alloc()
 .text._ZdlPv   0x0000000002012124        0xc /opt/devkitpro/devkitARM/bin/../lib/gcc/arm-none-eabi/11.2.0/../../../../arm-none-eabi/lib/thumb/libstdc++.a(del_op.o)
                0x0000000002012124                operator delete(void*)
 .text._ZN12_GLOBAL__N_14pool4freeEPv.constprop.0
                0x0000000002012130       0x7c /opt/devkitpro/devkitARM/bin/../lib/gcc/arm-none-eabi/11.2.0/../../../../arm-none-eabi/lib/thumb/libstdc++.a(eh_alloc.o)
 .text._ZN12_GLOBAL__N_14pool8allocateEj.constprop.0
                0x00000000020121ac       0x54 /opt/devkitpro/devkitARM/bin/../lib/gcc/arm-none-eabi/11.2.0/../../../../arm-none-eabi/lib/thumb/libstdc++.a(eh_alloc.o)
 .text.__cxa_allocate_exception
                0x0000000002012200       0x30 /opt/devkitpro/devkitARM/bin/../lib/gcc/arm-none-eabi/11.2.0/../../../../arm-none-eabi/lib/thumb/libstdc++.a(eh_alloc.o)
                0x0000000002012200                __cxa_allocate_exception
 .text.__cxa_free_exception
                0x0000000002012230       0x28 /opt/devkitpro/devkitARM/bin/../lib/gcc/arm-none-eabi/11.2.0/../../../../arm-none-eabi/lib/thumb/libstdc++.a(eh_alloc.o)
                0x0000000002012230                __cxa_free_exception
 .text.startup._GLOBAL__sub_I__ZN9__gnu_cxx9__freeresEv
                0x0000000002012258       0x30 /opt/devkitpro/devkitARM/bin/../lib/gcc/arm-none-eabi/11.2.0/../../../../arm-none-eabi/lib/thumb/libstdc++.a(eh_alloc.o)
 .text.__cxa_end_cleanup
                0x0000000002012288        0xc /opt/devkitpro/devkitARM/bin/../lib/gcc/arm-none-eabi/11.2.0/../../../../arm-none-eabi/lib/thumb/libstdc++.a(eh_arm.o)
                0x0000000002012288                __cxa_end_cleanup
 .text.__cxa_type_match
                0x0000000002012294       0xc8 /opt/devkitpro/devkitARM/bin/../lib/gcc/arm-none-eabi/11.2.0/../../../../arm-none-eabi/lib/thumb/libstdc++.a(eh_arm.o)
                0x0000000002012294                __cxa_type_match
 .text.__cxa_begin_cleanup
                0x000000000201235c       0x64 /opt/devkitpro/devkitARM/bin/../lib/gcc/arm-none-eabi/11.2.0/../../../../arm-none-eabi/lib/thumb/libstdc++.a(eh_arm.o)
                0x000000000201235c                __cxa_begin_cleanup
 .text.__gnu_end_cleanup
                0x00000000020123c0       0x74 /opt/devkitpro/devkitARM/bin/../lib/gcc/arm-none-eabi/11.2.0/../../../../arm-none-eabi/lib/thumb/libstdc++.a(eh_arm.o)
                0x00000000020123c0                __gnu_end_cleanup
 .text.__cxa_begin_catch
                0x0000000002012434       0x78 /opt/devkitpro/devkitARM/bin/../lib/gcc/arm-none-eabi/11.2.0/../../../../arm-none-eabi/lib/thumb/libstdc++.a(eh_catch.o)
                0x0000000002012434                __cxa_begin_catch
 .text.__cxa_end_catch
                0x00000000020124ac       0x94 /opt/devkitpro/devkitARM/bin/../lib/gcc/arm-none-eabi/11.2.0/../../../../arm-none-eabi/lib/thumb/libstdc++.a(eh_catch.o)
                0x00000000020124ac                __cxa_end_catch
 .text._ZNSt9exceptionD2Ev
                0x0000000002012540        0x4 /opt/devkitpro/devkitARM/bin/../lib/gcc/arm-none-eabi/11.2.0/../../../../arm-none-eabi/lib/thumb/libstdc++.a(eh_exception.o)
                0x0000000002012540                std::exception::~exception()
                0x0000000002012540                std::exception::~exception()
 .text._ZNSt13bad_exceptionD2Ev
                0x0000000002012544        0x4 /opt/devkitpro/devkitARM/bin/../lib/gcc/arm-none-eabi/11.2.0/../../../../arm-none-eabi/lib/thumb/libstdc++.a(eh_exception.o)
                0x0000000002012544                std::bad_exception::~bad_exception()
                0x0000000002012544                std::bad_exception::~bad_exception()
 .text._ZNKSt13bad_exception4whatEv
                0x0000000002012548        0x8 /opt/devkitpro/devkitARM/bin/../lib/gcc/arm-none-eabi/11.2.0/../../../../arm-none-eabi/lib/thumb/libstdc++.a(eh_exception.o)
                0x0000000002012548                transaction clone for std::bad_exception::what() const
                0x0000000002012548                std::bad_exception::what() const
 .text._ZNSt13bad_exceptionD0Ev
                0x0000000002012550       0x14 /opt/devkitpro/devkitARM/bin/../lib/gcc/arm-none-eabi/11.2.0/../../../../arm-none-eabi/lib/thumb/libstdc++.a(eh_exception.o)
                0x0000000002012550                std::bad_exception::~bad_exception()
 .text.__cxa_get_globals_fast
                0x0000000002012564        0x8 /opt/devkitpro/devkitARM/bin/../lib/gcc/arm-none-eabi/11.2.0/../../../../arm-none-eabi/lib/thumb/libstdc++.a(eh_globals.o)
                0x0000000002012564                __cxa_get_globals_fast
 .text.__cxa_get_globals
                0x000000000201256c        0x8 /opt/devkitpro/devkitARM/bin/../lib/gcc/arm-none-eabi/11.2.0/../../../../arm-none-eabi/lib/thumb/libstdc++.a(eh_globals.o)
                0x000000000201256c                __cxa_get_globals
 .text._ZL28read_encoded_value_with_basehjPKhPj
                0x0000000002012574      0x110 /opt/devkitpro/devkitARM/bin/../lib/gcc/arm-none-eabi/11.2.0/../../../../arm-none-eabi/lib/thumb/libstdc++.a(eh_personality.o)
 .text._ZL21base_of_encoded_valuehP15_Unwind_Context
                0x0000000002012684       0x4c /opt/devkitpro/devkitARM/bin/../lib/gcc/arm-none-eabi/11.2.0/../../../../arm-none-eabi/lib/thumb/libstdc++.a(eh_personality.o)
 .text._ZL17parse_lsda_headerP15_Unwind_ContextPKhP16lsda_header_info
                0x00000000020126d0       0x94 /opt/devkitpro/devkitARM/bin/../lib/gcc/arm-none-eabi/11.2.0/../../../../arm-none-eabi/lib/thumb/libstdc++.a(eh_personality.o)
 .text.__gxx_personality_v0
                0x0000000002012764      0x4bc /opt/devkitpro/devkitARM/bin/../lib/gcc/arm-none-eabi/11.2.0/../../../../arm-none-eabi/lib/thumb/libstdc++.a(eh_personality.o)
                0x0000000002012764                __gxx_personality_v0
 .text._ZN10__cxxabiv111__terminateEPFvvE
                0x0000000002012c20       0x14 /opt/devkitpro/devkitARM/bin/../lib/gcc/arm-none-eabi/11.2.0/../../../../arm-none-eabi/lib/thumb/libstdc++.a(eh_terminate.o)
                0x0000000002012c20                __cxxabiv1::__terminate(void (*)())
 .text._ZSt9terminatev
                0x0000000002012c34       0x10 /opt/devkitpro/devkitARM/bin/../lib/gcc/arm-none-eabi/11.2.0/../../../../arm-none-eabi/lib/thumb/libstdc++.a(eh_terminate.o)
                0x0000000002012c34                std::terminate()
 .text._ZN10__cxxabiv112__unexpectedEPFvvE
                0x0000000002012c44        0xc /opt/devkitpro/devkitARM/bin/../lib/gcc/arm-none-eabi/11.2.0/../../../../arm-none-eabi/lib/thumb/libstdc++.a(eh_terminate.o)
                0x0000000002012c44                __cxxabiv1::__unexpected(void (*)())
 .text._ZSt10unexpectedv
                0x0000000002012c50       0x10 /opt/devkitpro/devkitARM/bin/../lib/gcc/arm-none-eabi/11.2.0/../../../../arm-none-eabi/lib/thumb/libstdc++.a(eh_terminate.o)
                0x0000000002012c50                std::unexpected()
 .text._ZSt13get_terminatev
                0x0000000002012c60        0xc /opt/devkitpro/devkitARM/bin/../lib/gcc/arm-none-eabi/11.2.0/../../../../arm-none-eabi/lib/thumb/libstdc++.a(eh_terminate.o)
                0x0000000002012c60                std::get_terminate()
 .text._ZSt14get_unexpectedv
                0x0000000002012c6c        0xc /opt/devkitpro/devkitARM/bin/../lib/gcc/arm-none-eabi/11.2.0/../../../../arm-none-eabi/lib/thumb/libstdc++.a(eh_terminate.o)
                0x0000000002012c6c                std::get_unexpected()
 .text._ZL23__gxx_exception_cleanup19_Unwind_Reason_CodeP21_Unwind_Control_Block
                0x0000000002012c78       0x3c /opt/devkitpro/devkitARM/bin/../lib/gcc/arm-none-eabi/11.2.0/../../../../arm-none-eabi/lib/thumb/libstdc++.a(eh_throw.o)
 .text.__cxa_init_primary_exception
                0x0000000002012cb4       0x50 /opt/devkitpro/devkitARM/bin/../lib/gcc/arm-none-eabi/11.2.0/../../../../arm-none-eabi/lib/thumb/libstdc++.a(eh_throw.o)
                0x0000000002012cb4                __cxa_init_primary_exception
 .text.__cxa_throw
                0x0000000002012d04       0x34 /opt/devkitpro/devkitARM/bin/../lib/gcc/arm-none-eabi/11.2.0/../../../../arm-none-eabi/lib/thumb/libstdc++.a(eh_throw.o)
                0x0000000002012d04                __cxa_throw
 .text.__cxa_rethrow
                0x0000000002012d38       0x70 /opt/devkitpro/devkitARM/bin/../lib/gcc/arm-none-eabi/11.2.0/../../../../arm-none-eabi/lib/thumb/libstdc++.a(eh_throw.o)
                0x0000000002012d38                __cxa_rethrow
 .text._Znwj    0x0000000002012da8       0x48 /opt/devkitpro/devkitARM/bin/../lib/gcc/arm-none-eabi/11.2.0/../../../../arm-none-eabi/lib/thumb/libstdc++.a(new_op.o)
                0x0000000002012da8                operator new(unsigned int)
 .text._ZN10__cxxabiv120__si_class_type_infoD2Ev
                0x0000000002012df0       0x1c /opt/devkitpro/devkitARM/bin/../lib/gcc/arm-none-eabi/11.2.0/../../../../arm-none-eabi/lib/thumb/libstdc++.a(si_class_type_info.o)
                0x0000000002012df0                __cxxabiv1::__si_class_type_info::~__si_class_type_info()
                0x0000000002012df0                __cxxabiv1::__si_class_type_info::~__si_class_type_info()
 .text._ZN10__cxxabiv120__si_class_type_infoD0Ev
                0x0000000002012e0c       0x24 /opt/devkitpro/devkitARM/bin/../lib/gcc/arm-none-eabi/11.2.0/../../../../arm-none-eabi/lib/thumb/libstdc++.a(si_class_type_info.o)
                0x0000000002012e0c                __cxxabiv1::__si_class_type_info::~__si_class_type_info()
 .text._ZNK10__cxxabiv120__si_class_type_info20__do_find_public_srcEiPKvPKNS_17__class_type_infoES2_
                0x0000000002012e30       0x40 /opt/devkitpro/devkitARM/bin/../lib/gcc/arm-none-eabi/11.2.0/../../../../arm-none-eabi/lib/thumb/libstdc++.a(si_class_type_info.o)
                0x0000000002012e30                __cxxabiv1::__si_class_type_info::__do_find_public_src(int, void const*, __cxxabiv1::__class_type_info const*, void const*) const
 .text._ZNK10__cxxabiv120__si_class_type_info12__do_dyncastEiNS_17__class_type_info10__sub_kindEPKS1_PKvS4_S6_RNS1_16__dyncast_resultE
                0x0000000002012e70       0xa4 /opt/devkitpro/devkitARM/bin/../lib/gcc/arm-none-eabi/11.2.0/../../../../arm-none-eabi/lib/thumb/libstdc++.a(si_class_type_info.o)
                0x0000000002012e70                __cxxabiv1::__si_class_type_info::__do_dyncast(int, __cxxabiv1::__class_type_info::__sub_kind, __cxxabiv1::__class_type_info const*, void const*, __cxxabiv1::__class_type_info const*, void const*, __cxxabiv1::__class_type_info::__dyncast_result&) const
 .text._ZNK10__cxxabiv120__si_class_type_info11__do_upcastEPKNS_17__class_type_infoEPKvRNS1_15__upcast_resultE
                0x0000000002012f14       0x2c /opt/devkitpro/devkitARM/bin/../lib/gcc/arm-none-eabi/11.2.0/../../../../arm-none-eabi/lib/thumb/libstdc++.a(si_class_type_info.o)
                0x0000000002012f14                __cxxabiv1::__si_class_type_info::__do_upcast(__cxxabiv1::__class_type_info const*, void const*, __cxxabiv1::__class_type_info::__upcast_result&) const
 .text._ZNSt9type_infoD2Ev
                0x0000000002012f40        0x4 /opt/devkitpro/devkitARM/bin/../lib/gcc/arm-none-eabi/11.2.0/../../../../arm-none-eabi/lib/thumb/libstdc++.a(tinfo.o)
                0x0000000002012f40                std::type_info::~type_info()
                0x0000000002012f40                std::type_info::~type_info()
 .text._ZNKSt9type_info14__is_pointer_pEv
                0x0000000002012f44        0x4 /opt/devkitpro/devkitARM/bin/../lib/gcc/arm-none-eabi/11.2.0/../../../../arm-none-eabi/lib/thumb/libstdc++.a(tinfo.o)
                0x0000000002012f44                std::type_info::__is_function_p() const
                0x0000000002012f44                std::type_info::__is_pointer_p() const
 .text._ZNKSt9type_infoeqERKS_
                0x0000000002012f48       0x30 /opt/devkitpro/devkitARM/bin/../lib/gcc/arm-none-eabi/11.2.0/../../../../arm-none-eabi/lib/thumb/libstdc++.a(tinfo.o)
                0x0000000002012f48                std::type_info::operator==(std::type_info const&) const
 .text._ZNKSt11logic_error4whatEv
                0x0000000002012f78        0x4 /opt/devkitpro/devkitARM/bin/../lib/gcc/arm-none-eabi/11.2.0/../../../../arm-none-eabi/lib/thumb/libstdc++.a(stdexcept.o)
                0x0000000002012f78                std::runtime_error::what() const
                0x0000000002012f78                std::logic_error::what() const
 .text._ZNSt11logic_errorD2Ev
                0x0000000002012f7c       0x44 /opt/devkitpro/devkitARM/bin/../lib/gcc/arm-none-eabi/11.2.0/../../../../arm-none-eabi/lib/thumb/libstdc++.a(stdexcept.o)
                0x0000000002012f7c                std::logic_error::~logic_error()
                0x0000000002012f7c                std::logic_error::~logic_error()
 .text._ZNSt12length_errorD2Ev
                0x0000000002012fc0       0x44 /opt/devkitpro/devkitARM/bin/../lib/gcc/arm-none-eabi/11.2.0/../../../../arm-none-eabi/lib/thumb/libstdc++.a(stdexcept.o)
                0x0000000002012fc0                std::length_error::~length_error()
                0x0000000002012fc0                std::length_error::~length_error()
 .text._ZNSt11logic_errorD0Ev
                0x0000000002013004       0x4c /opt/devkitpro/devkitARM/bin/../lib/gcc/arm-none-eabi/11.2.0/../../../../arm-none-eabi/lib/thumb/libstdc++.a(stdexcept.o)
                0x0000000002013004                std::logic_error::~logic_error()
 .text._ZNSt12length_errorD0Ev
                0x0000000002013050       0x4c /opt/devkitpro/devkitARM/bin/../lib/gcc/arm-none-eabi/11.2.0/../../../../arm-none-eabi/lib/thumb/libstdc++.a(stdexcept.o)
                0x0000000002013050                std::length_error::~length_error()
 .text._ZNSt11logic_errorC2EPKc
                0x000000000201309c       0x8c /opt/devkitpro/devkitARM/bin/../lib/gcc/arm-none-eabi/11.2.0/../../../../arm-none-eabi/lib/thumb/libstdc++.a(cow-stdexcept.o)
                0x000000000201309c                std::logic_error::logic_error(char const*)
                0x000000000201309c                std::logic_error::logic_error(char const*)
 .text._ZNSt12length_errorC2EPKc
                0x0000000002013128       0x18 /opt/devkitpro/devkitARM/bin/../lib/gcc/arm-none-eabi/11.2.0/../../../../arm-none-eabi/lib/thumb/libstdc++.a(cow-stdexcept.o)
                0x0000000002013128                std::length_error::length_error(char const*)
                0x0000000002013128                std::length_error::length_error(char const*)
 .text._ZNSs4_Rep9_S_createEjjRKSaIcE
                0x0000000002013140       0x64 /opt/devkitpro/devkitARM/bin/../lib/gcc/arm-none-eabi/11.2.0/../../../../arm-none-eabi/lib/thumb/libstdc++.a(cow-string-inst.o)
                0x0000000002013140                std::string::_Rep::_S_create(unsigned int, unsigned int, std::allocator<char> const&)
 .text._ZNSs4_Rep10_M_destroyERKSaIcE
                0x00000000020131a4        0xc /opt/devkitpro/devkitARM/bin/../lib/gcc/arm-none-eabi/11.2.0/../../../../arm-none-eabi/lib/thumb/libstdc++.a(cow-string-inst.o)
                0x00000000020131a4                std::string::_Rep::_M_destroy(std::allocator<char> const&)
 .text._ZNK10__cxxabiv117__class_type_info11__do_upcastEPKS0_PPv
                0x00000000020131b0       0x3c /opt/devkitpro/devkitARM/bin/../lib/gcc/arm-none-eabi/11.2.0/../../../../arm-none-eabi/lib/thumb/libstdc++.a(class_type_info.o)
                0x00000000020131b0                __cxxabiv1::__class_type_info::__do_upcast(__cxxabiv1::__class_type_info const*, void**) const
 .text._ZNK10__cxxabiv117__class_type_info20__do_find_public_srcEiPKvPKS0_S2_
                0x00000000020131ec       0x14 /opt/devkitpro/devkitARM/bin/../lib/gcc/arm-none-eabi/11.2.0/../../../../arm-none-eabi/lib/thumb/libstdc++.a(class_type_info.o)
                0x00000000020131ec                __cxxabiv1::__class_type_info::__do_find_public_src(int, void const*, __cxxabiv1::__class_type_info const*, void const*) const
 .text._ZN10__cxxabiv117__class_type_infoD2Ev
                0x0000000002013200       0x1c /opt/devkitpro/devkitARM/bin/../lib/gcc/arm-none-eabi/11.2.0/../../../../arm-none-eabi/lib/thumb/libstdc++.a(class_type_info.o)
                0x0000000002013200                __cxxabiv1::__class_type_info::~__class_type_info()
                0x0000000002013200                __cxxabiv1::__class_type_info::~__class_type_info()
 .text._ZN10__cxxabiv117__class_type_infoD0Ev
                0x000000000201321c       0x24 /opt/devkitpro/devkitARM/bin/../lib/gcc/arm-none-eabi/11.2.0/../../../../arm-none-eabi/lib/thumb/libstdc++.a(class_type_info.o)
                0x000000000201321c                __cxxabiv1::__class_type_info::~__class_type_info()
 .text._ZNK10__cxxabiv117__class_type_info12__do_dyncastEiNS0_10__sub_kindEPKS0_PKvS3_S5_RNS0_16__dyncast_resultE
                0x0000000002013240       0x44 /opt/devkitpro/devkitARM/bin/../lib/gcc/arm-none-eabi/11.2.0/../../../../arm-none-eabi/lib/thumb/libstdc++.a(class_type_info.o)
                0x0000000002013240                __cxxabiv1::__class_type_info::__do_dyncast(int, __cxxabiv1::__class_type_info::__sub_kind, __cxxabiv1::__class_type_info const*, void const*, __cxxabiv1::__class_type_info const*, void const*, __cxxabiv1::__class_type_info::__dyncast_result&) const
 .text._ZNK10__cxxabiv117__class_type_info11__do_upcastEPKS0_PKvRNS0_15__upcast_resultE
                0x0000000002013284       0x20 /opt/devkitpro/devkitARM/bin/../lib/gcc/arm-none-eabi/11.2.0/../../../../arm-none-eabi/lib/thumb/libstdc++.a(class_type_info.o)
                0x0000000002013284                __cxxabiv1::__class_type_info::__do_upcast(__cxxabiv1::__class_type_info const*, void const*, __cxxabiv1::__class_type_info::__upcast_result&) const
 .text._ZNK10__cxxabiv117__class_type_info10__do_catchEPKSt9type_infoPPvj
                0x00000000020132a4       0x2c /opt/devkitpro/devkitARM/bin/../lib/gcc/arm-none-eabi/11.2.0/../../../../arm-none-eabi/lib/thumb/libstdc++.a(class_type_info.o)
                0x00000000020132a4                __cxxabiv1::__class_type_info::__do_catch(std::type_info const*, void**, unsigned int) const
 .text._ZN10__cxxabiv1L24__is_gxx_exception_classEPc
                0x00000000020132d0       0x3c /opt/devkitpro/devkitARM/bin/../lib/gcc/arm-none-eabi/11.2.0/../../../../arm-none-eabi/lib/thumb/libstdc++.a(eh_call.o)
 .text.__cxa_call_terminate
                0x000000000201330c       0x20 /opt/devkitpro/devkitARM/bin/../lib/gcc/arm-none-eabi/11.2.0/../../../../arm-none-eabi/lib/thumb/libstdc++.a(eh_call.o)
                0x000000000201330c                __cxa_call_terminate
 .text.unlikely.__cxa_call_unexpected
                0x000000000201332c      0x104 /opt/devkitpro/devkitARM/bin/../lib/gcc/arm-none-eabi/11.2.0/../../../../arm-none-eabi/lib/thumb/libstdc++.a(eh_call.o)
                0x000000000201332c                __cxa_call_unexpected
 .text._ZSt15get_new_handlerv
                0x0000000002013430        0xc /opt/devkitpro/devkitARM/bin/../lib/gcc/arm-none-eabi/11.2.0/../../../../arm-none-eabi/lib/thumb/libstdc++.a(new_handler.o)
                0x0000000002013430                std::get_new_handler()
 .text.__muldi3
                0x000000000201343c       0x54 /opt/devkitpro/devkitARM/bin/../lib/gcc/arm-none-eabi/11.2.0/thumb/libgcc.a(_muldi3.o)
                0x000000000201343c                __aeabi_lmul
                0x000000000201343c                __muldi3
 .text.__udivmoddi4
                0x0000000002013490      0x19c /opt/devkitpro/devkitARM/bin/../lib/gcc/arm-none-eabi/11.2.0/thumb/libgcc.a(_udivmoddi4.o)
                0x0000000002013490                __udivmoddi4
 .text.selfrel_offset31
                0x000000000201362c       0x18 /opt/devkitpro/devkitARM/bin/../lib/gcc/arm-none-eabi/11.2.0/thumb/libgcc.a(unwind-arm.o)
 .text.search_EIT_table
                0x0000000002013644       0x74 /opt/devkitpro/devkitARM/bin/../lib/gcc/arm-none-eabi/11.2.0/thumb/libgcc.a(unwind-arm.o)
 .text.__gnu_unwind_get_pr_addr
                0x00000000020136b8       0x2c /opt/devkitpro/devkitARM/bin/../lib/gcc/arm-none-eabi/11.2.0/thumb/libgcc.a(unwind-arm.o)
 .text.get_eit_entry
                0x00000000020136e4       0x98 /opt/devkitpro/devkitARM/bin/../lib/gcc/arm-none-eabi/11.2.0/thumb/libgcc.a(unwind-arm.o)
 .text.restore_non_core_regs
                0x000000000201377c       0x5c /opt/devkitpro/devkitARM/bin/../lib/gcc/arm-none-eabi/11.2.0/thumb/libgcc.a(unwind-arm.o)
 .text._Unwind_decode_typeinfo_ptr.constprop.0
                0x00000000020137d8        0xc /opt/devkitpro/devkitARM/bin/../lib/gcc/arm-none-eabi/11.2.0/thumb/libgcc.a(unwind-arm.o)
 .text._Unwind_DebugHook
                0x00000000020137e4        0x4 /opt/devkitpro/devkitARM/bin/../lib/gcc/arm-none-eabi/11.2.0/thumb/libgcc.a(unwind-arm.o)
 .text.unwind_phase2
                0x00000000020137e8       0x40 /opt/devkitpro/devkitARM/bin/../lib/gcc/arm-none-eabi/11.2.0/thumb/libgcc.a(unwind-arm.o)
 .text.unwind_phase2_forced
                0x0000000002013828       0xd8 /opt/devkitpro/devkitARM/bin/../lib/gcc/arm-none-eabi/11.2.0/thumb/libgcc.a(unwind-arm.o)
 .text.__gnu_Unwind_RaiseException
                0x0000000002013900       0x58 /opt/devkitpro/devkitARM/bin/../lib/gcc/arm-none-eabi/11.2.0/thumb/libgcc.a(unwind-arm.o)
                0x0000000002013900                __gnu_Unwind_RaiseException
 .text.__gnu_Unwind_ForcedUnwind
                0x0000000002013958       0x18 /opt/devkitpro/devkitARM/bin/../lib/gcc/arm-none-eabi/11.2.0/thumb/libgcc.a(unwind-arm.o)
                0x0000000002013958                __gnu_Unwind_ForcedUnwind
 .text.__gnu_Unwind_Resume
                0x0000000002013970       0x4c /opt/devkitpro/devkitARM/bin/../lib/gcc/arm-none-eabi/11.2.0/thumb/libgcc.a(unwind-arm.o)
                0x0000000002013970                __gnu_Unwind_Resume
 .text.__gnu_Unwind_Resume_or_Rethrow
                0x00000000020139bc       0x20 /opt/devkitpro/devkitARM/bin/../lib/gcc/arm-none-eabi/11.2.0/thumb/libgcc.a(unwind-arm.o)
                0x00000000020139bc                __gnu_Unwind_Resume_or_Rethrow
 .text._Unwind_Complete
                0x00000000020139dc        0x4 /opt/devkitpro/devkitARM/bin/../lib/gcc/arm-none-eabi/11.2.0/thumb/libgcc.a(unwind-arm.o)
                0x00000000020139dc                _Unwind_Complete
 .text._Unwind_DeleteException
                0x00000000020139e0       0x18 /opt/devkitpro/devkitARM/bin/../lib/gcc/arm-none-eabi/11.2.0/thumb/libgcc.a(unwind-arm.o)
                0x00000000020139e0                _Unwind_DeleteException
 .text._Unwind_VRS_Get
                0x00000000020139f8       0x38 /opt/devkitpro/devkitARM/bin/../lib/gcc/arm-none-eabi/11.2.0/thumb/libgcc.a(unwind-arm.o)
                0x00000000020139f8                _Unwind_VRS_Get
 .text._Unwind_GetGR
                0x0000000002013a30       0x1c /opt/devkitpro/devkitARM/bin/../lib/gcc/arm-none-eabi/11.2.0/thumb/libgcc.a(unwind-arm.o)
 .text._Unwind_VRS_Set
                0x0000000002013a4c       0x38 /opt/devkitpro/devkitARM/bin/../lib/gcc/arm-none-eabi/11.2.0/thumb/libgcc.a(unwind-arm.o)
                0x0000000002013a4c                _Unwind_VRS_Set
 .text._Unwind_SetGR
                0x0000000002013a84       0x1c /opt/devkitpro/devkitARM/bin/../lib/gcc/arm-none-eabi/11.2.0/thumb/libgcc.a(unwind-arm.o)
 .text.__gnu_Unwind_Backtrace
                0x0000000002013aa0       0x78 /opt/devkitpro/devkitARM/bin/../lib/gcc/arm-none-eabi/11.2.0/thumb/libgcc.a(unwind-arm.o)
                0x0000000002013aa0                __gnu_Unwind_Backtrace
 .text.__gnu_unwind_pr_common
                0x0000000002013b18      0x2d0 /opt/devkitpro/devkitARM/bin/../lib/gcc/arm-none-eabi/11.2.0/thumb/libgcc.a(unwind-arm.o)
 .text.__aeabi_unwind_cpp_pr0
                0x0000000002013de8       0x10 /opt/devkitpro/devkitARM/bin/../lib/gcc/arm-none-eabi/11.2.0/thumb/libgcc.a(unwind-arm.o)
                0x0000000002013de8                __aeabi_unwind_cpp_pr0
 .text.__aeabi_unwind_cpp_pr1
                0x0000000002013df8       0x10 /opt/devkitpro/devkitARM/bin/../lib/gcc/arm-none-eabi/11.2.0/thumb/libgcc.a(unwind-arm.o)
                0x0000000002013df8                __aeabi_unwind_cpp_pr1
 .text.__aeabi_unwind_cpp_pr2
                0x0000000002013e08       0x10 /opt/devkitpro/devkitARM/bin/../lib/gcc/arm-none-eabi/11.2.0/thumb/libgcc.a(unwind-arm.o)
                0x0000000002013e08                __aeabi_unwind_cpp_pr2
 .text._Unwind_VRS_Pop
                0x0000000002013e18      0x2c8 /opt/devkitpro/devkitARM/bin/../lib/gcc/arm-none-eabi/11.2.0/thumb/libgcc.a(unwind-arm.o)
                0x0000000002013e18                _Unwind_VRS_Pop
 .text.next_unwind_byte
                0x00000000020140e0       0x34 /opt/devkitpro/devkitARM/bin/../lib/gcc/arm-none-eabi/11.2.0/thumb/libgcc.a(pr-support.o)
 .text._Unwind_GetGR.constprop.0
                0x0000000002014114       0x1c /opt/devkitpro/devkitARM/bin/../lib/gcc/arm-none-eabi/11.2.0/thumb/libgcc.a(pr-support.o)
 .text.unwind_UCB_from_context
                0x0000000002014130        0xc /opt/devkitpro/devkitARM/bin/../lib/gcc/arm-none-eabi/11.2.0/thumb/libgcc.a(pr-support.o)
 .text.__gnu_unwind_execute
                0x000000000201413c      0x2fc /opt/devkitpro/devkitARM/bin/../lib/gcc/arm-none-eabi/11.2.0/thumb/libgcc.a(pr-support.o)
                0x000000000201413c                __gnu_unwind_execute
 .text.__gnu_unwind_frame
                0x0000000002014438       0x2c /opt/devkitpro/devkitARM/bin/../lib/gcc/arm-none-eabi/11.2.0/thumb/libgcc.a(pr-support.o)
                0x0000000002014438                __gnu_unwind_frame
 .text._Unwind_GetRegionStart
                0x0000000002014464       0x10 /opt/devkitpro/devkitARM/bin/../lib/gcc/arm-none-eabi/11.2.0/thumb/libgcc.a(pr-support.o)
                0x0000000002014464                _Unwind_GetRegionStart
 .text._Unwind_GetLanguageSpecificData
                0x0000000002014474       0x18 /opt/devkitpro/devkitARM/bin/../lib/gcc/arm-none-eabi/11.2.0/thumb/libgcc.a(pr-support.o)
                0x0000000002014474                _Unwind_GetLanguageSpecificData
 .text.unlikely._Unwind_GetDataRelBase
                0x000000000201448c        0x6 /opt/devkitpro/devkitARM/bin/../lib/gcc/arm-none-eabi/11.2.0/thumb/libgcc.a(pr-support.o)
                0x000000000201448c                _Unwind_GetDataRelBase
 .text.unlikely._Unwind_GetTextRelBase
                0x0000000002014492        0x6 /opt/devkitpro/devkitARM/bin/../lib/gcc/arm-none-eabi/11.2.0/thumb/libgcc.a(pr-support.o)
                0x0000000002014492                _Unwind_GetTextRelBase
 .text.abort    0x0000000002014498       0x10 /opt/devkitpro/devkitARM/bin/../lib/gcc/arm-none-eabi/11.2.0/../../../../arm-none-eabi/lib/thumb/libg.a(lib_a-abort.o)
                0x0000000002014498                abort
 .text.calloc   0x00000000020144a8       0x18 /opt/devkitpro/devkitARM/bin/../lib/gcc/arm-none-eabi/11.2.0/../../../../arm-none-eabi/lib/thumb/libg.a(lib_a-calloc.o)
                0x00000000020144a8                calloc
 .text._calloc_r
                0x00000000020144c0       0xb0 /opt/devkitpro/devkitARM/bin/../lib/gcc/arm-none-eabi/11.2.0/../../../../arm-none-eabi/lib/thumb/libg.a(lib_a-callocr.o)
                0x00000000020144c0                _calloc_r
 .text.__errno  0x0000000002014570        0xc /opt/devkitpro/devkitARM/bin/../lib/gcc/arm-none-eabi/11.2.0/../../../../arm-none-eabi/lib/thumb/libg.a(lib_a-errno.o)
                0x0000000002014570                __errno
 .text._fclose_r
                0x000000000201457c       0xe8 /opt/devkitpro/devkitARM/bin/../lib/gcc/arm-none-eabi/11.2.0/../../../../arm-none-eabi/lib/thumb/libg.a(lib_a-fclose.o)
                0x000000000201457c                _fclose_r
 .text.fclose   0x0000000002014664       0x14 /opt/devkitpro/devkitARM/bin/../lib/gcc/arm-none-eabi/11.2.0/../../../../arm-none-eabi/lib/thumb/libg.a(lib_a-fclose.o)
                0x0000000002014664                fclose
 .text.__sflush_r
                0x0000000002014678      0x1c0 /opt/devkitpro/devkitARM/bin/../lib/gcc/arm-none-eabi/11.2.0/../../../../arm-none-eabi/lib/thumb/libg.a(lib_a-fflush.o)
                0x0000000002014678                __sflush_r
 .text._fflush_r
                0x0000000002014838       0x70 /opt/devkitpro/devkitARM/bin/../lib/gcc/arm-none-eabi/11.2.0/../../../../arm-none-eabi/lib/thumb/libg.a(lib_a-fflush.o)
                0x0000000002014838                _fflush_r
 .text.fflush   0x00000000020148a8       0x2c /opt/devkitpro/devkitARM/bin/../lib/gcc/arm-none-eabi/11.2.0/../../../../arm-none-eabi/lib/thumb/libg.a(lib_a-fflush.o)
                0x00000000020148a8                fflush
 .text._cleanup_r
                0x00000000020148d4       0x14 /opt/devkitpro/devkitARM/bin/../lib/gcc/arm-none-eabi/11.2.0/../../../../arm-none-eabi/lib/thumb/libg.a(lib_a-findfp.o)
                0x00000000020148d4                _cleanup_r
 .text.__sinit  0x00000000020148e8      0x124 /opt/devkitpro/devkitARM/bin/../lib/gcc/arm-none-eabi/11.2.0/../../../../arm-none-eabi/lib/thumb/libg.a(lib_a-findfp.o)
                0x00000000020148e8                __sinit
 .text.__sfp    0x0000000002014a0c       0xdc /opt/devkitpro/devkitARM/bin/../lib/gcc/arm-none-eabi/11.2.0/../../../../arm-none-eabi/lib/thumb/libg.a(lib_a-findfp.o)
                0x0000000002014a0c                __sfp
 .text.__sfp_lock_acquire
                0x0000000002014ae8       0x14 /opt/devkitpro/devkitARM/bin/../lib/gcc/arm-none-eabi/11.2.0/../../../../arm-none-eabi/lib/thumb/libg.a(lib_a-findfp.o)
                0x0000000002014ae8                __sfp_lock_acquire
 .text.__sfp_lock_release
                0x0000000002014afc       0x14 /opt/devkitpro/devkitARM/bin/../lib/gcc/arm-none-eabi/11.2.0/../../../../arm-none-eabi/lib/thumb/libg.a(lib_a-findfp.o)
                0x0000000002014afc                __sfp_lock_release
 .text._fopen_r
                0x0000000002014b10       0xb8 /opt/devkitpro/devkitARM/bin/../lib/gcc/arm-none-eabi/11.2.0/../../../../arm-none-eabi/lib/thumb/libg.a(lib_a-fopen.o)
                0x0000000002014b10                _fopen_r
 .text.fopen    0x0000000002014bc8       0x18 /opt/devkitpro/devkitARM/bin/../lib/gcc/arm-none-eabi/11.2.0/../../../../arm-none-eabi/lib/thumb/libg.a(lib_a-fopen.o)
                0x0000000002014bc8                fopen
 .text._fread_r
                0x0000000002014be0      0x1f4 /opt/devkitpro/devkitARM/bin/../lib/gcc/arm-none-eabi/11.2.0/../../../../arm-none-eabi/lib/thumb/libg.a(lib_a-fread.o)
                0x0000000002014be0                _fread_r
 .text.fread    0x0000000002014dd4       0x24 /opt/devkitpro/devkitARM/bin/../lib/gcc/arm-none-eabi/11.2.0/../../../../arm-none-eabi/lib/thumb/libg.a(lib_a-fread.o)
                0x0000000002014dd4                fread
 .text._malloc_trim_r
                0x0000000002014df8       0xa0 /opt/devkitpro/devkitARM/bin/../lib/gcc/arm-none-eabi/11.2.0/../../../../arm-none-eabi/lib/thumb/libg.a(lib_a-freer.o)
                0x0000000002014df8                _malloc_trim_r
 .text._free_r  0x0000000002014e98      0x1d8 /opt/devkitpro/devkitARM/bin/../lib/gcc/arm-none-eabi/11.2.0/../../../../arm-none-eabi/lib/thumb/libg.a(lib_a-freer.o)
                0x0000000002014e98                _free_r
 .text._fseek_r
                0x0000000002015070       0x18 /opt/devkitpro/devkitARM/bin/../lib/gcc/arm-none-eabi/11.2.0/../../../../arm-none-eabi/lib/thumb/libg.a(lib_a-fseek.o)
                0x0000000002015070                _fseek_r
 .text.fseek    0x0000000002015088       0x24 /opt/devkitpro/devkitARM/bin/../lib/gcc/arm-none-eabi/11.2.0/../../../../arm-none-eabi/lib/thumb/libg.a(lib_a-fseek.o)
                0x0000000002015088                fseek
 .text._fseeko_r
                0x00000000020150ac      0x41c /opt/devkitpro/devkitARM/bin/../lib/gcc/arm-none-eabi/11.2.0/../../../../arm-none-eabi/lib/thumb/libg.a(lib_a-fseeko.o)
                0x00000000020150ac                _fseeko_r
 .text.ftell    0x00000000020154c8       0x24 /opt/devkitpro/devkitARM/bin/../lib/gcc/arm-none-eabi/11.2.0/../../../../arm-none-eabi/lib/thumb/libg.a(lib_a-ftell.o)
                0x00000000020154c8                ftell
 .text._ftello_r
                0x00000000020154ec      0x11c /opt/devkitpro/devkitARM/bin/../lib/gcc/arm-none-eabi/11.2.0/../../../../arm-none-eabi/lib/thumb/libg.a(lib_a-ftello.o)
                0x00000000020154ec                _ftello_r
 .text._fwalk   0x0000000002015608       0x48 /opt/devkitpro/devkitARM/bin/../lib/gcc/arm-none-eabi/11.2.0/../../../../arm-none-eabi/lib/thumb/libg.a(lib_a-fwalk.o)
                0x0000000002015608                _fwalk
 .text._fwalk_reent
                0x0000000002015650       0x50 /opt/devkitpro/devkitARM/bin/../lib/gcc/arm-none-eabi/11.2.0/../../../../arm-none-eabi/lib/thumb/libg.a(lib_a-fwalk.o)
                0x0000000002015650                _fwalk_reent
 .text.__libc_init_array
                0x00000000020156a0       0x50 /opt/devkitpro/devkitARM/bin/../lib/gcc/arm-none-eabi/11.2.0/../../../../arm-none-eabi/lib/thumb/libg.a(lib_a-init.o)
                0x00000000020156a0                __libc_init_array
 .text.iprintf  0x00000000020156f0       0x24 /opt/devkitpro/devkitARM/bin/../lib/gcc/arm-none-eabi/11.2.0/../../../../arm-none-eabi/lib/thumb/libg.a(lib_a-iprintf.o)
                0x00000000020156f0                iprintf
 .text.localtime_r
                0x0000000002015714      0x244 /opt/devkitpro/devkitARM/bin/../lib/gcc/arm-none-eabi/11.2.0/../../../../arm-none-eabi/lib/thumb/libg.a(lib_a-lcltime_r.o)
                0x0000000002015714                localtime_r
 .text.__locale_mb_cur_max
                0x0000000002015958       0x10 /opt/devkitpro/devkitARM/bin/../lib/gcc/arm-none-eabi/11.2.0/../../../../arm-none-eabi/lib/thumb/libg.a(lib_a-locale.o)
                0x0000000002015958                __locale_mb_cur_max
 .text.__smakebuf_r
                0x0000000002015968       0xec /opt/devkitpro/devkitARM/bin/../lib/gcc/arm-none-eabi/11.2.0/../../../../arm-none-eabi/lib/thumb/libg.a(lib_a-makebuf.o)
                0x0000000002015968                __smakebuf_r
 .text.__swhatbuf_r
                0x0000000002015a54       0x5c /opt/devkitpro/devkitARM/bin/../lib/gcc/arm-none-eabi/11.2.0/../../../../arm-none-eabi/lib/thumb/libg.a(lib_a-makebuf.o)
                0x0000000002015a54                __swhatbuf_r
 .text.malloc   0x0000000002015ab0       0x14 /opt/devkitpro/devkitARM/bin/../lib/gcc/arm-none-eabi/11.2.0/../../../../arm-none-eabi/lib/thumb/libg.a(lib_a-malloc.o)
                0x0000000002015ab0                malloc
 .text.free     0x0000000002015ac4       0x14 /opt/devkitpro/devkitARM/bin/../lib/gcc/arm-none-eabi/11.2.0/../../../../arm-none-eabi/lib/thumb/libg.a(lib_a-malloc.o)
                0x0000000002015ac4                free
 .text._malloc_r
                0x0000000002015ad8      0x58c /opt/devkitpro/devkitARM/bin/../lib/gcc/arm-none-eabi/11.2.0/../../../../arm-none-eabi/lib/thumb/libg.a(lib_a-mallocr.o)
                0x0000000002015ad8                _malloc_r
 .text._mbrtowc_r
                0x0000000002016064       0x60 /opt/devkitpro/devkitARM/bin/../lib/gcc/arm-none-eabi/11.2.0/../../../../arm-none-eabi/lib/thumb/libg.a(lib_a-mbrtowc.o)
                0x0000000002016064                _mbrtowc_r
 .text.mbrtowc  0x00000000020160c4       0x7c /opt/devkitpro/devkitARM/bin/../lib/gcc/arm-none-eabi/11.2.0/../../../../arm-none-eabi/lib/thumb/libg.a(lib_a-mbrtowc.o)
                0x00000000020160c4                mbrtowc
 .text.mbsrtowcs
                0x0000000002016140       0x28 /opt/devkitpro/devkitARM/bin/../lib/gcc/arm-none-eabi/11.2.0/../../../../arm-none-eabi/lib/thumb/libg.a(lib_a-mbsrtowcs.o)
                0x0000000002016140                mbsrtowcs
 .text.__utf8_mbtowc
                0x0000000002016168      0x294 /opt/devkitpro/devkitARM/bin/../lib/gcc/arm-none-eabi/11.2.0/../../../../arm-none-eabi/lib/thumb/libg.a(lib_a-mbtowc_r.o)
                0x0000000002016168                __utf8_mbtowc
 .text.memchr   0x00000000020163fc       0x78 /opt/devkitpro/devkitARM/bin/../lib/gcc/arm-none-eabi/11.2.0/../../../../arm-none-eabi/lib/thumb/libg.a(lib_a-memchr-stub.o)
                0x00000000020163fc                memchr
 .text.memcmp   0x0000000002016474       0x4c /opt/devkitpro/devkitARM/bin/../lib/gcc/arm-none-eabi/11.2.0/../../../../arm-none-eabi/lib/thumb/libg.a(lib_a-memcmp.o)
                0x0000000002016474                memcmp
 .text.memcpy   0x00000000020164c0       0xa8 /opt/devkitpro/devkitARM/bin/../lib/gcc/arm-none-eabi/11.2.0/../../../../arm-none-eabi/lib/thumb/libg.a(lib_a-memcpy-stub.o)
                0x00000000020164c0                memcpy
 .text.memmove  0x0000000002016568       0xbc /opt/devkitpro/devkitARM/bin/../lib/gcc/arm-none-eabi/11.2.0/../../../../arm-none-eabi/lib/thumb/libg.a(lib_a-memmove.o)
                0x0000000002016568                memmove
 .text.memset   0x0000000002016624       0xb0 /opt/devkitpro/devkitARM/bin/../lib/gcc/arm-none-eabi/11.2.0/../../../../arm-none-eabi/lib/thumb/libg.a(lib_a-memset.o)
                0x0000000002016624                memset
 .text.validate_structure
                0x00000000020166d4      0x1dc /opt/devkitpro/devkitARM/bin/../lib/gcc/arm-none-eabi/11.2.0/../../../../arm-none-eabi/lib/thumb/libg.a(lib_a-mktime.o)
 .text.mktime   0x00000000020168b0      0x450 /opt/devkitpro/devkitARM/bin/../lib/gcc/arm-none-eabi/11.2.0/../../../../arm-none-eabi/lib/thumb/libg.a(lib_a-mktime.o)
                0x00000000020168b0                mktime
 .text.__malloc_lock
                0x0000000002016d00       0x14 /opt/devkitpro/devkitARM/bin/../lib/gcc/arm-none-eabi/11.2.0/../../../../arm-none-eabi/lib/thumb/libg.a(lib_a-mlock.o)
                0x0000000002016d00                __malloc_lock
 .text.__malloc_unlock
                0x0000000002016d14       0x14 /opt/devkitpro/devkitARM/bin/../lib/gcc/arm-none-eabi/11.2.0/../../../../arm-none-eabi/lib/thumb/libg.a(lib_a-mlock.o)
                0x0000000002016d14                __malloc_unlock
 .text.realloc  0x0000000002016d28       0x18 /opt/devkitpro/devkitARM/bin/../lib/gcc/arm-none-eabi/11.2.0/../../../../arm-none-eabi/lib/thumb/libg.a(lib_a-realloc.o)
                0x0000000002016d28                realloc
 .text._realloc_r
                0x0000000002016d40      0x380 /opt/devkitpro/devkitARM/bin/../lib/gcc/arm-none-eabi/11.2.0/../../../../arm-none-eabi/lib/thumb/libg.a(lib_a-reallocr.o)
                0x0000000002016d40                _realloc_r
 .text.lflush   0x00000000020170c0       0x20 /opt/devkitpro/devkitARM/bin/../lib/gcc/arm-none-eabi/11.2.0/../../../../arm-none-eabi/lib/thumb/libg.a(lib_a-refill.o)
 .text.__srefill_r
                0x00000000020170e0      0x118 /opt/devkitpro/devkitARM/bin/../lib/gcc/arm-none-eabi/11.2.0/../../../../arm-none-eabi/lib/thumb/libg.a(lib_a-refill.o)
                0x00000000020170e0                __srefill_r
 .text.rewind   0x00000000020171f8       0x20 /opt/devkitpro/devkitARM/bin/../lib/gcc/arm-none-eabi/11.2.0/../../../../arm-none-eabi/lib/thumb/libg.a(lib_a-rewind.o)
                0x00000000020171f8                rewind
 .text.setvbuf  0x0000000002017218      0x1ac /opt/devkitpro/devkitARM/bin/../lib/gcc/arm-none-eabi/11.2.0/../../../../arm-none-eabi/lib/thumb/libg.a(lib_a-setvbuf.o)
                0x0000000002017218                setvbuf
 .text._raise_r
                0x00000000020173c4       0x64 /opt/devkitpro/devkitARM/bin/../lib/gcc/arm-none-eabi/11.2.0/../../../../arm-none-eabi/lib/thumb/libg.a(lib_a-signal.o)
                0x00000000020173c4                _raise_r
 .text.raise    0x0000000002017428       0x14 /opt/devkitpro/devkitARM/bin/../lib/gcc/arm-none-eabi/11.2.0/../../../../arm-none-eabi/lib/thumb/libg.a(lib_a-signal.o)
                0x0000000002017428                raise
 .text.siscanf  0x000000000201743c       0x4c /opt/devkitpro/devkitARM/bin/../lib/gcc/arm-none-eabi/11.2.0/../../../../arm-none-eabi/lib/thumb/libg.a(lib_a-siscanf.o)
                0x000000000201743c                siscanf
 .text.sprintf  0x0000000002017488       0x40 /opt/devkitpro/devkitARM/bin/../lib/gcc/arm-none-eabi/11.2.0/../../../../arm-none-eabi/lib/thumb/libg.a(lib_a-sprintf.o)
                0x0000000002017488                sprintf
 .text.__sread  0x00000000020174c8       0x34 /opt/devkitpro/devkitARM/bin/../lib/gcc/arm-none-eabi/11.2.0/../../../../arm-none-eabi/lib/thumb/libg.a(lib_a-stdio.o)
                0x00000000020174c8                __sread
 .text.__seofread
                0x00000000020174fc        0x4 /opt/devkitpro/devkitARM/bin/../lib/gcc/arm-none-eabi/11.2.0/../../../../arm-none-eabi/lib/thumb/libg.a(lib_a-stdio.o)
                0x00000000020174fc                __seofread
 .text.__swrite
                0x0000000002017500       0x4c /opt/devkitpro/devkitARM/bin/../lib/gcc/arm-none-eabi/11.2.0/../../../../arm-none-eabi/lib/thumb/libg.a(lib_a-stdio.o)
                0x0000000002017500                __swrite
 .text.__sseek  0x000000000201754c       0x40 /opt/devkitpro/devkitARM/bin/../lib/gcc/arm-none-eabi/11.2.0/../../../../arm-none-eabi/lib/thumb/libg.a(lib_a-stdio.o)
                0x000000000201754c                __sseek
 .text.__sclose
                0x000000000201758c       0x10 /opt/devkitpro/devkitARM/bin/../lib/gcc/arm-none-eabi/11.2.0/../../../../arm-none-eabi/lib/thumb/libg.a(lib_a-stdio.o)
                0x000000000201758c                __sclose
 .text.stpcpy   0x000000000201759c       0x50 /opt/devkitpro/devkitARM/bin/../lib/gcc/arm-none-eabi/11.2.0/../../../../arm-none-eabi/lib/thumb/libg.a(lib_a-stpcpy.o)
                0x000000000201759c                stpcpy
 .text.strcasecmp
                0x00000000020175ec       0x48 /opt/devkitpro/devkitARM/bin/../lib/gcc/arm-none-eabi/11.2.0/../../../../arm-none-eabi/lib/thumb/libg.a(lib_a-strcasecmp.o)
                0x00000000020175ec                strcasecmp
 .text.strchr   0x0000000002017634       0xc8 /opt/devkitpro/devkitARM/bin/../lib/gcc/arm-none-eabi/11.2.0/../../../../arm-none-eabi/lib/thumb/libg.a(lib_a-strchr.o)
                0x0000000002017634                strchr
 .text.strcpy   0x00000000020176fc       0x10 /opt/devkitpro/devkitARM/bin/../lib/gcc/arm-none-eabi/11.2.0/../../../../arm-none-eabi/lib/thumb/libg.a(lib_a-strcpy.o)
                0x00000000020176fc                strcpy
 .text.strdup   0x000000000201770c       0x14 /opt/devkitpro/devkitARM/bin/../lib/gcc/arm-none-eabi/11.2.0/../../../../arm-none-eabi/lib/thumb/libg.a(lib_a-strdup.o)
                0x000000000201770c                strdup
 .text._strdup_r
                0x0000000002017720       0x2c /opt/devkitpro/devkitARM/bin/../lib/gcc/arm-none-eabi/11.2.0/../../../../arm-none-eabi/lib/thumb/libg.a(lib_a-strdup_r.o)
                0x0000000002017720                _strdup_r
 .text.strlen   0x000000000201774c       0x60 /opt/devkitpro/devkitARM/bin/../lib/gcc/arm-none-eabi/11.2.0/../../../../arm-none-eabi/lib/thumb/libg.a(lib_a-strlen-stub.o)
                0x000000000201774c                strlen
 .text.strncasecmp
                0x00000000020177ac       0x54 /opt/devkitpro/devkitARM/bin/../lib/gcc/arm-none-eabi/11.2.0/../../../../arm-none-eabi/lib/thumb/libg.a(lib_a-strncasecmp.o)
                0x00000000020177ac                strncasecmp
 .text.strncmp  0x0000000002017800       0x78 /opt/devkitpro/devkitARM/bin/../lib/gcc/arm-none-eabi/11.2.0/../../../../arm-none-eabi/lib/thumb/libg.a(lib_a-strncmp.o)
                0x0000000002017800                strncmp
 .text.strncpy  0x0000000002017878       0x74 /opt/devkitpro/devkitARM/bin/../lib/gcc/arm-none-eabi/11.2.0/../../../../arm-none-eabi/lib/thumb/libg.a(lib_a-strncpy.o)
                0x0000000002017878                strncpy
 .text.strnlen  0x00000000020178ec       0x28 /opt/devkitpro/devkitARM/bin/../lib/gcc/arm-none-eabi/11.2.0/../../../../arm-none-eabi/lib/thumb/libg.a(lib_a-strnlen.o)
                0x00000000020178ec                strnlen
 .text.strpbrk  0x0000000002017914       0x3c /opt/devkitpro/devkitARM/bin/../lib/gcc/arm-none-eabi/11.2.0/../../../../arm-none-eabi/lib/thumb/libg.a(lib_a-strpbrk.o)